"report-def-1-rfile"
"Iteration" "report-def-1"
("Iteration" "report-def-1")
1 -222.9282827993343
2 -178.4434695680218
3 -162.1905682504697
4 -151.6437441347424
5 -141.308232539502
6 -137.4435559690825
7 -135.862574616964
8 -132.684934355354
9 -128.6385269733226
10 -123.801252894435
11 -118.5964052999273
12 -113.2856188852721
13 -108.3827409355942
14 -104.3255412738757
15 -101.1991335665155
16 -98.82873017269156
17 -96.90438789213165
18 -95.93601910535162
19 -94.83733098336303
20 -93.89921195438126
21 -93.11051291269803
22 -92.38632393771826
23 -91.65397053207019
24 -90.87055686688782
25 -90.02466372893805
26 -88.78144466215201
27 -88.28466734096935
28 -87.55208047877154
29 -87.12867640918863
30 -86.64259837517108
31 -86.3919151457908
32 -86.20499634419053
33 -86.05746300703693
34 -85.95578867946315
35 -85.67423030817773
36 -85.34486088412896
37 -84.80487040674959
38 -84.11753825065736
39 -83.33080620630439
40 -82.37997181676931
41 -81.63460858842592
42 -80.76593964289991
43 -80.15492887505668
44 -79.56479784056802
45 -79.01975205421024
46 -78.5261503031482
47 -78.08517717161546
48 -77.70978500534213
49 -77.39754784325731
50 -77.14688313398088
51 -76.9691283528003
52 -76.87153294277805
53 -76.85390894583536
54 -76.91484292977296
55 -77.04692011821446
56 -77.24242630131295
57 -77.49324918523024
58 -77.78447250229272
59 -78.1015432606832
60 -78.43328842751285
61 -78.76759664174816
62 -79.10072136021444
63 -79.42761278130806
64 -79.74402281731327
65 -80.04508981503763
66 -80.32995185579641
67 -80.59761479141967
68 -80.8474142513479
69 -81.08138209900926
70 -81.29412770687873
71 -81.47953579975668
72 -81.63665737390181
73 -81.76922005156899
74 -81.88622919921532
75 -81.99490327678841
76 -82.10259210922744
77 -82.21572571106982
78 -82.279291673049
79 -82.37750517369579
80 -82.42508772092052
81 -82.49226787662334
82 -82.50728296348804
83 -82.52433848687608
84 -82.52081852169226
85 -82.50960313616184
86 -82.50246446466014
87 -82.5191285159168
88 -82.5340789968524
89 -82.56112458257667
90 -82.60043306840174
91 -82.64098181399324
92 -82.69294827082614
93 -82.7469508417108
94 -82.8102555325834
95 -82.87493504839992
96 -82.95587172880133
97 -83.04373766464927
98 -83.13627333898303
99 -83.23193702149646
100 -83.32631323338404
101 -83.41589440928468
102 -83.49830124037908
103 -83.57198435219557
104 -83.63466216342458
105 -83.68520020666277
106 -83.72365663959732
107 -83.7484006416105
108 -83.75738110081667
109 -83.74672593122912
110 -83.73777565211442
111 -83.71247456539641
112 -83.67947942446307
113 -83.64508038029851
114 -83.59755746397222
115 -83.55379862360518
116 -83.50418671398293
117 -83.45883603322324
118 -83.41782093497849
119 -83.38162511040598
120 -83.35130342504614
121 -83.32747923011078
122 -83.31835280743999
123 -83.31249819980918
124 -83.32915436226261
125 -83.35256596122109
126 -83.37887341198243
127 -83.41831540889356
128 -83.46508642474063
129 -83.51607517076533
130 -83.56891490151557
131 -83.62173552741866
132 -83.67310456021671
133 -83.7201173619541
134 -83.76070696023689
135 -83.79248299383661
136 -83.81635533069026
137 -83.83755621380026
138 -83.84980129752591
139 -83.85768935866511
140 -83.85853450256546
141 -83.85576663823574
142 -83.84782295156808
143 -83.84123401682311
144 -83.82714030662513
145 -83.8085113107083
146 -83.7865681614807
147 -83.76205995271604
148 -83.73546714297854
149 -83.70759913251925
150 -83.67949521240642
151 -83.6522789661085
152 -83.62558115115908
153 -83.60325395469481
154 -83.57819272250201
155 -83.56184052313007
156 -83.5456768527611
157 -83.5376895021777
158 -83.53321992661557
159 -83.53652756163866
160 -83.54418549134955
161 -83.55723197528866
162 -83.57141187142649
163 -83.59267195175914
164 -83.61728742195609
165 -83.64390355315339
166 -83.67131554895516
167 -83.69839807722147
168 -83.72381745301732
169 -83.74677013132758
170 -83.76718951092471
171 -83.78123406659279
172 -83.79507538794796
173 -83.80216249659631
174 -83.80667310138145
175 -83.80593395573871
176 -83.801879273165
177 -83.79433249212788
178 -83.78376032158732
179 -83.77062573978257
180 -83.7573252160452
181 -83.74013908180321
182 -83.72087318202801
183 -83.70077953035255
184 -83.68058276170964
185 -83.66096501509969
186 -83.64228524960846
187 -83.62527815696532
188 -83.61077642475163
189 -83.59915313230181
190 -83.58671772534298
191 -83.57972194777965
192 -83.57365343783063
193 -83.5727921832322
194 -83.57389135150217
195 -83.57871543101221
196 -83.58310461123688
197 -83.59259816266139
198 -83.60479162388981
199 -83.61920435783058
200 -83.6350825535022
201 -83.6521620683873
202 -83.6694493749886
203 -83.68631845766349
204 -83.70180217666973
205 -83.7165388978157
206 -83.72645962961457
207 -83.73737715429532
208 -83.74291040260147
209 -83.74792842669103
210 -83.74846062124105
211 -83.74764727830043
212 -83.74372022703002
213 -83.73852999681546
214 -83.73169895068555
215 -83.7251754851771
216 -83.71652912314869
217 -83.70700965802894
218 -83.69692214913894
219 -83.68686412877194
220 -83.67697967476482
221 -83.66761345593777
222 -83.65872940193199
223 -83.65071953494501
224 -83.64365151661799
225 -83.63788591899947
226 -83.63333769016997
227 -83.63036765772732
228 -83.62887522006012
229 -83.62910863022557
230 -83.63071877370572
231 -83.63373789006056
232 -83.63780832743824
233 -83.64304463861382
234 -83.64893225463035
235 -83.65557705150057
236 -83.66269948948455
237 -83.67026756838742
238 -83.67773513635072
239 -83.68498505715962
240 -83.69221163741648
241 -83.69703934209156
242 -83.70227820781312
243 -83.70473306332524
244 -83.70690650726478
245 -83.70658802039246
246 -83.70525761033744
247 -83.70226386435124
248 -83.69860836758738
249 -83.6919112484793
250 -83.68568443089919
251 -83.67843876534428
252 -83.66857392293581
253 -83.66081542788973
254 -83.65023897986362
255 -83.64269553694885
256 -83.632676865989
257 -83.62657037561978
258 -83.61884850259874
259 -83.6152741036191
260 -83.61127826673462
261 -83.61081053253773
262 -83.61067281675537
263 -83.61268071329991
264 -83.61545169338231
265 -83.61947322470652
266 -83.62299043768978
267 -83.62626133465758
268 -83.6288605366466
269 -83.63088491491132
270 -83.63197391264646
271 -83.63222369121725
272 -83.63097938130123
273 -83.62820859319638
274 -83.62413947675988
275 -83.61950543140611
276 -83.61421902206656
277 -83.60924459215205
278 -83.60488366652439
279 -83.60156573718407
280 -83.5989167121927
281 -83.59728039525316
282 -83.59630789438702
283 -83.59705438415961
284 -83.59979041387344
285 -83.60514965653428
286 -83.61312222476894
287 -83.62568384492354
288 -83.64129583557437
289 -83.65964712898665
290 -83.68276881344912
291 -83.70899071628853
292 -83.73220062936159
293 -83.76379764665067
294 -83.7866593748046
295 -83.8161884646488
296 -83.83584928494844
297 -83.85885509740226
298 -83.87461567618962
299 -83.89034510768306
300 -83.90309820481663
301 -83.91365648878043
302 -83.92168232316592
303 -83.92756172751064
304 -83.93095145537127
305 -83.93351961275101
306 -83.93178920412007
307 -83.92845520742766
308 -83.92429129736632
309 -83.91801244299705
310 -83.90920637940319
311 -83.89954771547866
312 -83.88868048726498
313 -83.87555527620115
314 -83.8660755407513
315 -83.85327126595844
316 -83.84409751999468
317 -83.83183721126341
318 -83.82338997465558
319 -83.81191662149079
320 -83.80448885109593
321 -83.79424318802569
322 -83.78849571200766
323 -83.78059786248218
324 -83.77691486483111
325 -83.77183103456215
326 -83.77029248872364
327 -83.76846858989434
328 -83.76829432953764
329 -83.76956155706418
330 -83.77138754580179
331 -83.77432601475373
332 -83.777462533338
333 -83.78145745919588
334 -83.78554201022845
335 -83.79026869258595
336 -83.79466053600298
337 -83.79834867580153
338 -83.80332460800889
339 -83.80692658202284
340 -83.81174202527868
341 -83.81467792907742
342 -83.81841398642996
343 -83.82003057281013
344 -83.82183356161744
345 -83.82242682468488
346 -83.82158697852577
347 -83.81997099093647
348 -83.81697629731217
349 -83.81342412091205
350 -83.80873370948032
351 -83.80375318996458
352 -83.79790168268967
353 -83.79208782465233
354 -83.78572433460531
355 -83.77964972117314
356 -83.77331399037517
357 -83.76759110072666
358 -83.76192350448432
359 -83.75713064493706
360 -83.75262928663992
361 -83.74923557191013
362 -83.74696180136974
363 -83.74454835545097
364 -83.74320636180265
365 -83.74318691383844
366 -83.74283284164514
367 -83.74382760691589
368 -83.74517541571177
369 -83.74744809814032
370 -83.74988465728505
371 -83.75304929261537
372 -83.75616301430546
373 -83.75976598017866
374 -83.76306558082612
375 -83.76667097685511
376 -83.76980209214386
377 -83.77310071596075
378 -83.77580689661244
379 -83.77855374101651
380 -83.78062153000411
381 -83.78264596128953
382 -83.78396934311913
383 -83.7852894177596
384 -83.78600270426401
385 -83.78684464106288
386 -83.78704598073858
387 -83.78746212372899
388 -83.78770763317846
389 -83.78815595542855
390 -83.78826056487881
391 -83.78862565796638
392 -83.7886803383949
393 -83.78907230504097
394 -83.78909723232206
395 -83.78946881690364
396 -83.78948427682711
397 -83.78985176462422
398 -83.78985622656627
399 -83.79020772344859
400 -83.79020838119474
401 -83.79054286010499
402 -83.79049182998591
403 -83.79073077974363
404 -83.79055079770585
405 -83.79040623924007
406 -83.79028214628848
407 -83.79011425043359
408 -83.78969242490405
409 -83.78917751104299
410 -83.78849995357673
411 -83.78779039670573
412 -83.78693244502057
413 -83.78630816598377
414 -83.78523849350586
415 -83.78452431801821
416 -83.78350521378266
417 -83.78293483744423
418 -83.78212501102092
419 -83.78179829467138
420 -83.78125029627117
421 -83.78119162967948
422 -83.7809366617215
423 -83.78118948530911
424 -83.78125512561901
425 -83.78183217665399
426 -83.78236103430341
427 -83.78309772781697
428 -83.78360727357662
429 -83.78473381063429
430 -83.78538994931145
431 -83.78650076951917
432 -83.78731746462395
433 -83.78815262943448
434 -83.78878396003296
435 -83.78956565036916
436 -83.78982653547224
437 -83.79025770782425
438 -83.79014519078524
439 -83.7901914985335
440 -83.78967845163417
441 -83.7893318308231
442 -83.78844364213904
443 -83.78774440930793
444 -83.78653425548924
445 -83.78555694249195
446 -83.78412763458961
447 -83.78298812547565
448 -83.78147573409269
449 -83.78032483897736
450 -83.7788800742923
451 -83.77787131519193
452 -83.77664332055922
453 -83.7759134629197
454 -83.77501013693124
455 -83.77464365039003
456 -83.77413350735225
457 -83.7741833154526
458 -83.77409150718321
459 -83.77455784417086
460 -83.77486184065776
461 -83.77570424014152
462 -83.7763488410869
463 -83.77748081823366
464 -83.77834785196747
465 -83.7796192084959
466 -83.78055116973268
467 -83.78182514479046
468 -83.7827060168806
469 -83.78387680706712
470 -83.78458735448558
471 -83.7854298564617
472 -83.78602856714141
473 -83.78663452628672
474 -83.78696440501562
475 -83.78730303201212
476 -83.78734400073625
477 -83.78743780166965
478 -83.78722976147739
479 -83.78722266768027
480 -83.78676729673217
481 -83.78658412411978
482 -83.78601956113786
483 -83.78579584414737
484 -83.7852434889576
485 -83.78507722320181
486 -83.78461275442599
487 -83.78457172560279
488 -83.78426374601861
489 -83.78441180168429
490 -83.78430493410607
491 -83.78466877661137
492 -83.784776219092
493 -83.78533752218326
494 -83.78561325257513
495 -83.78630050291017
496 -83.78666666825137
497 -83.78740326422738
498 -83.78778763341913
499 -83.78850316818203
500 -83.78883638007505
501 -83.78946995393201
502 -83.78969108602689
503 -83.79006961029326
504 -83.79015269583397
505 -83.79047278887802
506 -83.79033852924974
507 -83.79042125553715
508 -83.79006925690636
509 -83.78994732238624
510 -83.78943051957157
511 -83.7892255320134
512 -83.78855796623589
513 -83.78820314266247
514 -83.78747148352187
515 -83.78711088265855
516 -83.78641745745534
517 -83.78612781168175
518 -83.78553009311076
519 -83.78535750278917
520 -83.78494825385516
521 -83.7849388272577
522 -83.78457358222423
523 -83.78474165578027
524 -83.78466248897071
525 -83.78491641389994
526 -83.78496548121711
527 -83.78530755568065
528 -83.78533535669763
529 -83.78573461462159
530 -83.78577110222375
531 -83.78612817278825
532 -83.78608286028016
533 -83.78632207413133
534 -83.78612827957193
535 -83.78620461044261
536 -83.78583141195844
537 -83.78571965691611
538 -83.78515039249734
539 -83.78484885004937
540 -83.7840988020415
541 -83.78363079584037
542 -83.78273867451014
543 -83.78216171493341
544 -83.78120942099768
545 -83.78061422201293
546 -83.77969013111571
547 -83.77915813945421
548 -83.7783337534613
549 -83.7779283405936
550 -83.77725965210338
551 -83.77703684523655
552 -83.77657271347908
553 -83.77663513508828
554 -83.77641148076495
555 -83.77660611527524
556 -83.77660537098161
557 -83.77699077143417
558 -83.77726847857988
559 -83.77782746588403
560 -83.77811799494685
561 -83.77885156310305
562 -83.77925142084288
563 -83.78000844978266
564 -83.78037942931127
565 -83.78106934558525
566 -83.78136413328727
567 -83.78184954487169
568 -83.78205496972933
569 -83.78241200877352
570 -83.78245442191479
571 -83.78266019568123
572 -83.78252882823709
573 -83.78259889800496
574 -83.78232920529985
575 -83.7823381229145
576 -83.78193118075659
577 -83.78183487946194
578 -83.78136245763943
579 -83.78124265771409
580 -83.78078421549837
581 -83.78071382286772
582 -83.78033087270495
583 -83.7803580028958
584 -83.78008792203842
585 -83.78024546023588
586 -83.78010800680893
587 -83.78040294083866
588 -83.78039662825734
589 -83.78081597882978
590 -83.78092015337967
591 -83.7814270907943
592 -83.78159611623173
593 -83.78213677279095
594 -83.78231751651867
595 -83.78284507284066
596 -83.78299293726748
597 -83.78346859795319
598 -83.78354754793686
599 -83.78394171159059
600 -83.78388389235306
601 -83.78413882472941
602 -83.7840416470557
603 -83.78418475116308
604 -83.78396690752859
605 -83.78400506921585
606 -83.78369716528168
607 -83.7836238973203
608 -83.78324397348963
609 -83.78318713691654
610 -83.78274284711691
611 -83.78265788900021
612 -83.78222227576758
613 -83.78217769585629
614 -83.78179852565054
615 -83.78182623954858
616 -83.78152799973131
617 -83.7816427585033
618 -83.78147583320825
619 -83.78166808655664
620 -83.78150591843158
621 -83.78178744409163
622 -83.78176448972582
623 -83.78208148010023
624 -83.78208795720337
625 -83.78237409302862
626 -83.78233627295249
627 -83.7826399953929
628 -83.78255739413851
629 -83.78280196662665
630 -83.78264488622052
631 -83.78280212491518
632 -83.78254281088769
633 -83.7825945579942
634 -83.7822248658039
635 -83.78217229743598
636 -83.78170423778342
637 -83.78156195452354
638 -83.78101789375916
639 -83.78081323632502
640 -83.78023454695456
641 -83.78001766267356
642 -83.7794547070277
643 -83.77927106208267
644 -83.77876244797041
645 -83.77864877032052
646 -83.77822620917203
647 -83.77821345011014
648 -83.77796337294114
649 -83.77804574509372
650 -83.77784984131387
651 -83.77806027111703
652 -83.77800874042379
653 -83.77833966762398
654 -83.77840676702738
655 -83.77882274893099
656 -83.77892056091049
657 -83.77944158085275
658 -83.77960707947508
659 -83.78014119747935
660 -83.78029216201016
661 -83.78079132924597
662 -83.78091321975893
663 -83.78129053440074
664 -83.78137299690118
665 -83.78169560977925
666 -83.78170736616968
667 -83.78195544719807
668 -83.78187694393391
669 -83.78205009425784
670 -83.78188670226909
671 -83.78200542260919
672 -83.78177054188134
673 -83.78186989330453
674 -83.78157543281532
675 -83.78162989856219
676 -83.78131338145795
677 -83.781371672551
678 -83.78107937022634
679 -83.78117654831937
680 -83.78093218153484
681 -83.78108712685042
682 -83.78090507855819
683 -83.78112790112095
684 -83.78101292857619
685 -83.78130305878362
686 -83.78125258189475
687 -83.78159952342406
688 -83.78159675258956
689 -83.78197444072984
690 -83.78199072862463
691 -83.78237164776078
692 -83.78238106872107
693 -83.78274290347457
694 -83.78272329653716
695 -83.7830455450619
696 -83.78297569936495
697 -83.78320617400885
698 -83.7830831847878
699 -83.78329198636756
700 -83.78309724235586
701 -83.78321518010279
702 -83.78294099044379
703 -83.78300272191417
704 -83.78264491178105
705 -83.782628505791
706 -83.78221974446257
707 -83.78217508296358
708 -83.78175449910589
709 -83.78170722438672
710 -83.78129569971333
711 -83.7812659938121
712 -83.78091212088638
713 -83.78090940677518
714 -83.7805558876027
715 -83.78060074171938
716 -83.78031504306384
717 -83.78042440453046
718 -83.78020828855145
719 -83.78037499093894
720 -83.78019045036166
721 -83.78042450500465
722 -83.78031038516292
723 -83.78059048720563
724 -83.78050486864018
725 -83.78079994903699
726 -83.7807226683687
727 -83.78101855749328
728 -83.78093548844359
729 -83.78121965988657
730 -83.78111787713772
731 -83.78136859892942
732 -83.78123989123213
733 -83.78148134388921
734 -83.78134730984445
735 -83.78148534621492
736 -83.78128635933993
737 -83.78145740256141
738 -83.78124459063456
739 -83.781393542272
740 -83.78116092741148
741 -83.78129799431204
742 -83.78106457610558
743 -83.78121078283348
744 -83.78099452454786
745 -83.7811657599745
746 -83.78097896007689
747 -83.78118641111081
748 -83.78103718367855
749 -83.78128583881103
750 -83.78117684384638
751 -83.78146595268899
752 -83.78139549174364
753 -83.78171842288549
754 -83.78167615294586
755 -83.78201666501616
756 -83.78198524444812
757 -83.78232682354263
758 -83.78229046400779
759 -83.78261978267167
760 -83.78256474440204
761 -83.78286887152012
762 -83.78278168363312
763 -83.78300955387539
764 -83.78291695974053
765 -83.78311044681601
766 -83.78297621415851
767 -83.78312625653601
768 -83.78293153380187
769 -83.78305396935028
770 -83.7828176648819
771 -83.78292910482506
772 -83.78263809868048
773 -83.7827069223938
774 -83.78238975550218
775 -83.78245122646096
776 -83.78213663042158
777 -83.78220576939145
778 -83.78192333575583
779 -83.78199469088455
780 -83.781694507117
781 -83.78178405861217
782 -83.78157279714317
783 -83.78169660189479
784 -83.78147760065575
785 -83.78161541209968
786 -83.78139233027781
787 -83.78157095180114
788 -83.78138418436851
789 -83.78158744985403
790 -83.78141475813275
791 -83.7816233464348
792 -83.78145232747724
793 -83.78165872769617
794 -83.78148273374646
795 -83.78168190245108
796 -83.78149581532134
797 -83.78168353129524
798 -83.78148432292667
799 -83.78165876664517
800 -83.78144621868013
801 -83.78160724767903
802 -83.7813833653446
803 -83.78153570057486
804 -83.78130881569611
805 -83.78146179041345
806 -83.78124038400497
807 -83.78140205489511
808 -83.78119241403854
809 -83.78136901735033
810 -83.78117610320814
811 -83.78137239336897
812 -83.78119988074512
813 -83.78141925105822
814 -83.78126913279532
815 -83.78151207742226
816 -83.78138373741518
817 -83.78164770607893
818 -83.7815384040814
819 -83.78181882596817
820 -83.78172313162113
821 -83.78201159837943
822 -83.78191991267914
823 -83.78220688388123
824 -83.78211014282722
825 -83.78238788920999
826 -83.7822785634082
827 -83.78254066349869
828 -83.78241248908859
829 -83.78262405550186
830 -83.78249148319921
831 -83.7827255937279
832 -83.7825640481087
833 -83.78271359238705
834 -83.78251870249898
835 -83.78269608973113
836 -83.78247660154571
837 -83.78262872951102
838 -83.78238745637398
839 -83.78252300459667
840 -83.78227177940464
841 -83.78240116263325
842 -83.7821473934971
843 -83.7822767675285
844 -83.78202539592262
845 -83.78215943698714
846 -83.7819141801201
847 -83.78205607886831
848 -83.78181952532049
849 -83.78197144538908
850 -83.78174556871819
851 -83.78190830825085
852 -83.78169233761173
853 -83.78186327339003
854 -83.78165396906235
855 -83.78182945855599
856 -83.78162322903258
857 -83.78180023411093
858 -83.78159430800056
859 -83.78177062353754
860 -83.7815629691533
861 -83.78173680935961
862 -83.78152594869319
863 -83.78169633031604
864 -83.78148197434756
865 -83.78164923330931
866 -83.78143252119877
867 -83.78159800923466
868 -83.7813806962956
869 -83.7815467125393
870 -83.78133235458498
871 -83.78150328987996
872 -83.78129603750332
873 -83.78147586587492
874 -83.78127863630121
875 -83.7814698671357
876 -83.78128442220267
877 -83.78148843882876
878 -83.7813155615739
879 -83.78153285392931
880 -83.78137243108348
881 -83.7816021327657
882 -83.78145287652262
883 -83.78169283180591
884 -83.7815522475571
885 -83.78179923341199
886 -83.78166433526394
887 -83.78191479538552
888 -83.78178137888408
889 -83.78203036586949
890 -83.78189341475898
891 -83.78213676842128
892 -83.78199242830846
893 -83.78222689067321
894 -83.78207218665963
895 -83.78229543366768
896 -83.78212842001976
897 -83.78233909484493
898 -83.78215891772734
899 -83.7823567994717
900 -83.78216386126319
901 -83.78234958316001
902 -83.78214496875948
903 -83.78232017983646
904 -83.78210667703732
905 -83.7822745607466
906 -83.78205541885833
907 -83.78221893329106
908 -83.78199667535033
909 -83.7821581202802
910 -83.78193459155341
911 -83.78209570644421
912 -83.78187257663926
913 -83.78203479890671
914 -83.78181314370576
915 -83.78197727771683
916 -83.78175790801197
917 -83.78192463180763
918 -83.78170788685263
919 -83.78187696259705
920 -83.78166230178002
921 -83.78183297834519
922 -83.78161954474179
923 -83.78179097371907
924 -83.78157795438136
925 -83.78174968918407
926 -83.78153692256788
927 -83.78170905010617
928 -83.78149677970376
929 -83.78166961902832
930 -83.78145844893101
931 -83.78163276788231
932 -83.78142370904528
933 -83.78160065758905
934 -83.78139488055803
935 -83.78157557653752
936 -83.78137443642788
937 -83.78156055670493
938 -83.7813655455095
939 -83.78155842299556
940 -83.78137035551106
941 -83.78157051270286
942 -83.78138947109849
943 -83.78159683109746
944 -83.78142258236758
945 -83.7816366362446
946 -83.78146842421386
947 -83.78168810706094
948 -83.78152475946067
949 -83.78174868923522
950 -83.78158880543555
951 -83.78181535410286
952 -83.78165727488398
953 -83.78188469563523
954 -83.78172681374365
955 -83.78195326899476
956 -83.78179347786002
957 -83.78201697870394
958 -83.78185337810521
959 -83.78207237326698
960 -83.78190361230054
961 -83.78211701604877
962 -83.78194219598316
963 -83.78214933950076
964 -83.78196799654592
965 -83.7821686421464
966 -83.78198074801749
967 -83.78217505843023
968 -83.78198091908084
969 -83.782169136595
970 -83.78196922732693
971 -83.78215203823459
972 -83.78194730500381
973 -83.7821256635475
974 -83.78191693294437
975 -83.78209169792807
976 -83.78187961174255
977 -83.78205148676435
978 -83.78183689627915
979 -83.78200674046099
980 -83.78179039635454
981 -83.78195893392078
982 -83.78174169782835
983 -83.78190981600956
984 -83.78169266881443
985 -83.78186126659925
986 -83.78164505792918
987 -83.781814900985
988 -83.78160031289836
989 -83.78177199702341
990 -83.78155956106505
991 -83.78173362480621
992 -83.7815238106531
993 -83.78170078204153
994 -83.78149412962306
995 -83.781674572824
996 -83.78147164395619
997 -83.78165606288894
998 -83.78145728528975
999 -83.78164607982896
1000 -83.78145174857147
1001 -83.78164496475441
1002 -83.78145502057868
1003 -83.78165250007778
1004 -83.78146671301559
1005 -83.78166826854799
1006 -83.7814863886579
1007 -83.78169167354201
1008 -83.7815131784343
1009 -83.78172159561866
1010 -83.78154584453856
1011 -83.78175675372542
1012 -83.78158311583017
1013 -83.78179589688449
1014 -83.78162379248451
1015 -83.78183784408051
1016 -83.78166667198862
1017 -83.78188134098937
1018 -83.78171043796169
1019 -83.78192501328712
1020 -83.78175367456781
1021 -83.78196743575096
1022 -83.78179505120144
1023 -83.78200732121294
1024 -83.78183312578857
1025 -83.7820431631099
1026 -83.78186637764996
1027 -83.78207347516815
1028 -83.78189340330695
1029 -83.78209693323316
1030 -83.7819129641469
1031 -83.78211233351006
1032 -83.78192391760362
1033 -83.78211865102796
1034 -83.78192540772096
1035 -83.78211520432247
1036 -83.78191693047089
1037 -83.78210159048082
1038 -83.78189818236942
1039 -83.78207776908593
1040 -83.78186945000508
1041 -83.78204442653205
1042 -83.78183193241063
1043 -83.78200326700752
1044 -83.78178762872533
1045 -83.78195646738631
1046 -83.78173890737463
1047 -83.78190656726233
1048 -83.78168848117002
1049 -83.78185636008041
1050 -83.78163929547905
1051 -83.78180891592589
1052 -83.78159437893463
1053 -83.78176712279078
1054 -83.78155634015951
1055 -83.78173323768904
1056 -83.781526994245
1057 -83.78170865471974
1058 -83.78150735027991
1059 -83.78169402964275
1060 -83.78149772923467
1061 -83.7816893241932
1062 -83.78149771206604
1063 -83.78169383163548
1064 -83.78150631124424
1065 -83.78170629979989
1066 -83.78152227742945
1067 -83.78172539575219
1068 -83.78154405886403
1069 -83.7817493752157
1070 -83.78156982561241
1071 -83.7817764828475
1072 -83.78159795912987
1073 -83.78180530478755
1074 -83.78162724963727
1075 -83.78183484552819
1076 -83.78165689602949
1077 -83.78186449765784
1078 -83.78168644686033
1079 -83.78189391264439
1080 -83.78171564357068
1081 -83.78192289359075
1082 -83.78174433517643
1083 -83.78195128929448
1084 -83.78177235966102
1085 -83.7819788813797
1086 -83.78179940982919
1087 -83.78200523844271
1088 -83.78182496974702
1089 -83.7820297170768
1090 -83.78184816834809
1091 -83.7820511968356
1092 -83.78186758133486
1093 -83.78206809967223
1094 -83.78188157538855
1095 -83.78207878057259
1096 -83.78188853039504
1097 -83.78208166654206
1098 -83.78188700206866
1099 -83.78207547130289
1100 -83.78187588807126
1101 -83.78205935360253
1102 -83.78185467721035
1103 -83.78203317438997
1104 -83.78182374549107
1105 -83.78199785499241
1106 -83.78178448156213
1107 -83.78195519530723
1108 -83.78173908446368
1109 -83.78190780960956
1110 -83.78169054561593
1111 -83.78185898446262
1112 -83.78164232488491
1113 -83.78181224462227
1114 -83.78159785207154
1115 -83.78177081203867
1116 -83.78156015225443
1117 -83.78173744148974
1118 -83.78153172203999
1119 -83.78171434461399
1120 -83.781514259312
1121 -83.78170262832846
1122 -83.78150824454923
1123 -83.7817021708903
1124 -83.78151301487311
1125 -83.78171187164718
1126 -83.78152722853646
1127 -83.78173017054664
1128 -83.78154903567471
1129 -83.78175497657139
1130 -83.78157623238077
1131 -83.78178405802245
1132 -83.78160663044433
1133 -83.78181519944624
1134 -83.78163803566933
1135 -83.7818463608463
1136 -83.78166861340154
1137 -83.78187598137775
1138 -83.78169709307079
1139 -83.78190312839887
1140 -83.78172286322499
1141 -83.78192751045806
1142 -83.78174590930314
1143 -83.78194932991394
1144 -83.78176658393821
1145 -83.78196901104231
1146 -83.78178532829921
1147 -83.78198693900659
1148 -83.78180243832142
1149 -83.78200326406565
1150 -83.78181792311631
1151 -83.78201780446902
1152 -83.78183141470085
1153 -83.78202998957026
1154 -83.78184212411739
1155 -83.78203884590727
1156 -83.78184884602506
1157 -83.78204303175583
1158 -83.78185016183393
1159 -83.78204113547481
1160 -83.78184471012342
1161 -83.78203190037117
1162 -83.78183144061518
1163 -83.78201449891827
1164 -83.78180986931167
1165 -83.78198891468875
1166 -83.78178043446681
1167 -83.78195595476161
1168 -83.78174431772381
1169 -83.78191719097481
1170 -83.78170351166928
1171 -83.78187500665021
1172 -83.78166070601874
1173 -83.78183230727291
1174 -83.78161893637372
1175 -83.78179223397311
1176 -83.78158132683767
1177 -83.78175780478463
1178 -83.7815506900712
1179 -83.78173150573457
1180 -83.78152913209928
1181 -83.78171502201101
1182 -83.78151791968622
1183 -83.78170920988205
1184 -83.78151753169664
1185 -83.78171418373003
1186 -83.78152761805832
1187 -83.78172906222069
1188 -83.78154683890848
1189 -83.78175213881747
1190 -83.7815732152889
1191 -83.7817812578981
1192 -83.78160447306735
1193 -83.7818140958039
1194 -83.78163829439501
1195 -83.78184836561948
1196 -83.7816724730461
1197 -83.78188190375241
1198 -83.78170495213806
1199 -83.78191288228669
1200 -83.78173417599615
1201 -83.78194008859802
1202 -83.78175926644298
1203 -83.7819629976623
1204 -83.78178001978421
1205 -83.78198166447146
1206 -83.78179668919478
1207 -83.78199645787743
1208 -83.78180968246438
1209 -83.78200776634282
1210 -83.7818193404913
1211 -83.78201584950816
1212 -83.78182579214085
1213 -83.78202065931833
1214 -83.78182889728902
1215 -83.78202195288529
1216 -83.78182832849423
1217 -83.78201934463213
1218 -83.78182358123604
1219 -83.78201222475244
1220 -83.78181394998907
1221 -83.78199991384609
1222 -83.78179880665053
1223 -83.78198190568962
1224 -83.78177793757762
1225 -83.78195828670958
1226 -83.78175167220839
1227 -83.78192961173775
1228 -83.78172083855051
1229 -83.78189699092724
1230 -83.78168686029306
1231 -83.7818621384875
1232 -83.78165166571736
1233 -83.78182715025051
1234 -83.78161748695001
1235 -83.78179435752027
1236 -83.78158666858211
1237 -83.78176603762046
1238 -83.78156132206088
1239 -83.78174410911322
1240 -83.78154315459066
1241 -83.78172999308163
1242 -83.78153335357746
1243 -83.78172470459796
1244 -83.78153265637867
1245 -83.78172860735522
1246 -83.78154104033641
1247 -83.781741314679
1248 -83.78155779439368
1249 -83.78176181361945
1250 -83.7815816404246
1251 -83.78178859077262
1252 -83.78161086393112
1253 -83.78181976937378
1254 -83.78164347407531
1255 -83.78185328392081
1256 -83.78167737549376
1257 -83.78188706160991
1258 -83.78171057970093
1259 -83.78191924980567
1260 -83.78174141083556
1261 -83.78194838014271
1262 -83.78176861616696
1263 -83.78197343713403
1264 -83.78179139134762
1265 -83.78199381931732
1266 -83.78180931605129
1267 -83.78200925478819
1268 -83.78182224245543
1269 -83.78201969032416
1270 -83.78183018088433
1271 -83.78202514802427
1272 -83.78183313738278
1273 -83.78202562558177
1274 -83.78183111661178
1275 -83.78202113159612
1276 -83.78182415333693
1277 -83.78201171116615
1278 -83.78181229433198
1279 -83.78199741973759
1280 -83.7817956252606
1281 -83.78197839042201
1282 -83.78177435085713
1283 -83.78195502424632
1284 -83.78174907125941
1285 -83.78192804302385
1286 -83.78172062105007
1287 -83.7818984113523
1288 -83.78169012770121
1289 -83.78186743579171
1290 -83.78165906962803
1291 -83.7818366956475
1292 -83.78162907538497
1293 -83.78180786598335
1294 -83.78160184822941
1295 -83.78178263518762
1296 -83.78157896242548
1297 -83.78176241555516
1298 -83.78156168321195
1299 -83.7817482896405
1300 -83.78155091695444
1301 -83.78174108973512
1302 -83.78154738805003
1303 -83.78174130152421
1304 -83.78155132490156
1305 -83.78174890562295
1306 -83.78156247561724
1307 -83.78176344175964
1308 -83.78158017620513
1309 -83.78178405096756
1310 -83.7816033793131
1311 -83.78180951927294
1312 -83.7816307356799
1313 -83.7818383786516
1314 -83.78166069630987
1315 -83.78186903256034
1316 -83.78169165527257
1317 -83.78189990692428
1318 -83.78172210356432
1319 -83.78192958991441
1320 -83.78175073555568
1321 -83.78195689329357
1322 -83.78177647398917
1323 -83.78198084504552
1324 -83.7817984434442
1325 -83.78200065759398
1326 -83.78181593591435
1327 -83.78201570339812
1328 -83.78182840675311
1329 -83.78202548885463
1330 -83.78183539956459
1331 -83.7820296098138
1332 -83.78183658413809
1333 -83.78202781598809
1334 -83.78183179867261
1335 -83.7820200422743
1336 -83.78182107592586
1337 -83.78200639718972
1338 -83.78180459356342
1339 -83.78198718600109
1340 -83.78178277015768
1341 -83.78196297064879
1342 -83.78175642833465
1343 -83.78193479983824
1344 -83.78172674263806
1345 -83.78190394943999
1346 -83.78169510819193
1347 -83.78187194767136
1348 -83.78166318917738
1349 -83.78184054494767
1350 -83.78163275575457
1351 -83.78181149894783
1352 -83.78160553408216
1353 -83.78178647504551
1354 -83.78158304212873
1355 -83.78176678786795
1356 -83.78156639479384
1357 -83.78175332468561
1358 -83.78155624775285
1359 -83.78174663194582
1360 -83.78155305216079
1361 -83.7817469573159
1362 -83.78155682777364
1363 -83.78175411372314
1364 -83.78156721052709
1365 -83.78176756917171
1366 -83.78158351951093
1367 -83.78178648826702
1368 -83.7816047717829
1369 -83.78180976647461
1370 -83.78162975557797
1371 -83.78183611443342
1372 -83.78165713482318
1373 -83.78186417315689
1374 -83.78168555503697
1375 -83.7818926271886
1376 -83.78171376733681
1377 -83.78192032150814
1378 -83.78174071197664
1379 -83.78194629391518
1380 -83.78176551494674
1381 -83.78196974499537
1382 -83.78178743594466
1383 -83.78198997692898
1384 -83.78180580363676
1385 -83.7820063418116
1386 -83.78182000104238
1387 -83.78201822867541
1388 -83.78182941706295
1389 -83.78202503201811
1390 -83.78183349902412
1391 -83.78202626470603
1392 -83.78183181372125
1393 -83.78202158164143
1394 -83.78182410646299
1395 -83.78201082993783
1396 -83.7818103162459
1397 -83.78199406429439
1398 -83.7817906542829
1399 -83.78197165525278
1400 -83.78176571953971
1401 -83.78194448846287
1402 -83.78173662666293
1403 -83.78191382883884
1404 -83.78170478596816
1405 -83.78188124753805
1406 -83.78167193737681
1407 -83.78184860915469
1408 -83.78164000593884
1409 -83.78181786260734
1410 -83.78161093609856
1411 -83.78179090652365
1412 -83.7815864980449
1413 -83.78176930829781
1414 -83.78156803649473
1415 -83.78175417686427
1416 -83.7815563916246
1417 -83.78174616279534
1418 -83.78155207918017
1419 -83.78174557442125
1420 -83.78155514283932
1421 -83.78175220115281
1422 -83.78156515930098
1423 -83.78176543578289
1424 -83.78158135953004
1425 -83.78178435588049
1426 -83.78160268536462
1427 -83.78180776183423
1428 -83.78162782405258
1429 -83.78183425724308
1430 -83.78165531156051
1431 -83.78186235883764
1432 -83.78168369336511
1433 -83.78189066679391
1434 -83.78171164867736
1435 -83.78191798086776
1436 -83.78173810335213
1437 -83.78194336031648
1438 -83.78176223794131
1439 -83.78196609369058
1440 -83.78178342845851
1441 -83.78198562136564
1442 -83.78180115800565
1443 -83.78200144999975
1444 -83.78181495827943
1445 -83.78201312445997
1446 -83.78182435808377
1447 -83.7820201415436
1448 -83.78182888047871
1449 -83.78202205614295
1450 -83.78182812081106
1451 -83.78201852831475
1452 -83.78182179208655
1453 -83.7820093569124
1454 -83.78180975103872
1455 -83.78199446800645
1456 -83.78179206284207
1457 -83.78197405794423
1458 -83.78176909725909
1459 -83.78194878364323
1460 -83.78174177057343
1461 -83.78191971887993
1462 -83.78171130481579
1463 -83.78188825063681
1464 -83.78167927213525
1465 -83.78185611049659
1466 -83.78164750366935
1467 -83.78182518802711
1468 -83.78161792133642
1469 -83.78179740289923
1470 -83.78159236155315
1471 -83.78177442744504
1472 -83.78157230438481
1473 -83.78175753441803
1474 -83.78155877802823
1475 -83.78174756623442
1476 -83.78155249776547
1477 -83.78174504534923
1478 -83.78155371969716
1479 -83.78174996124156
1480 -83.78156219768775
1481 -83.78176185488087
1482 -83.7815772785161
1483 -83.7817798881205
1484 -83.78159795800686
1485 -83.7818028987876
1486 -83.78162293937842
1487 -83.78182946938639
1488 -83.78165071359686
1489 -83.78185804670069
1490 -83.78167972121821
1491 -83.78188709902238
1492 -83.78170849858718
1493 -83.78191526988059
1494 -83.78173580994965
1495 -83.7819414630635
1496 -83.78176069042019
1497 -83.78196484342516
1498 -83.78178241653816
1499 -83.78198478054549
1500 -83.78180043270416
1501 -83.78200077307676
1502 -83.78181428845082
1503 -83.78201241181034
1504 -83.78182358510567
1505 -83.78201928580469
1506 -83.78182793384956
1507 -83.78202103407413
1508 -83.78182702576584
1509 -83.78201740885908
1510 -83.78182067283453
1511 -83.78200830517234
1512 -83.78180882081872
1513 -83.78199372830953
1514 -83.78179158063068
1515 -83.78197390220024
1516 -83.78176931750383
1517 -83.78194942812135
1518 -83.78174287657045
1519 -83.78192131160084
1520 -83.78171339426029
1521 -83.781890826969
1522 -83.78168231169722
1523 -83.78185957455349
1524 -83.78165133377155
1525 -83.78182931266592
1526 -83.78162225512001
1527 -83.78180185209577
1528 -83.78159683130855
1529 -83.78177881170163
1530 -83.78157650330949
1531 -83.78176145076114
1532 -83.78156231039709
1533 -83.78175062755946
1534 -83.78155500654782
1535 -83.78174694260792
1536 -83.7815549514913
1537 -83.78175050212818
1538 -83.7815620294615
1539 -83.7817609855812
1540 -83.78157572794375
1541 -83.7817776945663
1542 -83.78159517604563
1543 -83.78179958891766
1544 -83.781619183968
1545 -83.781825352059
1546 -83.78164632994429
1547 -83.7818534955484
1548 -83.7816750996269
1549 -83.78188250907345
1550 -83.78170402554116
1551 -83.78191100667921
1552 -83.78173182134819
1553 -83.78193782146914
1554 -83.78175743501743
1555 -83.78196201900408
1556 -83.78178003533503
1557 -83.78198285766197
1558 -83.78179895749491
1559 -83.78199973456424
1560 -83.78181365768607
1561 -83.78201215938387
1562 -83.78182367610626
1563 -83.78201967824511
1564 -83.78182858872964
1565 -83.78202190810758
1566 -83.78182807688461
1567 -83.78201860063199
1568 -83.78182196555193
1569 -83.78200967597436
1570 -83.78181024631081
1571 -83.78199519312889
1572 -83.78179307650727
1573 -83.78197543098028
1574 -83.78177086931112
1575 -83.78195100972771
1576 -83.7817444906439
1577 -83.78192297061356
1578 -83.78171510499483
1579 -83.78189259848288
1580 -83.78168414706846
1581 -83.78186147929215
1582 -83.78165330569936
1583 -83.7818313475689
1584 -83.78162434126976
1585 -83.78180397478762
1586 -83.78159897798326
1587 -83.78178095463153
1588 -83.7815786237892
1589 -83.78176351744504
1590 -83.78156428944035
1591 -83.78175247478769
1592 -83.78155668464976
1593 -83.78174840934462
1594 -83.78155616727859
1595 -83.78175142855312
1596 -83.78156263241505
1597 -83.78176123759197
1598 -83.78157560545374
1599 -83.78177718493009
1600 -83.78159427162842
1601 -83.78179829206923
1602 -83.78161750659453
1603 -83.78182331270727
1604 -83.78164395755509
1605 -83.78185082407677
1606 -83.78167217315433
1607 -83.78187937388027
1608 -83.78170073447876
1609 -83.78190761458293
1610 -83.78172838464963
1611 -83.78193439930295
1612 -83.78175408276201
1613 -83.78195879509963
1614 -83.78177698983033
1615 -83.78198004308635
1616 -83.78179641513674
1617 -83.78199750594224
1618 -83.781811771009
1619 -83.78201064411215
1620 -83.78182254916607
1621 -83.78201895274749
1622 -83.78182826820466
1623 -83.78202198970494
1624 -83.78182855407799
1625 -83.78201945536567
1626 -83.78182317947564
1627 -83.78201121952782
1628 -83.78181209772441
1629 -83.78199731064321
1630 -83.7817954322645
1631 -83.78197798471038
1632 -83.78177357552482
1633 -83.78195382471179
1634 -83.78174737093502
1635 -83.78192587631801
1636 -83.78171799490102
1637 -83.78189543573617
1638 -83.78168689242865
1639 -83.78186410196079
1640 -83.78165577452904
1641 -83.78183364016675
1642 -83.7816264336987
1643 -83.78180585355452
1644 -83.78160063496986
1645 -83.78178238221093
1646 -83.78157982505442
1647 -83.7817644960615
1648 -83.78156504884046
1649 -83.78175301681243
1650 -83.78155701772279
1651 -83.78174853794036
1652 -83.78155610175524
1653 -83.78175117187344
1654 -83.78156219430279
1655 -83.7817606211449
1656 -83.7815748186249
1657 -83.78177623461289
1658 -83.78159316419283
1659 -83.78179703960761
1660 -83.78161611607442
1661 -83.7818217968363
1662 -83.78164232537877
1663 -83.78184908764686
1664 -83.78167034283696
1665 -83.78187746200183
1666 -83.78169875257103
1667 -83.78190557451825
1668 -83.78172630073146
1669 -83.78193228475604
1670 -83.78175195610339
1671 -83.78195667292869
1672 -83.781774895759
1673 -83.78197799843326
1674 -83.78179444820715
1675 -83.78199564207625
1676 -83.78181003991551
1677 -83.78200907416986
1678 -83.78182117159308
1679 -83.78201779498949
1680 -83.78182735641036
1681 -83.78202134861169
1682 -83.78182820236424
1683 -83.78201941053032
1684 -83.78182345312555
1685 -83.782011816862
1686 -83.78181302694756
1687 -83.781998560462
1688 -83.78179700048713
1689 -83.78197985183502
1690 -83.78177571655576
1691 -83.78195620622947
1692 -83.7817499586462
1693 -83.78192862919083
1694 -83.7817208696838
1695 -83.78189838410876
1696 -83.78168986299454
1697 -83.78186704405476
1698 -83.78165863679197
1699 -83.78183637449331
1700 -83.78162899219093
1701 -83.78180819581117
1702 -83.78160272240774
1703 -83.78178419049821
1704 -83.78158132611603
1705 -83.78176568052375
1706 -83.78156590746974
1707 -83.78175354482185
1708 -83.78155721707986
1709 -83.78174841758492
1710 -83.7815556775611
1711 -83.78175046168417
1712 -83.78156122321559
1713 -83.78175941263881
1714 -83.78157340302512
1715 -83.78177463994959
1716 -83.78159142256425
1717 -83.78179518395595
1718 -83.78161417658114
1719 -83.78181980623269
1720 -83.78164031125081
1721 -83.78184707883472
1722 -83.78166836018433
1723 -83.78187552845526
1724 -83.78169688088768
1725 -83.78190377865596
1726 -83.78172458662455
1727 -83.7819306581587
1728 -83.78175041865657
1729 -83.78195522449411
1730 -83.78177353730629
1731 -83.78197672768681
1732 -83.78179326827782
1733 -83.78199455200057
1734 -83.78180904472498
1735 -83.78200817741201
1736 -83.78182038488697
1737 -83.78201712549154
1738 -83.78182681708674
1739 -83.78202095247758
1740 -83.78182795896893
1741 -83.78201933628215
1742 -83.7818235577615
1743 -83.78201211527927
1744 -83.78181353233862
1745 -83.78199927926588
1746 -83.78179794355546
1747 -83.78198102153127
1748 -83.78177710806925
1749 -83.78195781024878
1750 -83.78175176301289
1751 -83.78193061568804
1752 -83.78172301677341
1753 -83.78190066341378
1754 -83.78169224028923
1755 -83.78186948316196
1756 -83.78166109816193
1757 -83.78183881691186
1758 -83.78163137188261
1759 -83.7818104706738
1760 -83.78160485047164
1761 -83.78178613870521
1762 -83.78158305596185
1763 -83.78176716800745
1764 -83.78156712801683
1765 -83.78175447679854
1766 -83.7815578436837
1767 -83.78174873069347
1768 -83.78155567444209
1769 -83.78175014596013
1770 -83.78156060453134
1771 -83.78175850512994
1772 -83.78157222687881
1773 -83.7817732179108
1774 -83.78158978370801
1775 -83.78179335835767
1776 -83.78161219854661
1777 -83.78181771105275
1778 -83.78163813509271
1779 -83.78184485853969
1780 -83.78166612922357
1781 -83.7818733217686
1782 -83.78169472556431
1783 -83.78190170327305
1784 -83.78172261052222
1785 -83.78192880183109
1786 -83.7817486938422
1787 -83.78195364301158
1788 -83.78177210543785
1789 -83.78197545010522
1790 -83.78179214756091
1791 -83.78199358814285
1792 -83.78180823766812
1793 -83.78200752455693
1794 -83.78181988750478
1795 -83.78201678140151
1796 -83.78182662714727
1797 -83.78202091594108
1798 -83.78182807381025
1799 -83.78201960389852
1800 -83.7818239754813
1801 -83.78201268529921
1802 -83.78181425178499
1803 -83.7820001535447
1804 -83.78179896643643
1805 -83.78198219658546
1806 -83.78177843072208
1807 -83.78195927151431
1808 -83.78175335260671
1809 -83.78193232182275
1810 -83.78172482555246
1811 -83.78190255773103
1812 -83.78169419811204
1813 -83.78187148231225
1814 -83.78166311300842
1815 -83.7818408207646
1816 -83.78163333467802
1817 -83.78181236329868
1818 -83.78160664307853
1819 -83.7817878080948
1820 -83.78158457298429
1821 -83.78176851411666
1822 -83.78156828349699
1823 -83.78175542055973
1824 -83.78155855837852
1825 -83.78174920343652
1826 -83.7815558965943
1827 -83.78175011229757
1828 -83.78156031424513
1829 -83.7817579606841
1830 -83.78157143561108
1831 -83.78177219007792
1832 -83.78158853480505
1833 -83.78179190617675
1834 -83.78161056557121
1835 -83.78181592181642
1836 -83.78163621704218
1837 -83.78184284056611
1838 -83.78166404078792
1839 -83.78187119376054
1840 -83.78169258600235
1841 -83.78189958141203
1842 -83.78172053112765
1843 -83.78192679072322
1844 -83.78174677137731
1845 -83.78195183028092
1846 -83.78177041921585
1847 -83.78197390647026
1848 -83.78179075971249
1849 -83.78199236774287
1850 -83.78180719426041
1851 -83.78200666491375
1852 -83.78181921922234
1853 -83.78201630966929
1854 -83.78182635583839
1855 -83.7820208470892
1856 -83.78182820717261
1857 -83.78201993847759
1858 -83.78182450728318
1859 -83.7820134101313
1860 -83.78181516245175
1861 -83.78200124681943
1862 -83.78180022889535
1863 -83.78198362216858
1864 -83.78178000621101
1865 -83.78196097838294
1866 -83.7817551720878
1867 -83.78193423403336
1868 -83.78172680958505
1869 -83.78190459086426
1870 -83.78169625416636
1871 -83.78187353641108
1872 -83.78166513830392
1873 -83.78184279138191
1874 -83.7816352227855
1875 -83.78181414403046
1876 -83.78160829141001
1877 -83.78178930768951
1878 -83.78158590166339
1879 -83.78176966129517
1880 -83.78156923769052
1881 -83.78175616877388
1882 -83.78155909135782
1883 -83.78174951480814
1884 -83.78155598471187
1885 -83.78174997618913
1886 -83.78155995749664
1887 -83.78175738729087
1888 -83.78157065428829
1889 -83.78177121037884
1890 -83.78158737022454
1891 -83.78179057225279
1892 -83.7816090799824
1893 -83.7818143047858
1894 -83.78163449002056
1895 -83.78184102610976
1896 -83.78166216151106
1897 -83.78186927328312
1898 -83.78169064562491
1899 -83.78189764340338
1900 -83.78171861477034
1901 -83.7819249157684
1902 -83.78174495494359
1903 -83.78195008968338
1904 -83.78176877029773
1905 -83.78197236411305
1906 -83.7817893388571
1907 -83.78199108164517
1908 -83.78180605638352
1909 -83.78200568586965
1910 -83.78181841204668
1911 -83.78201568502915
1912 -83.78182592336569
1913 -83.78202061501914
1914 -83.78182818087291
1915 -83.78202012286539
1916 -83.78182490364624
1917 -83.7820140183985
1918 -83.78181597976319
1919 -83.78200227206608
1920 -83.78180145119015
1921 -83.78198503541986
1922 -83.78178159742581
1923 -83.78196272714767
1924 -83.78175705789164
1925 -83.78193623328185
1926 -83.78172889792522
1927 -83.78190674081753
1928 -83.78169843507155
1929 -83.78187571809724
1930 -83.78166728893683
1931 -83.7818448800532
1932 -83.78163721718185
1933 -83.78181601530478
1934 -83.78161001093507
1935 -83.78179085669518
1936 -83.78158725578399
1937 -83.78177080936558
1938 -83.78157016775518
1939 -83.7817568692895
1940 -83.78155955480537
1941 -83.78174973778377
1942 -83.78155596912764
1943 -83.78174972514114
1944 -83.78155947906592
1945 -83.78175668995489
1946 -83.78156975166766
1947 -83.78177011616387
1948 -83.78158610233731
1949 -83.78178914986945
1950 -83.78160752399022
1951 -83.78181263820599
1952 -83.78163273617044
1953 -83.7818392088827
1954 -83.78166030343097
1955 -83.78186739764493
1956 -83.78168877205374
1957 -83.78189579237224
1958 -83.78171680227274
1959 -83.78192315819278
1960 -83.78174326545022
1961 -83.78194848108913
1962 -83.78176725418922
1963 -83.78197095063464
1964 -83.78178803894991
1965 -83.78198990417567
1966 -83.78180501180158
1967 -83.78200478143381
1968 -83.78181765917046
1969 -83.7820150925142
1970 -83.78182550036131
1971 -83.78202036966495
1972 -83.78182811901708
1973 -83.78202025116531
1974 -83.78182522459397
1975 -83.78201453529208
1976 -83.78181669224884
1977 -83.78200318275938
1978 -83.78180255264357
1979 -83.78198632538954
1980 -83.78178306650878
1981 -83.78196435869123
1982 -83.78175883479361
1983 -83.78193813472018
1984 -83.78173090220326
1985 -83.78190882221992
1986 -83.78170056481923
1987 -83.78187786589601
1988 -83.78166942310864
1989 -83.78184696924954
1990 -83.78163922812303
1991 -83.78181791726324
1992 -83.78161177323176
1993 -83.78179245774535
1994 -83.78158866846249
1995 -83.78177201935119
1996 -83.7815711599394
1997 -83.78175762927383
1998 -83.78156007250848
1999 -83.7817500073526
2000 -83.78155599038818
2001 -83.78174950008902
2002 -83.78155901459681
2003 -83.78175599445098
2004 -83.78156883872759
2005 -83.78176900015777
2006 -83.781584802507
2007 -83.78178768635094
2008 -83.78160591985591
2009 -83.78181091823153
2010 -83.78163092603876
2011 -83.7818373348461
2012 -83.78165839049633
2013 -83.78186547154299
2014 -83.78168685469672
2015 -83.78189390644373
2016 -83.78171496527602
2017 -83.78192138821214
2018 -83.781741576244
2019 -83.78194688614079
2020 -83.78176576460385
2021 -83.78196957621563
2022 -83.78178678906181
2023 -83.7819887863235
2024 -83.78180403423571
2025 -83.78200394921109
2026 -83.7818169811504
2027 -83.78201457486702
2028 -83.78182514974395
2029 -83.78202019148974
2030 -83.78182811704835
2031 -83.78202042980791
2032 -83.78182558454571
2033 -83.78201507847002
2034 -83.78181741694151
2035 -83.78200409126391
2036 -83.78180363708968
2037 -83.78198758415738
2038 -83.78178449075082
2039 -83.78196593331126
2040 -83.78176054424016
2041 -83.78193996024415
2042 -83.78173282417994
2043 -83.78191081738353
2044 -83.78170260775417
2045 -83.78187992761927
2046 -83.78167147442423
2047 -83.78184898150455
2048 -83.7816411704745
2049 -83.78181976066548
2050 -83.78161348866138
2051 -83.78179402441265
2052 -83.78159006006985
2053 -83.78177322147994
2054 -83.78157215733401
2055 -83.78175840675942
2056 -83.78156061927115
2057 -83.78175031561855
2058 -83.78155605846376
2059 -83.78174932801349
2060 -83.78155860725806
2061 -83.78175535812477
2062 -83.78156798489675
2063 -83.7817679412629
2064 -83.78158355606556
2065 -83.78178627071931
2066 -83.78160435698859
2067 -83.78180923164241
2068 -83.78162914079581
2069 -83.78183547667554
2070 -83.78165648442771
2071 -83.78186354348205
2072 -83.7816849274993
2073 -83.7818920035204
2074 -83.78171310550991
2075 -83.78191959104655
2076 -83.78173985705516
2077 -83.78194526012399
2078 -83.78176424427238
2079 -83.7819681730999
2080 -83.78178551373179
2081 -83.781987647905
2082 -83.78180304176631
2083 -83.78200310867085
2084 -83.7818163015689
2085 -83.7820140625988
2086 -83.78182481108898
2087 -83.78202003136165
2088 -83.78182813879799
2089 -83.78202063656865
2090 -83.78182597638886
2091 -83.78201565559304
2092 -83.78181817659329
2093 -83.78200503408883
2094 -83.78180475388099
2095 -83.78198887179383
2096 -83.78178593916975
2097 -83.78196752638073
2098 -83.78176226545934
2099 -83.7819417901686
2100 -83.78173474276795
2101 -83.78191280137682
2102 -83.78170463184728
2103 -83.78188196336426
2104 -83.78167349343572
2105 -83.78185095589893
2106 -83.78164307072925
2107 -83.78182155916468
2108 -83.78161515774374
2109 -83.78179554341132
2110 -83.78159140635175
2111 -83.78177437967869
2112 -83.78157311477003
2113 -83.78175915065466
2114 -83.78156113976927
2115 -83.7817506055856
2116 -83.78155611712251
2117 -83.78174915561746
2118 -83.78155820904661
2119 -83.78175474009909
2120 -83.7815671582805
2121 -83.78176691769072
2122 -83.78158235205288
2123 -83.78178490344472
2124 -83.78160284705669
2125 -83.7818076013142
2126 -83.7816274133459
2127 -83.78183367624055
2128 -83.78165463453441
2129 -83.78186166854425
2130 -83.78168304915322
2131 -83.78189014381961
2132 -83.78171128254274
2133 -83.78191782329124
2134 -83.78173815949451
2135 -83.78194364731837
2136 -83.78176272861407
2137 -83.78196676630976
2138 -83.78178422667685
2139 -83.78198649031886
2140 -83.7818020234846
2141 -83.78200223653619
2142 -83.78181558557891
2143 -83.78201351014752
2144 -83.78182442952786
2145 -83.78201982693014
2146 -83.78182811605609
2147 -83.78202079964137
2148 -83.78182632669559
2149 -83.78201619418465
2150 -83.78181890171265
2151 -83.78200594687689
2152 -83.78180584574002
2153 -83.78199013982166
2154 -83.78178737353568
2155 -83.78196911073884
2156 -83.7817639832342
2157 -83.78194362131006
2158 -83.78173666674775
2159 -83.78191479430217
2160 -83.78170666777756
2161 -83.78188401305165
2162 -83.78167552778415
2163 -83.78185294627932
2164 -83.78164498695674
2165 -83.78182337308778
2166 -83.78161684111342
2167 -83.78179707183671
2168 -83.78159276186665
2169 -83.78177554110934
2170 -83.78157407221411
2171 -83.78175989432611
2172 -83.78156165988361
2173 -83.78175089466237
2174 -83.78155617505021
2175 -83.78174898354966
2176 -83.78155781349881
2177 -83.78175412821118
2178 -83.78156634247159
2179 -83.78176591025118
2180 -83.78158116988109
2181 -83.78178356414193
2182 -83.78160137083948
2183 -83.78180601021735
2184 -83.78162572999761
2185 -83.78183192427529
2186 -83.78165283661372
2187 -83.78185984817449
2188 -83.78168122681726
2189 -83.78188834046196
2190 -83.78170951483608
2191 -83.78191610826354
2192 -83.78173651057858
2193 -83.78194207734192
2194 -83.7817612484222
2195 -83.78196538603312
2196 -83.7817829557942
2197 -83.78198533726535
2198 -83.78180099715819
2199 -83.7820013432639
2200 -83.78181483490096
2201 -83.78201290950416
2202 -83.78182398699558
2203 -83.78201954961933
2204 -83.7818280098319
2205 -83.78202087032074
2206 -83.7818265772884
2207 -83.78201662804346
2208 -83.78181951913494
2209 -83.78200674836521
2210 -83.78180682992956
2211 -83.78199130044507
2212 -83.78178870615193
2213 -83.78197060347634
2214 -83.78176562037523
2215 -83.78194538426669
2216 -83.78173853614133
