"report-def-0-rfile"
"Iteration" "report-def-0"
("Iteration" "report-def-0" "report-def-0(instantaneous values)")
1 -2.336858533549409 -2.336858533549409
2 -2.103701228187402 -1.870543922825396
3 -1.969191469091014 -1.700171950898237
4 -1.72011004494166 -1.589614261101347
5 -1.590352626313909 -1.481271666942144
6 -1.50388196692601 -1.440759972734538
7 -1.448739628182319 -1.424187244870276
8 -1.418608221950199 -1.390877448245782
9 -1.387841814493183 -1.348460750363491
10 -1.345697315166244 -1.297753746889459
11 -1.296469376723566 -1.243193632917748
12 -1.242823462994658 -1.187523009176765
13 -1.188948317150731 -1.136128309357679
14 -1.139083266439302 -1.09359848078346
15 -1.096850840831257 -1.060825732352631
16 -1.063467351904449 -1.035977842577254
17 -1.037536462993839 -1.015805814051631
18 -1.019146163077387 -1.005654832603275
19 -1.005199472630187 -0.9941377712356536
20 -0.9946988294834836 -0.9843038846115214
21 -0.9848259858122859 -0.9760363015896816
22 -0.9762617117499701 -0.9684449490487067
23 -0.9684164210108417 -0.9607680123941362
24 -0.960589598359333 -0.9525558336351561
25 -0.9523375187474042 -0.9436887102129201
26 -0.9423003795866723 -0.9306565949119406
27 -0.9332648010744894 -0.9254490980986068
28 -0.9246251357442959 -0.9177697142223397
29 -0.9188500563519194 -0.9133313567348107
30 -0.9131123622570335 -0.9082360158139492
31 -0.9090585290022902 -0.9056082144581099
32 -0.9058310192174458 -0.9036488273802773
33 -0.9037864475116404 -0.9021023006965333
34 -0.9022625405975022 -0.9010364937156956
35 -0.9004079454410094 -0.8980850419107989
36 -0.8979179812082195 -0.8946324079981632
37 -0.8938964589003335 -0.888971926792038
38 -0.8884570875876627 -0.8817669279727862
39 -0.8814196062927686 -0.8735199641134812
40 -0.8729465600260041 -0.8635527879917446
41 -0.864270742409491 -0.8557394751232467
42 -0.8553086220348076 -0.846633602989431
43 -0.8475339085401612 -0.8402286475078052
44 -0.8403016051760073 -0.834042565030785
45 -0.8342001012654715 -0.8283290912578236
46 -0.8285088462764505 -0.8231548825407423
47 -0.8233387767168002 -0.818532356351834
48 -0.8187615084306709 -0.8145972863994356
49 -0.8148179617195001 -0.8113242424072297
50 -0.8115393879987031 -0.808696635189443
51 -0.8089513960262944 -0.8068333104822099
52 -0.8071134022202092 -0.8058102609889742
53 -0.80608969596652 -0.8056255164283755
54 -0.8059000126111738 -0.8062642604161715
55 -0.8065128479925009 -0.8076487671329552
56 -0.807870399826629 -0.8096981719307601
57 -0.8098914587623413 -0.8123274372233081
58 -0.8124686038439045 -0.8153802023776452
59 -0.8154705181406031 -0.8187039148208561
60 -0.8187551899307334 -0.8221814525936988
61 -0.8221904083575984 -0.8256858576582399
62 -0.8256817223041065 -0.8291778566603804
63 -0.8291560763610925 -0.8326045147646566
64 -0.8325678908575124 -0.8359213011474997
65 -0.8358676897207115 -0.8390772532499774
66 -0.8390206301191432 -0.8420633359599521
67 -0.8420032390906801 -0.8448691280621106
68 -0.8448067097586504 -0.8474876652538887
69 -0.8474323466588064 -0.8499402466604202
70 -0.8498660922110819 -0.8521703647189369
71 -0.852074842361714 -0.8541139157057849
72 -0.8540150773531465 -0.8557609516347177
73 -0.8556751382869026 -0.8571505475202049
74 -0.8570962005961634 -0.8583771026335676
75 -0.8583479783499133 -0.8595162848959674
76 -0.8595128422663914 -0.8606451392696391
77 -0.8606641643056786 -0.8618310687514291
78 -0.8616578702071145 -0.8624974026002752
79 -0.862618467538567 -0.863526931263997
80 -0.8633500173045233 -0.8640257180492978
81 -0.8640941957349376 -0.8647299378915179
82 -0.8645476634477118 -0.8648873344023201
83 -0.8648944640666855 -0.8650661199062185
84 -0.8649942253258219 -0.8650292216689276
85 -0.8650023324402776 -0.8649116557456867
86 -0.8649259005420359 -0.8648368242114933
87 -0.8649199953478205 -0.8650115060862813
88 -0.8650055185531648 -0.8651682253617196
89 -0.8652104879053573 -0.8654517322680707
90 -0.8654945811197085 -0.8658637857293352
91 -0.8658681194274235 -0.8662888402848646
92 -0.8663287358895752 -0.8668335816545256
93 -0.866840696215372 -0.8673996667067262
94 -0.8674321700424789 -0.8680632617661853
95 -0.8680680656600085 -0.8687412685071143
96 -0.8687980740610716 -0.8695896919099153
97 -0.869613904016036 -0.8705107516310786
98 -0.8705270685650763 -0.8714807621542353
99 -0.8714916919960597 -0.8724835622028657
100 -0.8724790635412617 -0.8734728662666846
101 -0.873456111519935 -0.8744119060902552
102 -0.8743868375963691 -0.875275740432168
103 -0.875245258135974 -0.8760481278854991
104 -0.8760096733202473 -0.8767051516430748
105 -0.8766627330379094 -0.8772349195851549
106 -0.8771927041937554 -0.877638041353037
107 -0.877590127571361 -0.8778974217758913
108 -0.8778423410281504 -0.8779915599555228
109 -0.8779229494198355 -0.8778798665280922
110 -0.8778858237322064 -0.8777860447130035
111 -0.8777289119529392 -0.8775208246177216
112 -0.8774939401625884 -0.8771749511570395
113 -0.8771700456582772 -0.8768143612000699
114 -0.8767685039520661 -0.8763161994990883
115 -0.8763293518799286 -0.8758574949406273
116 -0.8758370432290356 -0.8753374352473905
117 -0.8753523247728556 -0.8748620441305488
118 -0.8748771934614918 -0.8744321010065358
119 -0.8744489404442616 -0.8740526761956997
120 -0.8740732015296384 -0.8737348273866793
121 -0.8737575308255828 -0.873485088894369
122 -0.8735364456417938 -0.8733894206443327
123 -0.8734008529740493 -0.8733280493834463
124 -0.8734067061970601 -0.873502648563401
125 -0.8735262533138414 -0.8737480619946766
126 -0.8737581806389813 -0.8740238313588666
127 -0.8740697259037683 -0.8744372843577622
128 -0.8744628933117986 -0.8749275642187675
129 -0.8749423017517444 -0.8754620566787038
130 -0.8754685243632837 -0.8760159521923803
131 -0.8760158854364942 -0.8765696474383988
132 -0.8765645753023555 -0.8771081262762874
133 -0.877092904795489 -0.8776009406717805
134 -0.8775784968053539 -0.8780264234679939
135 -0.8779956272352593 -0.8783595175660035
136 -0.8783319005809118 -0.8786097607087383
137 -0.8786004261529499 -0.878832000184108
138 -0.878800706956897 -0.8789603599778453
139 -0.8789451357313084 -0.8790430470319724
140 -0.8790184377704287 -0.8790519063014685
141 -0.8790392817793453 -0.879022892004595
142 -0.8790048067195778 -0.8789396218526696
143 -0.8789443556076267 -0.8788705529656158
144 -0.8788443298856495 -0.8787228148386632
145 -0.8787069677076172 -0.8785275353185725
146 -0.8785159550510707 -0.8782975149959757
147 -0.8782885522013153 -0.8780406062893974
148 -0.8780333223062389 -0.8777618456333434
149 -0.8777573898450642 -0.8774697176124522
150 -0.8774688933002861 -0.8771751166550629
151 -0.8771782183523191 -0.8768898207894426
152 -0.8768916322849089 -0.8766099594102211
153 -0.8766252311633543 -0.8763759132903991
154 -0.8763663600615267 -0.8761132074839595
155 -0.8761436384629434 -0.8759417946144717
156 -0.8759424533698404 -0.8757723580110902
157 -0.8758009275917403 -0.8756886301496591
158 -0.8757009219092547 -0.8756417775670144
159 -0.8756689525859565 -0.8756764500411954
160 -0.8756916507792042 -0.8757567247294024
161 -0.8757755533391741 -0.8758934852469242
162 -0.8758974455997568 -0.8760421268229435
163 -0.8760668663021564 -0.8762649868366009
164 -0.8762767111922836 -0.8765230199173063
165 -0.8765300105986032 -0.8768020250419026
166 -0.876804805940718 -0.8770893728629445
167 -0.8770882216421542 -0.8773732670216152
168 -0.8773674556578376 -0.8776397270889522
169 -0.8776311079895773 -0.877880329858164
170 -0.8778714780417243 -0.8780943771780561
171 -0.8780721023586816 -0.8782416000398245
172 -0.8782408899013704 -0.8783866924862305
173 -0.8783630920119686 -0.8784609835098508
174 -0.8784519807265881 -0.8785082661836833
175 -0.8784899225801824 -0.8785005180470131
176 -0.8784889329448849 -0.8784580146039586
177 -0.8784458125630276 -0.8783789050381109
178 -0.8783683337650096 -0.8782680816529593
179 -0.8782591281118562 -0.8781303976444989
180 -0.878129817812551 -0.8779909741401949
181 -0.8779773970950696 -0.8778108195005151
182 -0.8778035524132813 -0.8776088635991337
183 -0.8776059712801817 -0.8773982307408962
184 -0.8773978704310509 -0.8771865169531227
185 -0.8771885401636993 -0.8769808727970793
186 -0.8769841502774032 -0.8767850610820078
187 -0.8767909057117541 -0.8766067832561755
188 -0.8766155374510607 -0.876454768014999
189 -0.8764648258184039 -0.8763329261840378
190 -0.8763300885050365 -0.876202571316073
191 -0.8762215783919699 -0.8761292376757992
192 -0.8761324777211478 -0.8760656241715716
193 -0.876083819289376 -0.8760565960207573
194 -0.8760634461025442 -0.8760681181153037
195 -0.8760811336473374 -0.8761186868059517
196 -0.8761171671870357 -0.8761646966398521
197 -0.8761825322613158 -0.876264213338144
198 -0.8762736473246945 -0.8763920319960877
199 -0.8763997865473286 -0.8765431143077548
200 -0.8765482349033534 -0.8767095584062184
201 -0.8767137560387788 -0.8768885954023633
202 -0.8768893214652315 -0.8770698105871126
203 -0.8770683492349995 -0.8772466417155229
204 -0.877241800997437 -0.8774089506896757
205 -0.8774063405403451 -0.877563429215837
206 -0.8775466012541534 -0.8776674238569481
207 -0.8776709068365007 -0.8777818674367177
208 -0.8777630537745612 -0.8778398700300186
209 -0.877838069740867 -0.8778924717558652
210 -0.8778767974338993 -0.8778980505158148
211 -0.8778933489577952 -0.8778895246017063
212 -0.8778786447262141 -0.8778483590611221
213 -0.8778439452791678 -0.8777939521746756
214 -0.8777882188589716 -0.8777223453411178
215 -0.8777234200849634 -0.8776539627390975
216 -0.8776465449441812 -0.8775633267523284
217 -0.8775602759678875 -0.8774635384122372
218 -0.8774615535617504 -0.8773577955206856
219 -0.8773578985590644 -0.8772523617442707
220 -0.877252968217384 -0.8771487473871959
221 -0.8771505581972132 -0.8770505654601733
222 -0.8770522502336545 -0.8769574378535941
223 -0.8769604924254789 -0.8768734739626688
224 -0.8768767649569007 -0.8767993830544387
225 -0.8768039339544095 -0.8767389448461205
226 -0.8767431985588802 -0.8766912677760812
227 -0.8766967822875165 -0.8766601342403478
228 -0.876665297231059 -0.8766444896767484
229 -0.8766505201097715 -0.876646936412219
230 -0.8766517469742442 -0.876663814833766
231 -0.8766687380468046 -0.8766954628944291
232 -0.8766991364054387 -0.8767381314881215
233 -0.8767422052678132 -0.8767930214208897
234 -0.876795297201029 -0.8768547386940762
235 -0.8768573844246778 -0.8769243931590677
236 -0.8769260621258742 -0.8769990545244788
237 -0.8770006116766581 -0.8770783873464278
238 -0.8770780361425281 -0.8771566665566778
239 -0.8771559060570772 -0.877232664268126
240 -0.8772325827119 -0.8773084173108964
241 -0.8773000351938558 -0.8773590240025451
242 -0.8773604606756432 -0.8774139407134883
243 -0.8774042128644931 -0.8774396738774461
244 -0.8774386905731199 -0.8774624571284251
245 -0.8774537498591192 -0.8774591185714862
246 -0.8774555827238508 -0.8774451724716412
247 -0.8774393604668175 -0.8774137903573249
248 -0.8774114780771418 -0.8773754714024589
249 -0.8773648434087956 -0.8773052684666025
250 -0.8773069117875325 -0.8772399954935359
251 -0.8772364354493902 -0.8771640423880321
252 -0.8771548904974118 -0.8770606336106671
253 -0.8770679935797517 -0.8769793047405559
254 -0.8769694582892131 -0.8768684365164162
255 -0.8768790343998667 -0.8767893619426279
256 -0.8767807130358928 -0.8766843406486343
257 -0.8766980105345773 -0.8766203290124697
258 -0.8766146845653147 -0.8765393840348401
259 -0.8765538760798223 -0.8765019151921567
260 -0.8765004426098059 -0.8764600286024207
261 -0.8764723564488013 -0.8764551255518265
262 -0.8764562786974907 -0.876453681938225
263 -0.8764611791063918 -0.8764747298291237
264 -0.8764773961848006 -0.8765037767870536
265 -0.876508146445469 -0.8765459327202305
266 -0.8765441705382347 -0.8765828021074209
267 -0.8765819414334924 -0.8766170894728265
268 -0.8766147424457564 -0.8766443357570224
269 -0.876642327216116 -0.8766655564184999
270 -0.8766622880251175 -0.8766769718998305
271 -0.8766740395121269 -0.8766795902180508
272 -0.8766743695952469 -0.87666654666786
273 -0.8766612128694188 -0.8766375017223458
274 -0.8766329651219001 -0.8765948469754952
275 -0.8765928730088833 -0.8765462703288094
276 -0.8765439908478211 -0.8764908552391589
277 -0.8764919453532419 -0.8764387104917573
278 -0.8764408541897365 -0.8763929968382933
279 -0.8763966412611305 -0.8763582164533406
280 -0.8763605537294312 -0.8763304478966598
281 -0.8763339864867737 -0.8763132951103209
282 -0.8763156146070313 -0.8763031008141132
283 -0.8763091072868269 -0.8763109259360464
284 -0.8763178777582965 -0.8763396065247295
285 -0.8763487725182105 -0.8763957850938554
286 -0.8764049165390174 -0.8764793579984664
287 -0.8764953929986102 -0.8766110359035078
288 -0.8766216944648401 -0.8767746894925452
289 -0.87678426112541 -0.8769670579801757
290 -0.876983726612937 -0.8772094323660887
291 -0.8772202651051794 -0.8774843049692719
292 -0.8774737805173424 -0.877727604216665
293 -0.8777569103172835 -0.8780588217659123
294 -0.8780282990424877 -0.8782984711448845
295 -0.8783217681455565 -0.878608011525871
296 -0.878573529958366 -0.8788141072043414
297 -0.8788257952284932 -0.879055266955266
298 -0.8790299507625304 -0.8792204781279824
299 -0.8792203692935502 -0.8793853627974006
300 -0.8793749629320868 -0.879519047870876
301 -0.8795113787858222 -0.8796297256891887
302 -0.8796208768397841 -0.8797138569592864
303 -0.8797063569338759 -0.8797754881531511
304 -0.8797667887608859 -0.8798110211702186
305 -0.879808150450295 -0.879837942027514
306 -0.8798229220391157 -0.8798198029196135
307 -0.8798141996849492 -0.8797848541077192
308 -0.8797819542361944 -0.8797412056812496
309 -0.8797338156728403 -0.8796753872295507
310 -0.8796665566909158 -0.8795830771619456
311 -0.879580098017961 -0.8794818296623852
312 -0.8794776067141846 -0.8793679133182216
313 -0.8793600235065665 -0.8792303275390912
314 -0.8792430655082873 -0.8791309556675476
315 -0.8791193391093195 -0.8789967341213182
316 -0.8790094198636704 -0.8789005698021441
317 -0.8788897847782914 -0.8787720504114107
318 -0.8787853739939534 -0.8786835017683043
319 -0.8786729279547435 -0.8785632316845138
320 -0.8785773677024604 -0.8784853696545617
321 -0.8784755234139351 -0.8783779689027283
322 -0.8783936864041401 -0.8783177206551286
323 -0.8783102068505128 -0.8782349309936798
324 -0.8782496584693312 -0.8781963237591833
325 -0.878191428989715 -0.8781430322162801
326 -0.8781554200988636 -0.8781269043211255
327 -0.8781259072447521 -0.8781077851968491
328 -0.8781135493402079 -0.8781059585026472
329 -0.8781109953291684 -0.878119242288007
330 -0.8781211947035077 -0.8781383833198674
331 -0.8781422705324573 -0.8781691859894959
332 -0.8781698780117133 -0.8782020647257749
333 -0.8782050641602983 -0.8782439417656221
334 -0.8782442549326374 -0.878286758306513
335 -0.8782890020326835 -0.8783363060259132
336 -0.8783351360364362 -0.8783823437768805
337 -0.8783798849056762 -0.8784210049142335
338 -0.8784255047002073 -0.8784731654095063
339 -0.8784683645442709 -0.8785109233090712
340 -0.8785151633960891 -0.8785614014696882
341 -0.8785548340095707 -0.878592177249951
342 -0.8785949731351526 -0.8786313406858168
343 -0.8786239348604011 -0.8786482866454335
344 -0.8786489379701518 -0.878667186579203
345 -0.8786629595726779 -0.8786734054933955
346 -0.8786683979434589 -0.8786646017577763
347 -0.8786618897753976 -0.8786476620750193
348 -0.8786428446199434 -0.8786162700270322
349 -0.8786143220786231 -0.8785790341338156
350 -0.8785750569291096 -0.8785298666264789
351 -0.8785288529349263 -0.8784776580444824
352 -0.8784746146514061 -0.8784163192832548
353 -0.8784164508366876 -0.8783553751823233
354 -0.8783534546659499 -0.8782886695322694
355 -0.8782896789208413 -0.8782249920479291
356 -0.8782240796553329 -0.8781585773857984
357 -0.878160718766653 -0.8780985868662297
358 -0.878098780071666 -0.8780391759629682
359 -0.8780422324555245 -0.877988934537374
360 -0.877989953096909 -0.8779417487903833
361 -0.8779456191028299 -0.8779061739807309
362 -0.8779100872738366 -0.8778823390503939
363 -0.877881850998668 -0.8778570399648777
364 -0.8778607838182078 -0.8778429724393503
365 -0.8778475936597258 -0.877842768574948
366 -0.8778415993357123 -0.8778390569928374
367 -0.8778437700815774 -0.8778494846769456
368 -0.8778507182766253 -0.8778636131600914
369 -0.877866844840424 -0.8778874366842334
370 -0.8778880092999318 -0.8779129780554689
371 -0.8779155220889526 -0.8779461515271538
372 -0.8779459736254346 -0.8779787912936797
373 -0.877980500803767 -0.8780165595904662
374 -0.8780154995759967 -0.8780511478438431
375 -0.8780522163497292 -0.8780889416148773
376 -0.8780872843898407 -0.8781217637108005
377 -0.8781223490167246 -0.8781563417244947
378 -0.8781542716179884 -0.8781847094186689
379 -0.8781848515053762 -0.8782135033729639
380 -0.8782111306271574 -0.8782351790898384
381 -0.8782350275899705 -0.8782564003071084
382 -0.8782539507100414 -0.8782702727331765
383 -0.8782702611772436 -0.8782841104914447
384 -0.8782819902609447 -0.8782915875582115
385 -0.8782920370862465 -0.878300413209082
386 -0.8782981748436985 -0.8783025237638011
387 -0.8783032743264978 -0.878306886006609
388 -0.8783062897813104 -0.8783094595735197
389 -0.8783101682391322 -0.8783141591372662
390 -0.8783129581408756 -0.8783152557118392
391 -0.8783161658900713 -0.8783190828211073
392 -0.8783179981815964 -0.8783196560118411
393 -0.8783208345525603 -0.8783237648247304
394 -0.8783224823209866 -0.8783240261263867
395 -0.8783252374114109 -0.8783279212831137
396 -0.8783266769173842 -0.8783280833426498
397 -0.8783293133934548 -0.8783319355545982
398 -0.8783306670748043 -0.8783319823271623
399 -0.8783331949317302 -0.8783356669134276
400 -0.878334441016294 -0.8783356738082894
401 -0.8783368402414681 -0.8783391800026847
402 -0.8783378329625021 -0.8783386450765294
403 -0.8783396583201036 -0.8783411498810942
404 -0.8783396860555559 -0.8783392632090418
405 -0.8783393869855854 -0.8783377478666181
406 -0.8783378193769286 -0.8783364470551229
407 -0.8783362939996403 -0.878334687077177
408 -0.8783337997997097 -0.8783302652668261
409 -0.8783299399988994 -0.8783248676526915
410 -0.8783242993457137 -0.8783177651176201
411 -0.878317653305755 -0.8783103271469498
412 -0.8783098086278956 -0.8783013336191136
413 -0.8783021501147691 -0.8782947895782401
414 -0.8782932332907953 -0.8782835766750288
415 -0.8782848188475723 -0.8782760902894442
416 -0.8782750248117385 -0.8782654074707389
417 -0.878266975409395 -0.8782594284679983
418 -0.8782585917849085 -0.8782509394159848
419 -0.8782526274923549 -0.8782475145930779
420 -0.8782467413924757 -0.8782417701683607
421 -0.8782434799846284 -0.8782411551924425
422 -0.8782404692789934 -0.8782384824761729
423 -0.878240256794192 -0.8782411327139569
424 -0.8782404786608035 -0.878241820792277
425 -0.8782436077563817 -0.8782478697629076
426 -0.8782477013662645 -0.8782534135436049
427 -0.8782541397607355 -0.87826113597569
428 -0.8782603422792308 -0.8782664773183932
429 -0.8782686332006389 -0.8782782863078293
430 -0.8782766426484799 -0.8782851643192133
431 -0.8782867530609711 -0.8782968085558667
432 -0.8782957808281043 -0.8783053696092287
433 -0.878305434145814 -0.8783141242723422
434 -0.8783134120377305 -0.878320742231616
435 -0.878321267616481 -0.8783289363454799
436 -0.8783271165552212 -0.878331671088563
437 -0.878332266103855 -0.8783361908775175
438 -0.8783342911257587 -0.878335011411191
439 -0.8783355663745119 -0.8783354968348229
440 -0.8783335423457467 -0.8783301187912218
441 -0.8783307003149009 -0.8783264853186534
442 -0.878324592979873 -0.8783171748297389
443 -0.8783178350766024 -0.87830984508141
444 -0.8783080598285421 -0.8782971595744721
445 -0.8782979731635701 -0.8782869148348231
446 -0.878285335480637 -0.878271932032611
447 -0.8782729446434295 -0.8782599870628496
448 -0.8782586841429145 -0.8782441333332781
449 -0.8782453964684119 -0.8782320690091031
450 -0.8782310421742214 -0.8782169241802781
451 -0.8782184476648109 -0.8782063498050466
452 -0.8782055837553601 -0.8781934772807506
453 -0.8781952178639699 -0.878185826506108
454 -0.8781852203754644 -0.8781763573395303
455 -0.8781782331563157 -0.8781725156233043
456 -0.8781720136608125 -0.8781671680195987
457 -0.8781691245929265 -0.8781676901358726
458 -0.878167195301963 -0.8781667277504136
459 -0.8781686780136573 -0.8781716161546815
460 -0.8781710489068072 -0.8781748028153227
461 -0.8781766840954407 -0.8781836333163141
462 -0.8781829421714674 -0.8781903903827617
463 -0.8781920933657746 -0.8782022563982442
464 -0.878201330636729 -0.8782113451291773
465 -0.878212757908154 -0.8782246721970367
466 -0.8782234862868227 -0.8782344415342502
467 -0.8782356365940949 -0.878247796050994
468 -0.8782464224761801 -0.8782570298432923
469 -0.8782580428709948 -0.8782693027186943
470 -0.878267694544942 -0.8782767510728353
471 -0.8782772121465808 -0.8782855826482089
472 -0.8782847307961195 -0.8782918586673099
473 -0.878291883994797 -0.878298210668868
474 -0.8782972459925934 -0.8783016686415981
475 -0.8783016992096723 -0.8783052183185458
476 -0.8783041782452331 -0.8783056477755505
477 -0.8783058323811086 -0.8783066310492246
478 -0.8783055763602453 -0.8783044502559555
479 -0.8783051524000016 -0.8783043758948196
480 -0.878302809531157 -0.8782996024426912
481 -0.8783005535542575 -0.8782976823252571
482 -0.8782963496764378 -0.8782917642613602
483 -0.8782929552405916 -0.878289419135153
484 -0.8782882708122188 -0.8782836290401388
485 -0.8782849781083656 -0.8782818861498003
486 -0.878280844173038 -0.8782770173291702
487 -0.8782784969070496 -0.8782765872421735
488 -0.8782756544666116 -0.8782733588284862
489 -0.8782749523003912 -0.8782749108305088
490 -0.8782740200813266 -0.8782737905849798
491 -0.8782754353334803 -0.8782776045849473
492 -0.8782767086756186 -0.878278730856924
493 -0.8782803167302351 -0.8782846147488297
494 -0.8782836169047545 -0.8782875051085055
495 -0.8782889430356567 -0.8782947092496308
496 -0.8782935873189999 -0.8782985475988593
497 -0.8782998419523319 -0.8783062690085014
498 -0.8783050382626679 -0.8783102981806392
499 -0.8783114553346832 -0.8783177988149048
500 -0.8783164629077557 -0.8783212917277192
501 -0.8783223412482357 -0.878327933202079
502 -0.8783264920539239 -0.8783302512319694
503 -0.8783308011894645 -0.8783342191343411
504 -0.8783331868165366 -0.8783350900832955
505 -0.8783359182315541 -0.8783384454770218
506 -0.8783368578843583 -0.878337038092754
507 -0.8783377962818649 -0.8783379052758151
508 -0.8783363862661718 -0.8783342154299426
509 -0.8783350193166969 -0.8783329372443293
510 -0.8783315575011349 -0.8783275198291298
511 -0.8783286093695785 -0.8783253710352731
512 -0.8783237547010198 -0.8783183732386529
513 -0.8783194660180289 -0.8783146537801571
514 -0.8783133370466633 -0.8783069841211757
515 -0.8783082806677477 -0.8783032041019064
516 -0.8783020411518189 -0.8782959352323707
517 -0.8782973461127291 -0.8782928990039064
518 -0.8782918225403078 -0.8782866333846421
519 -0.878288118861744 -0.8782848241966792
520 -0.8782839972675131 -0.8782805342212137
521 -0.8782819312747536 -0.8782804354063641
522 -0.878279192110632 -0.8782766067043144
523 -0.8782784702185684 -0.8782783685450227
524 -0.8782775046412447 -0.8782775386743928
525 -0.8782787025588245 -0.8782802004570536
526 -0.8782794846464919 -0.8782807148080252
527 -0.8782817386294424 -0.8782843006232443
528 -0.8782832024934253 -0.8782845920490021
529 -0.8782858899884604 -0.8782887772931308
530 -0.8782875097062179 -0.8782891597765169
531 -0.8782902799529593 -0.8782929027892261
532 -0.8782914967880012 -0.8782924277982564
533 -0.8782934219862275 -0.8782949353711962
534 -0.8782934223593495 -0.878292903908592
535 -0.8782938477770407 -0.8782937040513299
536 -0.8782921333122339 -0.8782897919767761
537 -0.8782907055087444 -0.8782886204981237
538 -0.8782870218753493 -0.8782826531511448
539 -0.8782835886214598 -0.8782794922151079
540 -0.8782779250533416 -0.8782716297937688
541 -0.8782726153002515 -0.8782667238918745
542 -0.8782652419548057 -0.8782573721787705
543 -0.8782584734125014 -0.8782513241668563
544 -0.8782500126788625 -0.8782413416909578
545 -0.8782425894470727 -0.8782351024834009
546 -0.8782339532739454 -0.878225415647474
547 -0.8782267857150644 -0.8782198390143149
548 -0.8782188173341896 -0.8782111973407762
549 -0.8782126613107305 -0.8782069475770963
550 -0.8782060276431508 -0.8781999380115758
551 -0.8782014960048228 -0.8781976024257921
552 -0.8781967591917827 -0.8781927371379762
553 -0.8781945770132845 -0.8781933914760812
554 -0.878192391873616 -0.8781910470067861
555 -0.8781925085856984 -0.8781930872742236
556 -0.8781924045843791 -0.8781930794721229
557 -0.8781944287336207 -0.8781971194545113
558 -0.8781967431540872 -0.8782000305356229
559 -0.8782010133807653 -0.8782058901521571
560 -0.8782049521091787 -0.8782089356397514
561 -0.8782104837006705 -0.8782166253100985
562 -0.8782154592638952 -0.8782208168418315
563 -0.8782220648643748 -0.8782287524411904
564 -0.8782274035128137 -0.8782326412554149
565 -0.8782337556796694 -0.8782398733423984
566 -0.878238492689747 -0.8782429634714228
567 -0.8782436295466912 -0.8782480518262475
568 -0.8782470735005988 -0.8782502052041211
569 -0.8782507349722635 -0.8782539478864168
570 -0.87825284852505 -0.8782543924846071
571 -0.8782549632969888 -0.8782565495199373
572 -0.8782553714859018 -0.8782551724531559
573 -0.8782558763122074 -0.8782559069635237
574 -0.8782547197703104 -0.8782530798942462
575 -0.8782540534104765 -0.8782531733736542
576 -0.8782517202823358 -0.8782489075791016
577 -0.8782499930160027 -0.8782478980952472
578 -0.8782465838602341 -0.8782429459063481
579 -0.8782441780327828 -0.8782416900967472
580 -0.8782405068176603 -0.8782368844498796
581 -0.8782382403672391 -0.8782361465550842
582 -0.8782350544209897 -0.8782321322579992
583 -0.8782335651549577 -0.8782324166517835
584 -0.8782313781411554 -0.8782295855136777
585 -0.8782310796941171 -0.8782312369168844
586 -0.8782302061613355 -0.8782297960534386
587 -0.8782313068955602 -0.8782328877163517
588 -0.8782318351047173 -0.8782328215443552
589 -0.8782343088905131 -0.8782372174108262
590 -0.8782361161272396 -0.878238309426531
591 -0.8782397167548237 -0.8782436234271077
592 -0.8782424426998708 -0.8782453952459675
593 -0.8782466937941654 -0.8782510627094148
594 -0.8782498051071048 -0.8782529573659259
595 -0.8782541691935769 -0.8782584875053837
596 -0.87825716079135 -0.8782600375027338
597 -0.8782611828837755 -0.8782650236432026
598 -0.8782636374622953 -0.8782658512409428
599 -0.878266952656081 -0.8782699830840909
600 -0.8782684037718838 -0.8782693769906114
601 -0.8782704698028675 -0.8782720493338945
602 -0.8782708189959525 -0.8782710306633461
603 -0.8782718702525401 -0.8782725307603743
604 -0.8782712695418949 -0.8782702472019588
605 -0.8782711417321257 -0.8782706472340382
606 -0.8782694380164532 -0.8782674196133566
607 -0.8782682394750475 -0.8782666515777415
608 -0.8782655800651537 -0.8782626690043568
609 -0.8782637979312726 -0.8782620732117136
610 -0.8782607193781456 -0.8782574159183607
611 -0.8782586714900337 -0.8782565253400209
612 -0.8782553000858893 -0.8782519589992802
613 -0.8782533253423686 -0.8782514916877986
614 -0.8782503225671384 -0.8782475170143303
615 -0.878248938742998 -0.8782478075268589
616 -0.8782466685840111 -0.878244681210838
617 -0.878246124304654 -0.8782458841762593
618 -0.8782448999197886 -0.8782441343722626
619 -0.8782453894091872 -0.8782461496790337
620 -0.8782449112645491 -0.8782444497423448
621 -0.8782460000908791 -0.8782474008512524
622 -0.8782463369414657 -0.8782471602307937
623 -0.8782483480608866 -0.8782504831006074
624 -0.8782493981095403 -0.8782505509972132
625 -0.8782515281767566 -0.8782535504324422
626 -0.8782524184703276 -0.8782531539813212
627 -0.8782543473943414 -0.8782563377692542
628 -0.8782549878824802 -0.8782554718968588
629 -0.8782566151027126 -0.8782580356420185
630 -0.8782566321921731 -0.8782563890376357
631 -0.8782574873269825 -0.8782580373012872
632 -0.8782565817886745 -0.8782553190270942
633 -0.8782564059324997 -0.8782558614691115
634 -0.8782543888818989 -0.8782519861494847
635 -0.87825309423905 -0.8782514350985475
636 -0.8782499832947948 -0.8782465286363456
637 -0.8782476669595994 -0.8782450371438986
638 -0.8782436332586419 -0.878239333995675
639 -0.8782405199339807 -0.8782371886623623
640 -0.8782358817252766 -0.878231122517786
641 -0.8782323867320012 -0.8782288490158485
642 -0.8782276397781951 -0.8782229478009442
643 -0.8782242731830183 -0.8782210227322561
644 -0.8782198872296023 -0.8782156911556002
645 -0.8782170711369887 -0.8782144995231034
646 -0.878213420226765 -0.8782100700015848
647 -0.8782115019262267 -0.8782099362539854
648 -0.8782091070204231 -0.8782073148056924
649 -0.8782084764453998 -0.8782081782765147
650 -0.8782072059286999 -0.878206124703886
651 -0.8782075445089319 -0.8782083305463886
652 -0.8782074152077389 -0.8782077903729358
653 -0.8782091267518858 -0.8782112593363265
654 -0.8782103374729822 -0.8782119627096779
655 -0.878213181769965 -0.8782163232638842
656 -0.8782152115190494 -0.8782173485835795
657 -0.8782188273508438 -0.8782228102050612
658 -0.8782215679475088 -0.8782245450538791
659 -0.8782258330784983 -0.8782301439765484
660 -0.8782288051671169 -0.8782317264709167
661 -0.878232943155873 -0.8782369590201475
662 -0.8782356407451747 -0.8782382367444532
663 -0.8782391292438243 -0.8782421919668659
664 -0.8782411616986967 -0.878243056384765
665 -0.8782438955148111 -0.8782464381927961
666 -0.8782453520024672 -0.8782465614298344
667 -0.8782473871920352 -0.8782491619534688
668 -0.878248020807267 -0.8782483390384915
669 -0.8782492183628926 -0.8782501540967111
670 -0.8782489781553368 -0.8782484413308008
671 -0.878249427083702 -0.8782496858235873
672 -0.8782484502757523 -0.8782472236728618
673 -0.8782483915421065 -0.878248265129864
674 -0.8782468890778663 -0.8782451784308666
675 -0.8782463976439748 -0.8782457493711876
676 -0.878244453088172 -0.8782424314624558
677 -0.8782437411119459 -0.8782430425021881
678 -0.8782418174636416 -0.8782399784262745
679 -0.8782413393432291 -0.8782409971012185
680 -0.8782398036799526 -0.8782384355123587
681 -0.8782398307830385 -0.8782400597355322
682 -0.8782388822172486 -0.8782381514038488
683 -0.8782395660978509 -0.8782404871541659
684 -0.8782393068352933 -0.8782392819478593
685 -0.8782406974521534 -0.8782423232544291
686 -0.8782411331099452 -0.8782417941275412
687 -0.8782431827813445 -0.878245430962057
688 -0.8782442090020764 -0.8782454019166251
689 -0.8782467313109817 -0.8782493610542569
690 -0.878248098254646 -0.87824953179305
691 -0.8782508058823649 -0.8782535247997817
692 -0.8782522267161257 -0.8782536235555392
693 -0.87825485495482 -0.8782574165091331
694 -0.8782560836809878 -0.8782572109782851
695 -0.8782584054847953 -0.8782605889669616
696 -0.8782592189168943 -0.8782598568054302
697 -0.8782609061805084 -0.8782622727691276
698 -0.878261037700705 -0.8782609835275511
699 -0.8782621428662644 -0.8782631723021084
700 -0.8782617622388272 -0.8782611308868161
701 -0.8782622234549851 -0.8782623671760247
702 -0.8782609970100056 -0.8782594929671698
703 -0.8782606667380185 -0.8782601400708551
704 -0.8782586741145354 -0.8782563893055754
705 -0.8782575822350928 -0.878256217328842
706 -0.8782548463663845 -0.87825193246473
707 -0.8782532046971929 -0.8782514642980006
708 -0.8782501507554277 -0.8782470555035463
709 -0.8782483599150465 -0.8782465599435864
710 -0.8782452871865636 -0.8782422461125519
711 -0.8782435802582933 -0.8782419347187355
712 -0.8782408020189174 -0.8782382252254587
713 -0.8782394522396109 -0.878238196774632
714 -0.8782369709965637 -0.8782344909895938
715 -0.8782358829798939 -0.8782349611754492
716 -0.8782338061626422 -0.8782319663228767
717 -0.8782333467363558 -0.8782331127107343
718 -0.8782319754320614 -0.8782308472625666
719 -0.8782321849010765 -0.8782325947299219
720 -0.8782313674217375 -0.8782306602727172
721 -0.8782321229222022 -0.8782331137639607
722 -0.8782318971776157 -0.8782319174961627
723 -0.8782332949806831 -0.8782348536819196
724 -0.8782335757861587 -0.8782339561803878
725 -0.8782352864133052 -0.8782370493776022
726 -0.8782357482788509 -0.8782362392785563
727 -0.8782375432031569 -0.8782393409533061
728 -0.8782380168030294 -0.8782384701772197
729 -0.8782397533837436 -0.8782414490206989
730 -0.8782401004250368 -0.8782403820771857
731 -0.8782416137935547 -0.8782430102827733
732 -0.8782416844856354 -0.8782416610969411
733 -0.8782429545060043 -0.8782441921382924
734 -0.8782428801179855 -0.8782427871187168
735 -0.8782437377833056 -0.8782442340929016
736 -0.8782430564710585 -0.8782421482015511
737 -0.8782434411554689 -0.8782439411719482
738 -0.8782425999107342 -0.878241710358697
739 -0.8782429744278155 -0.878243271752795
740 -0.8782419384885508 -0.8782408333541539
741 -0.8782421250909233 -0.8782422701658148
742 -0.8782409756220094 -0.8782398233460537
743 -0.8782411498261181 -0.8782413559664798
744 -0.8782400894463714 -0.8782390890265749
745 -0.8782404430016113 -0.8782408840117735
746 -0.8782396329698225 -0.8782389258711136
747 -0.8782403034571297 -0.8782411004884965
748 -0.8782398541876598 -0.8782395362033635
749 -0.8782409264789809 -0.8782421427450769
750 -0.8782408930491812 -0.8782410001990973
751 -0.8782423912477771 -0.8782440307991518
752 -0.8782427743954995 -0.8782432921882436
753 -0.878244666773298 -0.8782466773324932
754 -0.8782454012520549 -0.8782462342354223
755 -0.8782475717468952 -0.8782498036727644
756 -0.8782485040710156 -0.8782494743048546
757 -0.8782507776349879 -0.8782530549273394
758 -0.8782517343395417 -0.8782526737864261
759 -0.8782539515340044 -0.8782561258882425
760 -0.8782547828736975 -0.8782555489464187
761 -0.878256803937025 -0.8782587369764087
762 -0.8782573696490686 -0.8782578230243734
763 -0.8782589238960227 -0.8782602116872811
764 -0.8782590919252006 -0.8782592410639422
765 -0.8782602406848522 -0.8782612693033283
766 -0.8782601241896862 -0.8782598622017832
767 -0.8782608555115812 -0.8782614350296266
768 -0.8782602303562642 -0.8782593938373775
769 -0.8782605020473526 -0.8782606772750486
770 -0.8782594237707708 -0.8782582001998812
771 -0.8782594152834745 -0.8782593683754885
772 -0.8782579621540774 -0.8782563178868572
773 -0.8782575751992457 -0.8782570393353866
774 -0.8782556906124901 -0.8782537146152213
775 -0.8782550376462307 -0.8782543589880788
776 -0.8782530449401084 -0.8782510612170197
777 -0.8782524020584493 -0.878251785970244
778 -0.8782505575102332 -0.8782488253434305
779 -0.8782500615471157 -0.8782495733276672
780 -0.8782482751017261 -0.8782464266340757
781 -0.8782477884415058 -0.8782473653627694
782 -0.8782463142663772 -0.8782451508022818
783 -0.8782463215859201 -0.8782464485927044
784 -0.8782452507648745 -0.8782441528996325
785 -0.8782453996694511 -0.8782455975160121
786 -0.8782443364878819 -0.8782432590479964
787 -0.8782446626741304 -0.878245131458378
788 -0.8782438547214712 -0.8782431736580341
789 -0.8782445365055275 -0.8782453044001653
790 -0.8782439907358262 -0.8782434941492745
791 -0.8782448264125268 -0.8782456806881358
792 -0.8782443542698339 -0.8782438879720867
793 -0.8782452067448228 -0.8782460515742411
794 -0.8782447154179612 -0.8782442067075509
795 -0.8782455175955793 -0.8782462945049411
796 -0.8782449483494693 -0.8782443438359112
797 -0.878245649973417 -0.8782463115793936
798 -0.8782449595938445 -0.8782442233662238
799 -0.8782455289760495 -0.8782460519825261
800 -0.878244699761675 -0.87824382393627
801 -0.8782451292836017 -0.8782455119320035
802 -0.8782441669802825 -0.8782431650725688
803 -0.8782444796466503 -0.878244761935373
804 -0.8782434368698474 -0.878242383601595
805 -0.8782437109016109 -0.8782439871678592
806 -0.8782426790106402 -0.8782416662624608
807 -0.8782430048057271 -0.878243360986856
808 -0.8782420635546178 -0.8782411634145314
809 -0.8782425130234289 -0.8782430146688945
810 -0.8782417235062484 -0.8782409924353145
811 -0.8782423523874727 -0.8782430500582039
812 -0.8782417613927452 -0.8782412416847121
813 -0.8782426109965149 -0.8782435412466238
814 -0.8782422501848828 -0.8782419676233074
815 -0.8782433410580849 -0.8782445143043186
816 -0.878243216966817 -0.8782431689728202
817 -0.8782445397722163 -0.8782459360395051
818 -0.8782446317624553 -0.8782447902750357
819 -0.8782461520427073 -0.8782477298135763
820 -0.8782464155935673 -0.878246726692085
821 -0.8782480690223733 -0.8782497505614537
822 -0.8782484222381254 -0.8782487894608324
823 -0.8782501125584128 -0.8782517976529471
824 -0.8782504568910249 -0.87825078355929
825 -0.8782520920879828 -0.8782536950517061
826 -0.8782523425495695 -0.8782525490377072
827 -0.8782538468687949 -0.8782552965169657
828 -0.8782539328253419 -0.878253952921347
829 -0.8782551400389164 -0.8782561706784304
830 -0.8782549681938114 -0.8782547809816506
831 -0.8782560622396022 -0.8782572350587191
832 -0.8782558525626198 -0.8782555416474837
833 -0.8782566286533945 -0.8782571092539742
834 -0.8782559057369962 -0.8782550663095243
835 -0.8782563671149609 -0.8782569257813777
836 -0.8782555390249236 -0.8782546249838626
837 -0.8782559234797489 -0.878256219674
838 -0.878254845057449 -0.8782536905144779
839 -0.8782550071983316 -0.8782551114065106
840 -0.8782537599483318 -0.8782524779240001
841 -0.8782538078405485 -0.8782538341911281
842 -0.8782524953855707 -0.8782511740415773
843 -0.8782525128150024 -0.8782525302122951
844 -0.8782511998162907 -0.878249895194993
845 -0.8782512418984828 -0.8782513002881537
846 -0.8782499749507021 -0.8782487293689528
847 -0.8782500821626158 -0.8782502168307342
848 -0.8782488944480904 -0.8782477371445772
849 -0.8782490945435812 -0.8782493296554252
850 -0.8782480095634179 -0.8782469618902442
851 -0.8782483197874743 -0.878248667816746
852 -0.8782473445330364 -0.8782464038921122
853 -0.8782477558150318 -0.8782481957362298
854 -0.8782468671066459 -0.8782460016915886
855 -0.8782473462327048 -0.8782478412702891
856 -0.8782465074731149 -0.8782456794574602
857 -0.8782470185503737 -0.8782475349233646
858 -0.8782461968906375 -0.8782453762910805
859 -0.8782467119144267 -0.8782472245288276
860 -0.8782458828665761 -0.8782450477798133
861 -0.8782463807928043 -0.8782468700697645
862 -0.8782455258534329 -0.8782446597107131
863 -0.8782459918421166 -0.8782464457458644
864 -0.8782451014012311 -0.8782441987471082
865 -0.8782455321805885 -0.8782459520487853
866 -0.8782446103825118 -0.8782436803516346
867 -0.8782450158299689 -0.8782454150894795
868 -0.8782440775117436 -0.8782431370941094
869 -0.8782444765175064 -0.878244877368923
870 -0.8782435482707966 -0.8782426303493501
871 -0.8782439766355608 -0.8782444221884015
872 -0.8782431007304048 -0.878242249653455
873 -0.878243602185519 -0.8782441347146929
874 -0.8782428172041697 -0.8782420672443539
875 -0.8782434245972062 -0.8782440718325643
876 -0.8782427556574414 -0.8782421278953985
877 -0.8782434887464582 -0.878244266511404
878 -0.8782429495741523 -0.8782424543156466
879 -0.8782438176407686 -0.8782447320952474
880 -0.8782434122881501 -0.8782430504535484
881 -0.8782444136211446 -0.8782454583146305
882 -0.8782441341652243 -0.8782438937274865
883 -0.8782452537048853 -0.878246409072531
884 -0.8782450793966968 -0.8782449353900651
885 -0.878246289632028 -0.8782475244334804
886 -0.8782461900598152 -0.8782461103558924
887 -0.8782474568692962 -0.8782487358185079
888 -0.8782473944822579 -0.8782473372723657
889 -0.8782486734612093 -0.8782499472927466
890 -0.8782485987533272 -0.8782485116948617
891 -0.8782498405504086 -0.8782510626636095
892 -0.8782497079895206 -0.8782495496100833
893 -0.8782508732163313 -0.8782520073752937
894 -0.8782506475556556 -0.8782503856815823
895 -0.878251706312685 -0.8782527258811716
896 -0.8782513622379241 -0.8782509751510109
897 -0.8782522948647203 -0.8782531835619708
898 -0.8782518178526573 -0.878251294844983
899 -0.8782526158528996 -0.8782533691517381
900 -0.8782520035542031 -0.8782513466658814
901 -0.8782526697746542 -0.8782532935063363
902 -0.8782519295987835 -0.8782511486241259
903 -0.8782524758049256 -0.8782529852843076
904 -0.8782516270457963 -0.8782507472289481
905 -0.87825207986428 -0.878252507079577
906 -0.8782511547402247 -0.8782502099121418
907 -0.8782515469844347 -0.878251923961578
908 -0.8782505760012237 -0.8782495941299437
909 -0.8782509348590756 -0.8782512864856975
910 -0.878249941316208 -0.8782489433329753
911 -0.878250287349252 -0.8782506322290755
912 -0.878249289606711 -0.8782482932580744
913 -0.878249639749824 -0.8782499937623141
914 -0.87824865242311 -0.8782476702489341
915 -0.8782490182681305 -0.878249390793136
916 -0.8782480507598925 -0.8782470912376001
917 -0.8782484403200371 -0.8782488389293679
918 -0.8782474990182996 -0.8782465668879232
919 -0.8782479150171425 -0.878248339234129
920 -0.8782469983872799 -0.8782460890397804
921 -0.8782474354801995 -0.8782478781666816
922 -0.87824653601438 -0.8782456408366703
923 -0.8782469856180448 -0.8782474378507747
924 -0.8782460945169267 -0.8782452048633275
925 -0.8782465492657915 -0.8782470050832645
926 -0.8782456615638616 -0.8782447747449851
927 -0.8782461196366843 -0.8782465790817954
928 -0.8782452359239645 -0.8782443539451054
929 -0.8782456995900549 -0.8782461657432562
930 -0.8782448239429823 -0.8782439521405775
931 -0.8782452991109474 -0.8782457794490007
932 -0.8782444398557718 -0.8782435879777294
933 -0.8782449367592483 -0.8782454428510066
934 -0.8782441055367332 -0.8782432857814553
935 -0.878244636189971 -0.8782451799374428
936 -0.8782438457311975 -0.8782430714746863
937 -0.8782444246344406 -0.8782450224911846
938 -0.8782436907470008 -0.8782429782751235
939 -0.8782443336302567 -0.8782450001244536
940 -0.8782436690319422 -0.8782430286962413
941 -0.8782443852254026 -0.8782451268555049
942 -0.8782437948760796 -0.8782432290764849
943 -0.878244586223862 -0.8782454027395886
944 -0.8782440693277823 -0.8782435761672657
945 -0.8782449329687311 -0.8782458199993306
946 -0.8782444842912193 -0.8782440567070532
947 -0.8782454120838374 -0.8782463595451204
948 -0.8782450211655656 -0.8782446472445148
949 -0.8782460004636289 -0.8782469946012432
950 -0.8782456534852976 -0.8782453186101264
951 -0.8782466688769754 -0.8782476934195487
952 -0.8782463494582456 -0.8782460363450538
953 -0.8782473833535854 -0.878248420296146
954 -0.8782470739771178 -0.8782467652901459
955 -0.8782481082355423 -0.8782491391203274
956 -0.8782477895036856 -0.8782474641005762
957 -0.8782488033939752 -0.8782498069610145
958 -0.8782484543566453 -0.8782480920083382
959 -0.8782494288690215 -0.8782503876377046
960 -0.8782490327457424 -0.8782486185911771
961 -0.8782499539457064 -0.8782508556082298
962 -0.8782494990820874 -0.8782490230468472
963 -0.8782503576985858 -0.8782511944406725
964 -0.8782498369967522 -0.8782492935027286
965 -0.8782506282417245 -0.8782513967817646
966 -0.8782500391517544 -0.878249427170762
967 -0.8782507626644542 -0.8782514640408283
968 -0.8782501067251806 -0.8782494289639434
969 -0.8782507649898766 -0.8782514019648504
970 -0.8782500457777541 -0.8782493064044613
971 -0.8782506436998747 -0.8782512227303049
972 -0.8782498685790744 -0.8782490766024497
973 -0.8782504151962981 -0.8782509462561321
974 -0.8782495936947269 -0.8782487582255915
975 -0.8782500982304353 -0.8782505902095747
976 -0.8782492384797075 -0.8782483670039489
977 -0.8782497086357574 -0.8782501686937405
978 -0.878248818311449 -0.8782479192366494
979 -0.8782492625228141 -0.8782496996380446
980 -0.8782483502244066 -0.8782474317985179
981 -0.8782487766466035 -0.8782491985032399
982 -0.8782478505383949 -0.878246921313419
983 -0.8782482678128601 -0.8782486836219133
984 -0.8782473374331013 -0.8782464073639634
985 -0.878247755228605 -0.8782481746999302
986 -0.878246830114675 -0.8782459082801232
987 -0.878247257216592 -0.8782476886697147
988 -0.8782463453958709 -0.8782454392377667
989 -0.8782467889446539 -0.8782472389264722
990 -0.8782458967395265 -0.8782450120543325
991 -0.8782463625561044 -0.8782468366875005
992 -0.8782454953468086 -0.8782446372985849
993 -0.8782459887991422 -0.8782464924113327
994 -0.8782451519584694 -0.8782443261654821
995 -0.8782456787495091 -0.878246217671704
996 -0.8782448780984605 -0.8782440904581873
997 -0.8782454439233818 -0.8782460236402462
998 -0.8782446846803608 -0.8782439399426412
999 -0.8782452941917138 -0.8782459189922464
1000 -0.878244580279523 -0.8782438819036738
1001 -0.878245236066447 -0.8782459073034132
1002 -0.8782445684699239 -0.8782439162026773
1003 -0.8782452699329903 -0.8782459862928735
1004 -0.8782446470882922 -0.878244038769319
1005 -0.8782453922163226 -0.8782461515867684
1006 -0.8782448117921545 -0.87824424502037
1007 -0.878245597846036 -0.8782463969309632
1008 -0.8782450559323599 -0.8782445258457404
1009 -0.8782458777891868 -0.8782467105908509
1010 -0.878245368235551 -0.8782448682700553
1011 -0.8782462193328793 -0.878247079137725
1012 -0.8782457354587661 -0.8782452589685112
1013 -0.8782466091881274 -0.8782474894581391
1014 -0.8782461445968449 -0.8782456853638775
1015 -0.878247034664685 -0.8782479291720318
1016 -0.8782465831288864 -0.8782461348507431
1017 -0.8782474830512199 -0.8782483851308781
1018 -0.8782470378705662 -0.8782465936300706
1019 -0.878247940563068 -0.8782488429282486
1020 -0.8782474944728681 -0.8782470468602785
1021 -0.878248392470899 -0.8782492876241632
1022 -0.8782479383592222 -0.878247480593218
1023 -0.8782488246477328 -0.8782497057258103
1024 -0.8782483553437667 -0.8782478797122653
1025 -0.8782492222928789 -0.8782500814405546
1026 -0.8782487298098797 -0.8782482282768129
1027 -0.8782495696352735 -0.8782503991884468
1028 -0.8782490463466935 -0.8782485115748152
1029 -0.8782498519507431 -0.8782506450889612
1030 -0.8782492910954088 -0.8782487166224439
1031 -0.8782500560782199 -0.8782508065232486
1032 -0.8782494515294607 -0.8782488314426833
1033 -0.8782501702376436 -0.878250872746993
1034 -0.8782495170842021 -0.8782488470629239
1035 -0.8782501854755426 -0.8782508366167047
1036 -0.8782494806264327 -0.878248758199663
1037 -0.8782500962417338 -0.8782506939088274
1038 -0.8782493379267029 -0.8782485616716121
1039 -0.8782498999267109 -0.8782504441996867
1040 -0.8782490887847524 -0.8782482604829519
1041 -0.8782495997890317 -0.8782500946844499
1042 -0.8782487407900069 -0.8782478672026124
1043 -0.8782492083714795 -0.8782496632273691
1044 -0.8782483110722247 -0.8782474027866857
1045 -0.8782487462205708 -0.8782491726476506
1046 -0.8782478224988903 -0.8782468920623275
1047 -0.8782482380922397 -0.8782486495667338
1048 -0.8782473016986029 -0.8782463634667403
1049 -0.8782477121001819 -0.8782481232670646
1050 -0.8782467782029069 -0.8782458478749086
1051 -0.8782471990243229 -0.8782476259309887
1052 -0.8782462836135183 -0.8782453770346509
1053 -0.8782467302658983 -0.8782471878320486
1054 -0.8782458477192371 -0.878244978291005
1055 -0.8782463329175276 -0.8782468326295225
1056 -0.8782454938637682 -0.8782446706707699
1057 -0.8782460260791445 -0.8782465749371343
1058 -0.8782452367865626 -0.8782444647517772
1059 -0.8782458204392808 -0.8782464216289245
1060 -0.878245083426442 -0.8782443638986177
1061 -0.8782457192771095 -0.8782463723037792
1062 -0.8782450333070168 -0.8782443637186466
1063 -0.8782457185252449 -0.878246419553302
1064 -0.8782450790439938 -0.8782444538600261
1065 -0.8782458078882955 -0.8782465502515517
1066 -0.8782452084460216 -0.8782446212264799
1067 -0.8782459739680027 -0.878246750425969
1068 -0.8782454070680252 -0.8782448495516195
1069 -0.8782462005898896 -0.8782470017920729
1070 -0.8782456569989131 -0.8782451196530399
1071 -0.8782464691315003 -0.878247285949381
1072 -0.8782459400555606 -0.8782454145642532
1073 -0.878246762863555 -0.8782475880770236
1074 -0.878246241414988 -0.87824572160368
1075 -0.8782470691400818 -0.8782478977395347
1076 -0.8782465505723039 -0.8782460323736898
1077 -0.878247379560973 -0.8782482085696874
1078 -0.8782468610284521 -0.8782463421419722
1079 -0.878247689208547 -0.8782485169139742
1080 -0.8782471690847063 -0.8782466481981659
1081 -0.8782479952735187 -0.8782488207084095
1082 -0.8782474726220512 -0.8782469489595718
1083 -0.8782482960119976 -0.8782491183680056
1084 -0.8782477700184751 -0.8782472427278417
1085 -0.8782485895664925 -0.8782494076036242
1086 -0.8782480588714187 -0.8782475262827838
1087 -0.8782488725931553 -0.8782496838930516
1088 -0.8782483347973109 -0.8782477942160911
1089 -0.8782491395336297 -0.87824994049174
1090 -0.8782485907015323 -0.8782480373967598
1091 -0.8782493811810171 -0.8782501656545457
1092 -0.8782488146486068 -0.8782482408945091
1093 -0.8782495831295209 -0.878250342839502
1094 -0.8782489904406661 -0.878248387587981
1095 -0.8782497284100476 -0.8782504548026537
1096 -0.8782491009616256 -0.8782484604942361
1097 -0.8782498001172967 -0.8782504850549945
1098 -0.8782491300075678 -0.8782484444734669
1099 -0.8782497832138371 -0.878250420113044
1100 -0.8782490641856224 -0.8782483279703506
1101 -0.878249666413908 -0.8782502511583239
1102 -0.8782488949183209 -0.8782481056262824
1103 -0.8782494445059453 -0.8782499767332239
1104 -0.8782486212474233 -0.8782477813827577
1105 -0.8782491215371989 -0.8782496064956097
1106 -0.8782482525582466 -0.8782473697963666
1107 -0.8782487118683303 -0.8782491593130086
1108 -0.8782478076760184 -0.8782468939186737
1109 -0.8782482386071327 -0.8782486625897101
1110 -0.8782473138719343 -0.8782463851074132
1111 -0.8782477328248105 -0.8782481507773018
1112 -0.8782468051718503 -0.8782458796308296
1113 -0.8782472304107923 -0.8782476608242398
1114 -0.8782463179656945 -0.8782454134420081
1115 -0.8782467669236852 -0.8782472265048016
1116 -0.8782458860661082 -0.878245018251509
1117 -0.8782463738174737 -0.8782468766961049
1118 -0.8782455383925907 -0.8782447202301525
1119 -0.8782460771693469 -0.8782466345817778
1120 -0.8782452973293463 -0.8782445371761032
1121 -0.8782458945076761 -0.8782465117651416
1122 -0.8782451743557526 -0.8782444741260067
1123 -0.8782458309537247 -0.8782465069700197
1124 -0.8782451684090776 -0.8782445241312009
1125 -0.8782458799199958 -0.878246608658761
1126 -0.8782452686389038 -0.8782446731267437
1127 -0.878246027421179 -0.8782468004780261
1128 -0.8782454584420331 -0.8782449017213234
1129 -0.8782462542359872 -0.8782470605086059
1130 -0.878245716347431 -0.8782451868123574
1131 -0.8782465375591858 -0.8782473653565877
1132 -0.8782460192102522 -0.8782455054618052
1133 -0.8782468542055838 -0.8782476917983518
1134 -0.8782463439763482 -0.8782458346688808
1135 -0.8782471816389193 -0.8782480184495185
1136 -0.8782466694400405 -0.8782461552017156
1137 -0.8782475008665606 -0.8782483289484413
1138 -0.878246979297216 -0.8782464537414849
1139 -0.8782477987361942 -0.87824861351865
1140 -0.8782472637129161 -0.878246723878607
1141 -0.8782480688340831 -0.8782488691049865
1142 -0.8782475194813483 -0.8782469654604455
1143 -0.8782483107980413 -0.8782490978286864
1144 -0.8782477484908777 -0.8782471821834955
1145 -0.8782485280498111 -0.8782493041372453
1146 -0.8782479549976946 -0.8782473786723367
1147 -0.8782487249592498 -0.8782494920681611
1148 -0.8782481429232106 -0.8782475580291277
1149 -0.8782489044312753 -0.8782496631965306
1150 -0.8782483138583482 -0.8782477203493798
1151 -0.8782490663876871 -0.8782498156171444
1152 -0.8782484659140734 -0.8782478617756899
1153 -0.8782492069136696 -0.8782499433481684
1154 -0.8782485930538763 -0.8782479740377642
1155 -0.8782493178570562 -0.8782500361852299
1156 -0.8782486849078492 -0.8782480445005475
1157 -0.8782493869164706 -0.878250080063628
1158 -0.8782487276192571 -0.8782480582935897
1159 -0.8782493995143258 -0.8782500601857532
1160 -0.8782487065416901 -0.878248001145721
1161 -0.8782493415699096 -0.8782499633782487
1162 -0.8782486088571048 -0.8782478620473384
1163 -0.878249202130704 -0.8782497809665188
1164 -0.8782484263129245 -0.87824763592491
1165 -0.8782489765565993 -0.8782495127783628
1166 -0.8782481586919121 -0.8782473273724574
1167 -0.8782486691416196 -0.8782491672740328
1168 -0.8782478144743733 -0.8782469487766237
1169 -0.8782482923270244 -0.8782487609304103
1170 -0.8782474102439509 -0.8782465210248124
1171 -0.8782478668953444 -0.8782483187308039
1172 -0.878246970689248 -0.8782460723121212
1173 -0.8782474207250197 -0.8782478711321279
1174 -0.8782465259678908 -0.8782456344594172
1175 -0.8782469855510038 -0.8782474510614602
1176 -0.878246108578726 -0.8782452402152945
1177 -0.8782465938107582 -0.8782470901555137
1178 -0.8782457498114814 -0.8782449190636297
1179 -0.8782462745644533 -0.8782468144742103
1180 -0.8782454755395989 -0.8782446930809503
1181 -0.8782460497459326 -0.878246641682631
1182 -0.8782453034365912 -0.8782445755461862
1183 -0.8782459326618262 -0.8782465807566552
1184 -0.8782452425939703 -0.8782445714790631
1185 -0.8782459283770091 -0.8782466328953025
1186 -0.8782452938614337 -0.8782446772099289
1187 -0.8782460329883913 -0.8782467888599357
1188 -0.8782454482544889 -0.8782448786935952
1189 -0.8782462327717417 -0.8782470307616873
1190 -0.8782456882136026 -0.8782451551855185
1191 -0.8782465073171118 -0.8782473360041232
1192 -0.8782459913455417 -0.878245482846977
1193 -0.8782468330268213 -0.8782476802293575
1194 -0.8782463334857761 -0.8782458373809876
1195 -0.8782471856916733 -0.8782480394646685
1196 -0.8782466908354415 -0.8782461956606615
1197 -0.8782475420518034 -0.8782483910300739
1198 -0.8782470409384503 -0.8782465361246091
1199 -0.8782478809730095 -0.8782487157643395
1200 -0.8782473647847785 -0.8782468424653808
1201 -0.8782481863952626 -0.8782490009560613
1202 -0.8782476496329599 -0.8782471054774312
1203 -0.8782484491783809 -0.8782492411016439
1204 -0.8782478898682015 -0.8782473230255232
1205 -0.878248666968239 -0.8782494367775435
1206 -0.87824808585555 -0.8782474977635772
1207 -0.8782488421304661 -0.8782495918502715
1208 -0.8782482411933756 -0.8782476339662725
1209 -0.8782489787361533 -0.8782497103919098
1210 -0.8782483598550943 -0.8782477352070945
1211 -0.8782490802410551 -0.8782497951241549
1212 -0.8782484443893791 -0.8782478028368818
1213 -0.8782491478347696 -0.8782498455432665
1214 -0.8782484945889766 -0.8782478353867758
1215 -0.8782491800110681 -0.8782498591031563
1216 -0.8782485079714299 -0.8782478294243518
1217 -0.8782491734298357 -0.8782498317619928
1218 -0.8782484802824319 -0.878247779660945
1219 -0.8782491228501296 -0.8782497571274448
1220 -0.8782484051630804 -0.8782476787008453
1221 -0.8782490213019859 -0.8782496280776617
1222 -0.8782482755794806 -0.8782475199599289
1223 -0.8782488624479078 -0.8782494393061268
1224 -0.8782480868215781 -0.8782473011986729
1225 -0.8782486440745388 -0.8782491917188113
1226 -0.8782478395959735 -0.8782470258704308
1227 -0.8782483695736731 -0.8782488911317715
1228 -0.8782475398856828 -0.8782467026548405
1229 -0.8782480476562896 -0.8782485491822509
1230 -0.8782471994376339 -0.8782463464758045
1231 -0.87824769316587 -0.8782481838395488
1232 -0.8782468359540005 -0.8782459775466425
1233 -0.8782473261531805 -0.8782478170733442
1234 -0.8782464712952475 -0.8782456192657498
1235 -0.8782469698869217 -0.8782474733216653
1236 -0.8782461295992863 -0.8782452962104376
1237 -0.8782466486629324 -0.8782471764566883
1238 -0.8782458343937347 -0.8782450305140724
1239 -0.8782463845202059 -0.8782469465898511
1240 -0.8782456057254837 -0.878244840072522
1241 -0.8782461950933725 -0.8782467986177389
1242 -0.8782454586743681 -0.8782447373328379
1243 -0.8782460930438291 -0.878246743180905
1244 -0.87824540351272 -0.8782447300244116
1245 -0.8782460857657014 -0.8782467840917823
1246 -0.878245444008643 -0.8782448179097302
1247 -0.8782461730995171 -0.8782469172970339
1248 -0.8782455762472891 -0.8782449935350982
1249 -0.878246347670164 -0.878247132178355
1250 -0.8782457897386485 -0.8782452435024876
1251 -0.878246596184083 -0.8782474128714017
1252 -0.8782460687378225 -0.8782455498395738
1253 -0.87824690080462 -0.8782477397028798
1254 -0.878246393739914 -0.878245891677284
1255 -0.8782472408004042 -0.8782480910210447
1256 -0.8782467432497278 -0.8782462470508507
1257 -0.8782475943898372 -0.8782484450976116
1258 -0.8782470957547758 -0.8782465951158603
1259 -0.8782479409085666 -0.878248782512223
1260 -0.8782474319776963 -0.8782469183050007
1261 -0.8782482628966277 -0.8782490878726549
1262 -0.8782477365547035 -0.8782472034864501
1263 -0.8782485472977052 -0.8782493505340061
1264 -0.8782479987496837 -0.8782474422285901
1265 -0.8782487856513382 -0.8782495641914136
1266 -0.8782482121817782 -0.8782476301253263
1267 -0.8782489734371227 -0.8782497259946239
1268 -0.8782483739156849 -0.8782477656271004
1269 -0.878249109002486 -0.8782498353857293
1270 -0.8782484832849905 -0.8782478488421374
1271 -0.878249192274752 -0.8782498925963844
1272 -0.8782485404241096 -0.8782478798338023
1273 -0.8782492233441999 -0.8782498976024082
1274 -0.8782485453623897 -0.8782478586509542
1275 -0.8782492022491043 -0.8782498504939455
1276 -0.8782484982676433 -0.8782477856580254
1277 -0.8782491292985742 -0.878249751743747
1278 -0.8782483995823673 -0.8782476613453247
1279 -0.8782490050073676 -0.878249601933026
1280 -0.8782482499630606 -0.8782474866108261
1281 -0.878248830333663 -0.878249402457132
1282 -0.8782480508895442 -0.8782472636006694
1283 -0.8782486078592197 -0.8782491575198527
1284 -0.8782478065754536 -0.8782469986058338
1285 -0.8782483436044433 -0.8782488746876379
1286 -0.878247524556119 -0.8782467003748796
1287 -0.8782480463781538 -0.8782485640719383
1288 -0.8782472150578071 -0.8782463807265981
1289 -0.8782477280557955 -0.8782482393688447
1290 -0.8782468917513366 -0.8782460551585615
1291 -0.8782474038869762 -0.8782479171335167
1292 -0.8782465710114229 -0.8782457407421852
1293 -0.8782470909335376 -0.8782476149249058
1294 -0.8782462703330195 -0.8782454553319626
1295 -0.8782468068995044 -0.8782473504416398
1296 -0.8782460070679385 -0.8782452154302079
1297 -0.8782465681200112 -0.8782471384881807
1298 -0.878245796072751 -0.8782450342998592
1299 -0.8782463877335046 -0.8782469904124687
1300 -0.8782456487180932 -0.8782449214419463
1301 -0.8782462755978225 -0.8782469149390468
1302 -0.878245573610334 -0.878244884450003
1303 -0.8782462388493979 -0.8782469171591381
1304 -0.8782455757758075 -0.8782449257182754
1305 -0.8782462799156532 -0.87824699686954
1306 -0.878245655064705 -0.8782450426062932
1307 -0.8782463962404226 -0.8782471492454281
1308 -0.8782458066684834 -0.8782452281537227
1309 -0.8782465808939305 -0.8782473652826343
1310 -0.8782460216059995 -0.8782454713816353
1311 -0.8782468229732948 -0.8782476322556089
1312 -0.8782462872611907 -0.8782457581463221
1313 -0.8782471083925469 -0.8782479347757038
1314 -0.8782465883774598 -0.8782460722103473
1315 -0.8782474210310403 -0.8782482561070635
1316 -0.8782469083522898 -0.8782463967394526
1317 -0.8782477441986266 -0.8782485797493575
1318 -0.8782472308014123 -0.8782467159154205
1319 -0.8782480621892638 -0.8782488909030072
1320 -0.8782475409567829 -0.878247016051915
1321 -0.8782483613557254 -0.8782491771122479
1322 -0.8782478263402306 -0.878247285856523
1323 -0.878248630385547 -0.878249428187864
1324 -0.8782480767323303 -0.8782475161525977
1325 -0.8782488600715032 -0.8782496358740417
1326 -0.8782482838483555 -0.8782476995184211
1327 -0.8782490429950056 -0.878249793592548
1328 -0.87824844111856 -0.8782478302447049
1329 -0.8782491733354725 -0.8782498961691582
1330 -0.8782485433203742 -0.878247903547253
1331 -0.8782492463612557 -0.8782499393673495
1332 -0.8782485862930739 -0.8782479159646128
1333 -0.8782492586318124 -0.8782499205634683
1334 -0.8782485674429279 -0.878247865800696
1335 -0.8782492084797461 -0.8782498390750668
1336 -0.8782484860915524 -0.8782477533988871
1337 -0.8782490961712149 -0.8782496960396837
1338 -0.8782483433533846 -0.8782475806215758
1339 -0.8782489237728539 -0.8782494946572951
1340 -0.8782481423784496 -0.8782473518564711
1341 -0.8782486957774154 -0.8782492408184732
1342 -0.8782478894672496 -0.8782470757267976
1343 -0.8782484206872035 -0.878248945516333
1344 -0.8782475952626383 -0.8782467645447775
1345 -0.8782481107287926 -0.8782486221252608
1346 -0.8782472732016412 -0.8782464329348783
1347 -0.8782477805750094 -0.8782482866648823
1348 -0.878246939313914 -0.8782460983419742
1349 -0.8782474474969634 -0.8782479574840268
1350 -0.8782466117159595 -0.878245779321871
1351 -0.8782471299378564 -0.8782476530076646
1352 -0.8782463087662227 -0.8782454939691258
1353 -0.8782468458899894 -0.8782473906931707
1354 -0.8782460476194117 -0.8782452581959316
1355 -0.8782466110701034 -0.8782471843212007
1356 -0.878245842068809 -0.8782450836892871
1357 -0.8782464370677046 -0.8782470431926183
1358 -0.8782457014014199 -0.8782449773223469
1359 -0.8782463311835205 -0.8782469730355889
1360 -0.8782456313941042 -0.8782449438243695
1361 -0.878246297768755 -0.8782469764462995
1362 -0.878245634557708 -0.8782449834024482
1363 -0.8782463371041681 -0.8782470514637495
1364 -0.8782457090354875 -0.8782450922402577
1365 -0.8782464454050922 -0.8782471925112623
1366 -0.8782458493172151 -0.878245263200118
1367 -0.8782466155143845 -0.878247390831766
1368 -0.878246046670057 -0.87824548597828
1369 -0.8782468372189892 -0.8782476348469145
1370 -0.8782462895658497 -0.8782457478723473
1371 -0.8782470979200586 -0.8782479110409066
1372 -0.8782465645967065 -0.8782460348768584
1373 -0.8782473836952865 -0.8782482051680877
1374 -0.8782468576127784 -0.8782463327933825
1375 -0.8782476804668624 -0.87824850343911
1376 -0.8782471549209787 -0.8782466285304366
1377 -0.8782479752386533 -0.8782487937464059
1378 -0.8782474444186738 -0.8782469109791717
1379 -0.8782482569097466 -0.878249066003655
1380 -0.878247715986855 -0.878247170977731
1381 -0.8782485162707813 -0.8782493118309505
1382 -0.8782479611915134 -0.8782474007658513
1383 -0.8782487455033886 -0.8782495239133571
1384 -0.878248172661818 -0.878247593306239
1385 -0.8782489375595941 -0.8782496954591794
1386 -0.8782483436322616 -0.8782477421313593
1387 -0.8782490858848195 -0.8782498200639124
1388 -0.8782484676768717 -0.8782478408353359
1389 -0.8782491840931996 -0.8782498913803432
1390 -0.8782485386134716 -0.8782478836247284
1391 -0.8782492264357146 -0.8782499043020651
1392 -0.8782485512950817 -0.8782478659584443
1393 -0.878249208490696 -0.8782498552115713
1394 -0.8782485021122298 -0.8782477851666667
1395 -0.8782491276281551 -0.8782497425062206
1396 -0.878248389427606 -0.8782476406099237
1397 -0.8782489832918504 -0.8782495667593999
1398 -0.8782482139571993 -0.8782474345022668
1399 -0.8782487777056693 -0.8782493318553335
1400 -0.8782479798266655 -0.8782471731223885
1401 -0.8782485173518756 -0.8782490470778974
1402 -0.8782476961183097 -0.8782468681546362
1403 -0.8782482136397225 -0.8782487256866268
1404 -0.8782473760746646 -0.8782465343827236
1405 -0.8782478814068756 -0.8782483841512693
1406 -0.8782470361931591 -0.8782461900454774
1407 -0.878247538738098 -0.8782480420175404
1408 -0.878246695795123 -0.8782458553223441
1409 -0.8782472056849943 -0.8782477197150911
1410 -0.8782463752111718 -0.8782455505960731
1411 -0.8782469024858554 -0.878247437146395
1412 -0.8782460940550821 -0.8782452944227714
1413 -0.878246647436975 -0.8782472107417516
1414 -0.8782458686876803 -0.878245100898511
1415 -0.8782464545886333 -0.87824705212563
1416 -0.878245710618213 -0.8782449788304908
1417 -0.8782463330246068 -0.8782469681176921
1418 -0.8782456268577449 -0.8782449336250443
1419 -0.8782462878975901 -0.8782469619500268
1420 -0.8782456204383685 -0.8782449657400274
1421 -0.8782463197017275 -0.8782470314151212
1422 -0.8782456892977727 -0.8782450707381623
1423 -0.8782464241003939 -0.8782471701478913
1424 -0.8782458271480182 -0.8782452405579941
1425 -0.878246593061598 -0.8782473684789016
1426 -0.8782460243813944 -0.8782454641072804
1427 -0.8782468154731151 -0.8782476138331565
1428 -0.8782462685218216 -0.8782457276250214
1429 -0.8782470776769956 -0.8782478915728021
1430 -0.8782465449874109 -0.8782460157644028
1431 -0.8782473644955311 -0.8782481861493819
1432 -0.8782468383973638 -0.8782463132783003
1433 -0.8782476607722828 -0.87824848288916
1434 -0.8782471341629779 -0.8782466063214671
1435 -0.8782479528070475 -0.8782487692105085
1436 -0.8782474197220327 -0.8782468836341154
1437 -0.8782482293655564 -0.878249035252038
1438 -0.8782476851708312 -0.8782471366263332
1439 -0.8782484818114388 -0.8782492735559383
1440 -0.8782479229798086 -0.8782473587571474
1441 -0.8782487035230021 -0.878249478255914
1442 -0.8782481272070707 -0.878247544608144
1443 -0.8782488890148484 -0.8782496441804807
1444 -0.8782482926863127 -0.8782476892703068
1445 -0.8782490333364916 -0.8782497665586806
1446 -0.87824841454443 -0.8782477878042959
1447 -0.8782491314928821 -0.878249840115663
1448 -0.8782484877101755 -0.8782478352105608
1449 -0.8782491785039305 -0.8782498601855607
1450 -0.8782485075478097 -0.878247827247301
1451 -0.8782491702125891 -0.878249823204899
1452 -0.878248470452763 -0.8782477609060826
1453 -0.8782491037253782 -0.8782497270651468
1454 -0.8782483742187809 -0.8782476346851069
1455 -0.8782489775805314 -0.8782495709913346
1456 -0.8782482183146723 -0.8782474492675693
1457 -0.8782487924335314 -0.8782493570416847
1458 -0.8782480049462619 -0.878247208529526
1459 -0.8782485525578628 -0.8782490921023723
1460 -0.8782477409026258 -0.8782469220759735
1461 -0.8782482672025574 -0.878248787429321
1462 -0.8782474374074062 -0.8782466027169185
1463 -0.8782479492359664 -0.8782484575616544
1464 -0.8782471090703607 -0.8782462669325042
1465 -0.8782476150483172 -0.8782481206507878
1466 -0.8782467738336773 -0.878245933917735
1467 -0.8782472836909175 -0.8782477965042248
1468 -0.8782464514137317 -0.8782456238192303
1469 -0.8782469751894952 -0.8782475052450253
1470 -0.8782461616505315 -0.8782453558873337
1471 -0.878246708511957 -0.8782472644035065
1472 -0.8782459219759199 -0.878245145636914
1473 -0.8782464991206022 -0.8782470873213803
1474 -0.878245745601468 -0.8782450038461039
1475 -0.8782463579989376 -0.8782469828293228
1476 -0.8782456415627737 -0.8782449380128887
1477 -0.8782462924154054 -0.878246956403999
1478 -0.8782456150795838 -0.8782449508218578
1479 -0.8782463050536617 -0.8782470079351228
1480 -0.8782456661499558 -0.8782450396928814
1481 -0.8782463934129633 -0.8782471326108803
1482 -0.8782457900274326 -0.8782451977785311
1483 -0.8782465506782557 -0.8782473216453508
1484 -0.8782459779921226 -0.8782454145524811
1485 -0.878246766351276 -0.8782475628559909
1486 -0.8782462179432069 -0.8782456764211439
1487 -0.8782470268869864 -0.8782478413838194
1488 -0.8782464951236509 -0.8782459675659846
1489 -0.8782473166323225 -0.8782481409471585
1490 -0.8782467933843966 -0.8782462716400421
1491 -0.8782476193589984 -0.87824844548979
1492 -0.8782470968101008 -0.8782465733004658
1493 -0.8782479198608968 -0.8782487407924298
1494 -0.8782473912287642 -0.8782468595933922
1495 -0.878248205249934 -0.8782490153639747
1496 -0.8782476651205754 -0.8782471204043542
1497 -0.8782484654060977 -0.8782492604499591
1498 -0.8782479096679841 -0.8782473481496342
1499 -0.8782486926805223 -0.8782494694419685
1500 -0.8782481181989122 -0.8782475370051295
1501 -0.878248881177233 -0.8782496370845965
1502 -0.8782482854461735 -0.8782476822487899
1503 -0.8782490261405606 -0.8782497590882901
1504 -0.8782484070128646 -0.8782477797015086
1505 -0.8782491233117115 -0.8782498311453307
1506 -0.8782484787114369 -0.8782478252874663
1507 -0.8782491686348225 -0.8782498494716656
1508 -0.8782484968425212 -0.8782478157684265
1509 -0.8782491589034126 -0.8782498114701405
1510 -0.8782484588040104 -0.878247749173459
1511 -0.8782490922279419 -0.8782497160402212
1512 -0.8782483633825692 -0.8782476249340224
1513 -0.878248968070556 -0.8782495632374192
1514 -0.8782482107947359 -0.8782474442127606
1515 -0.8782487876197581 -0.8782493554090893
1516 -0.8782480034867031 -0.8782472108382542
1517 -0.8782485550351667 -0.8782490988581513
1518 -0.8782477477886873 -0.8782469336696508
1519 -0.8782482788843057 -0.8782488041251094
1520 -0.8782474541381354 -0.8782466246196405
1521 -0.87824797110432 -0.8782484845682046
1522 -0.878247135994246 -0.8782462987948872
1523 -0.8782476467753536 -0.8782481569629633
1524 -0.8782468099416191 -0.8782459740670014
1525 -0.8782473235903193 -0.8782478397409881
1526 -0.8782464943521201 -0.8782456692483659
1527 -0.8782470202911141 -0.8782475518839836
1528 -0.8782462079580519 -0.8782454027418014
1529 -0.8782467549958394 -0.8782473103617281
1530 -0.8782459675853058 -0.8782451896523833
1531 -0.8782465427962626 -0.8782471283746719
1532 -0.8782457863004746 -0.8782450408743635
1533 -0.8782463947229596 -0.8782470149198385
1534 -0.878245673368517 -0.8782449643113438
1535 -0.8782463185077698 -0.8782469762921222
1536 -0.8782456347792271 -0.8782449637342107
1537 -0.8782463178771119 -0.8782470136049978
1538 -0.8782456717562179 -0.87824503792944
1539 -0.8782463916776132 -0.8782471234983965
1540 -0.8782457809841363 -0.8782451815245673
1541 -0.8782465345580874 -0.8782472986512929
1542 -0.8782459551887595 -0.8782453853904127
1543 -0.8782467374006 -0.8782475281600891
1544 -0.8782461835351151 -0.8782456370548385
1545 -0.878246987812877 -0.8782477982236985
1546 -0.8782464522975455 -0.8782459216140946
1547 -0.8782472710257472 -0.8782480932394432
1548 -0.8782467460158294 -0.8782462231939456
1549 -0.8782475712695934 -0.8782483973753866
1550 -0.8782470489936136 -0.8782465264115039
1551 -0.8782478732966904 -0.8782486961031764
1552 -0.8782473467657775 -0.8782468177826482
1553 -0.8782481636921937 -0.8782489771907526
1554 -0.8782476270842707 -0.8782470862794077
1555 -0.8782484314376556 -0.8782492308428029
1556 -0.8782478801035833 -0.8782473231885356
1557 -0.8782486677721913 -0.8782494492852316
1558 -0.8782480980049782 -0.8782475215411638
1559 -0.8782488656749096 -0.8782496261983294
1560 -0.8782482744587531 -0.8782476756367623
1561 -0.87824901942577 -0.878249756442215
1562 -0.8782484042448027 -0.8782477806554275
1563 -0.8782491241189184 -0.8782498352591099
1564 -0.8782484826889415 -0.8782478321522844
1565 -0.8782491753483895 -0.8782498586337715
1566 -0.8782485058576327 -0.8782478267868394
1567 -0.8782491697945273 -0.8782498239629685
1568 -0.8782484711580847 -0.8782477627244435
1569 -0.8782491056990489 -0.8782497304097322
1570 -0.8782483776703346 -0.8782476398768251
1571 -0.8782489829596775 -0.8782495785924723
1572 -0.878248226120891 -0.8782474598933729
1573 -0.8782488033068206 -0.878249371434614
1574 -0.8782480194777175 -0.8782472271051632
1575 -0.8782485713257367 -0.8782491154374307
1576 -0.8782477643772882 -0.8782469505892685
1577 -0.8782482958475025 -0.8782488215158056
1578 -0.8782474715525302 -0.8782466425525136
1579 -0.8782479890688409 -0.8782485031382007
1580 -0.8782471545749962 -0.8782463180342717
1581 -0.8782476660339902 -0.8782481769294956
1582 -0.8782468299005393 -0.878245994737848
1583 -0.8782473442464406 -0.8782478610719754
1584 -0.8782465156421254 -0.8782456911165505
1585 -0.8782470421079172 -0.8782475741352229
1586 -0.8782462301654061 -0.8782454252444424
1587 -0.878246777401594 -0.8782473328251139
1588 -0.8782459899833309 -0.8782452118804337
1589 -0.8782465649147849 -0.8782471500388047
1590 -0.8782458078463463 -0.8782450616197982
1591 -0.8782464153140399 -0.8782470342835146
1592 -0.8782456926018197 -0.8782449819021438
1593 -0.8782463359509783 -0.8782469916672738
1594 -0.8782456500160637 -0.8782449764787709
1595 -0.8782463304874492 -0.8782470233163006
1596 -0.8782456813483361 -0.8782450442499352
1597 -0.8782463979021172 -0.8782471261401138
1598 -0.8782457835435366 -0.8782451802405588
1599 -0.8782465332298921 -0.8782472933090021
1600 -0.87824594981979 -0.8782453759098073
1601 -0.8782467279282039 -0.8782475145658007
1602 -0.8782461699824281 -0.8782456194716747
1603 -0.8782469702945179 -0.8782477768460768
1604 -0.8782464310210472 -0.8782458967453886
1605 -0.8782472462756851 -0.8782480652355883
1606 -0.8782467181660024 -0.8782461925170288
1607 -0.8782475407543874 -0.8782483645105439
1608 -0.8782470163134423 -0.8782464919127533
1609 -0.8782478389895435 -0.8782486605453322
1610 -0.8782473114051147 -0.878246781757258
1611 -0.8782481278734299 -0.8782489413176988
1612 -0.8782475914047184 -0.8782470511391977
1613 -0.8782483965016454 -0.8782491970480392
1614 -0.8782478464836982 -0.8782472912638576
1615 -0.8782486360310594 -0.8782494197812809
1616 -0.8782480686452957 -0.8782474948907482
1617 -0.8782488391695669 -0.8782496028366712
1618 -0.8782482511956603 -0.8782476558595614
1619 -0.8782489997515084 -0.8782497405582921
1620 -0.8782483884200221 -0.8782477688422122
1621 -0.8782491123515147 -0.8782498276540396
1622 -0.8782484750962049 -0.8782478287923629
1623 -0.8782491719785077 -0.8782498594891205
1624 -0.8782485066901767 -0.8782478317890464
1625 -0.8782491747336437 -0.8782498329227635
1626 -0.8782484800537597 -0.8782477754494685
1627 -0.8782491183207841 -0.8782497465901199
1628 -0.8782483937746545 -0.8782476592843745
1629 -0.878249002221311 -0.8782496007894378
1630 -0.8782482482205155 -0.8782474845877335
1631 -0.8782488278604695 -0.8782493982042365
1632 -0.8782480460883916 -0.8782472554732039
1633 -0.8782485995410348 -0.8782491449456632
1634 -0.8782477937336512 -0.8782469807820856
1635 -0.8782483259009232 -0.8782488519750195
1636 -0.8782475018677425 -0.8782466728461212
1637 -0.8782480192336711 -0.8782485328798713
1638 -0.8782471841795538 -0.8782463468126677
1639 -0.8782476947047702 -0.8782482044217704
1640 -0.8782468572839788 -0.878246020617497
1641 -0.8782473700478443 -0.8782478851042641
1642 -0.8782465395907731 -0.8782457130505571
1643 -0.8782470639947757 -0.8782475938295048
1644 -0.8782462498313209 -0.8782454426138997
1645 -0.8782467947444009 -0.8782473477897971
1646 -0.8782460049588212 -0.8782452244727653
1647 -0.8782465775199239 -0.878247160297208
1648 -0.8782458181167426 -0.8782450695802535
1649 -0.8782464232809275 -0.8782470399653199
1650 -0.8782456983130585 -0.8782449853936011
1651 -0.8782463394580695 -0.8782469930152862
1652 -0.8782456514002691 -0.8782449757919186
1653 -0.8782463298109491 -0.878247020625641
1654 -0.8782456786916532 -0.8782450396573983
1655 -0.8782463933204042 -0.878247119678172
1656 -0.878245777109384 -0.8782451719925802
1657 -0.8782465250060003 -0.8782472833472473
1658 -0.878245939880293 -0.8782453643010502
1659 -0.8782467163616996 -0.8782475014368
1660 -0.878246156877773 -0.8782456048954677
1661 -0.8782469557627136 -0.8782477609558722
1662 -0.8782464151624491 -0.8782458796360064
1663 -0.8782472292084137 -0.878248047033362
1664 -0.8782466999999969 -0.8782461733306218
1665 -0.8782475216110509 -0.8782483444691683
1666 -0.8782469963123608 -0.8782464711372916
1667 -0.8782478182555659 -0.878248639160237
1668 -0.8782472900699984 -0.8782467599124661
1669 -0.8782481060748476 -0.8782489191518393
1670 -0.8782475693035607 -0.8782470288463765
1671 -0.8782483742668256 -0.8782491748022604
1672 -0.8782478243204239 -0.8782472693126345
1673 -0.8782486141543276 -0.8782493983480875
1674 -0.878248047311006 -0.8782474742722958
1675 -0.8782488186396575 -0.8782495832985889
1676 -0.8782482317613866 -0.8782476377132745
1677 -0.8782489817043819 -0.8782497241012819
1678 -0.8782483720720937 -0.8782477544017242
1679 -0.8782490980069272 -0.8782498155177747
1680 -0.8782484630513087 -0.8782478192344267
1681 -0.8782491625070086 -0.8782498527688237
1682 -0.8782485000351459 -0.8782478281021868
1683 -0.8782491711079284 -0.8782498324527743
1684 -0.8782484796243269 -0.8782477783180195
1685 -0.8782491212075012 -0.8782497528517098
1686 -0.8782484000649129 -0.8782476690250096
1687 -0.8782490119224847 -0.8782496138907352
1688 -0.878248261314154 -0.8782475010267172
1689 -0.87824884423131 -0.8782494177764778
1690 -0.878248065573293 -0.8782472779166837
1691 -0.8782486218677402 -0.878249169910059
1692 -0.87824781857822 -0.8782470079079168
1693 -0.878248352883381 -0.878248880832167
1694 -0.8782475305737604 -0.8782467029811969
1695 -0.8782480491999068 -0.8782485637863563
1696 -0.8782472149064495 -0.8782463779517953
1697 -0.8782477256668638 -0.8782482352624396
1698 -0.8782468879451892 -0.8782460506213327
1699 -0.8782473998835906 -0.8782479137669994
1700 -0.8782465680861438 -0.8782457398700989
1701 -0.8782470906731478 -0.8782476183823448
1702 -0.8782462742493437 -0.8782454644955872
1703 -0.8782468165410681 -0.8782473667452724
1704 -0.8782460238161964 -0.8782452402077299
1705 -0.8782465932221345 -0.8782471727134015
1706 -0.8782458305006718 -0.8782450785808842
1707 -0.8782464322648315 -0.8782470455002092
1708 -0.878245703854822 -0.878244987483373
1709 -0.8782463415790783 -0.8782469917536534
1710 -0.8782456501941018 -0.8782449713452791
1711 -0.8782463254266579 -0.8782470131810411
1712 -0.8782456713347472 -0.8782450294779209
1713 -0.8782463832229667 -0.8782471070099375
1714 -0.878245764547111 -0.8782451571534742
1715 -0.8782465102648365 -0.8782472666310976
1716 -0.8782459232763001 -0.8782453460443285
1717 -0.8782466982200837 -0.8782474819848248
1718 -0.878246137531257 -0.878245584564618
1719 -0.8782469355462328 -0.8782477400892554
1720 -0.8782463943922226 -0.8782458585227945
1721 -0.8782472081959742 -0.8782480259758733
1722 -0.8782466790153395 -0.8782461525473516
1723 -0.8782475009079599 -0.8782483242006552
1724 -0.8782469760884233 -0.8782464515172633
1725 -0.8782477986843086 -0.8782486203350073
1726 -0.8782472712655042 -0.878246741944242
1727 -0.8782480881267295 -0.8782489021009392
1728 -0.8782475522583942 -0.8782470127300019
1729 -0.8782483581499676 -0.8782491596189618
1730 -0.8782478091405131 -0.8782472550725759
1731 -0.8782485999063173 -0.8782493850274148
1732 -0.878248034001203 -0.8782474619036188
1733 -0.8782488062676137 -0.8782495718718079
1734 -0.8782482203521864 -0.8782476272811326
1735 -0.8782489712846355 -0.8782497147009662
1736 -0.8782483627123771 -0.8782477461550322
1737 -0.8782490897852409 -0.878249808499724
1738 -0.8782484560785641 -0.8782478135809358
1739 -0.8782491568989951 -0.878249848616325
1740 -0.8782484959160143 -0.8782478255507816
1741 -0.8782491686138568 -0.8782498316744636
1742 -0.878248478880039 -0.8782477794148718
1743 -0.8782491223564072 -0.8782497559798861
1744 -0.8782484032391862 -0.8782476743228004
1745 -0.878249017242775 -0.8782496214256381
1746 -0.8782482688869747 -0.8782475109124852
1747 -0.8782488541253367 -0.8782494300378859
1748 -0.8782480778178918 -0.8782472925033038
1749 -0.8782486364218246 -0.8782491867242836
1750 -0.8782478353499606 -0.8782470268222943
1751 -0.8782483717341054 -0.8782489016557381
1752 -0.8782475513220733 -0.8782467254881873
1753 -0.8782480716077427 -0.8782485876793021
1754 -0.8782472386798044 -0.8782464028719235
1755 -0.8782477504605822 -0.8782482608305209
1756 -0.8782469133750763 -0.8782460764227846
1757 -0.8782474255410326 -0.8782479393697922
1758 -0.878246593535977 -0.8782457648153537
1759 -0.8782471154712898 -0.8782476422287231
1760 -0.8782462979490721 -0.8782454868031392
1761 -0.8782468387331089 -0.8782473871674642
1762 -0.8782460441038472 -0.878245258340938
1763 -0.8782466112714791 -0.8782471883060349
1764 -0.8782458460074375 -0.8782450913753392
1765 -0.8782464449836942 -0.8782470552697083
1766 -0.8782457135656104 -0.8782449940517837
1767 -0.878246348119108 -0.8782469950358317
1768 -0.878245653466733 -0.8782449713125839
1769 -0.8782463254066205 -0.8782470098714458
1770 -0.8782456680588524 -0.8782450229925277
1771 -0.8782463767869656 -0.8782470974969236
1772 -0.8782457551046347 -0.8782451448244529
1773 -0.8782464980152902 -0.8782472517244944
1774 -0.8782459084712902 -0.8782453288649238
1775 -0.878246681145768 -0.878247462847886
1776 -0.8782461185141889 -0.8782455638297574
1777 -0.8782469149346848 -0.8782477181264114
1778 -0.8782463725557536 -0.878245835711092
1779 -0.8782471855130022 -0.878248002701503
1780 -0.8782466558579239 -0.8782461291611773
1781 -0.8782474776438719 -0.8782483010689356
1782 -0.8782469530513582 -0.8782464289239622
1783 -0.8782477761908615 -0.8782485985796867
1784 -0.8782472495777616 -0.8782467212296358
1785 -0.8782480674837337 -0.8782488826418784
1786 -0.8782475328403501 -0.8782469946495362
1787 -0.8782483401107982 -0.8782491430409802
1788 -0.8782477925844829 -0.8782472400629328
1789 -0.8782485849130017 -0.8782493716350923
1790 -0.8782480206178881 -0.8782474501556393
1791 -0.8782487945196152 -0.878249561768114
1792 -0.8782482102482887 -0.8782476188211126
1793 -0.878248962815534 -0.8782497078573753
1794 -0.8782483558732276 -0.8782477409411948
1795 -0.8782490845637835 -0.8782498048927805
1796 -0.8782484524746198 -0.8782478115898844
1797 -0.8782491549053312 -0.8782498482333291
1798 -0.8782484955259419 -0.8782478267546122
1799 -0.8782491698225696 -0.8782498344797676
1800 -0.8782484816760078 -0.8782477837936437
1801 -0.8782491267428547 -0.8782497619551528
1802 -0.8782484092044115 -0.8782476818644384
1803 -0.8782490248033024 -0.8782496305903161
1804 -0.8782482780298828 -0.8782475216348937
1805 -0.8782488648602231 -0.8782494423554591
1806 -0.8782480901194805 -0.8782473063680882
1807 -0.8782486502552104 -0.8782492020420835
1808 -0.878247850631825 -0.8782470434853028
1809 -0.8782483883559267 -0.8782489195403933
1810 -0.8782475691581714 -0.8782467444488176
1811 -0.8782480905086009 -0.8782486075365916
1812 -0.8782472584601075 -0.8782464233949134
1813 -0.878247770906078 -0.8782482817867288
1814 -0.8782469342417235 -0.8782460975435287
1815 -0.8782474465685169 -0.8782479603752937
1816 -0.8782466144364305 -0.8782457853904693
1817 -0.8782471359446783 -0.8782476620682721
1818 -0.8782463176843285 -0.878245505594244
1819 -0.8782468574431509 -0.8782474046669365
1820 -0.8782460615014646 -0.878245274243213
1821 -0.8782466271089505 -0.8782472024167021
1822 -0.8782458600492139 -0.8782451034877264
1823 -0.8782464570223892 -0.8782470651627392
1824 -0.8782457233980264 -0.8782450015436133
1825 -0.8782463555659135 -0.8782469999913879
1826 -0.8782456583921028 -0.8782449736413072
1827 -0.8782463277170903 -0.8782470095185761
1828 -0.8782456677031564 -0.8782450199495858
1829 -0.8782463737526336 -0.8782470917897389
1830 -0.8782457494230894 -0.8782451365299435
1831 -0.8782464897566199 -0.8782472409501771
1832 -0.8782458977511158 -0.8782453157732267
1833 -0.87824666811624 -0.878247447625316
1834 -0.8782461033701806 -0.8782455467119989
1835 -0.8782468979026512 -0.8782476993706387
1836 -0.8782463538958849 -0.8782458156050171
1837 -0.8782471655078782 -0.8782479815479791
1838 -0.8782466348073422 -0.8782461072690306
1839 -0.8782474558596595 -0.8782482787619688
1840 -0.8782469308422934 -0.878246406495881
1841 -0.8782477538650021 -0.8782485763371567
1842 -0.8782472274217668 -0.8782466994322626
1843 -0.8782480457765812 -0.8782488615603246
1844 -0.8782475118299248 -0.8782469744971875
1845 -0.8782483200321463 -0.8782491240389269
1846 -0.8782477736410427 -0.8782472223870137
1847 -0.8782485672932635 -0.8782493554538501
1848 -0.8782480044827673 -0.8782474356074386
1849 -0.8782487800121631 -0.8782495489752011
1850 -0.8782481974887236 -0.8782476078835314
1851 -0.8782489519016162 -0.8782496988461163
1852 -0.8782483468885111 -0.8782477339358857
1853 -0.8782490775766073 -0.8782497999478204
1854 -0.8782484475431932 -0.8782478087458736
1855 -0.8782491520684262 -0.8782498475115853
1856 -0.8782484948033499 -0.8782478281525908
1857 -0.8782491712170627 -0.8782498379870119
1858 -0.8782484851692968 -0.8782477893682873
1859 -0.8782491323028486 -0.8782497695532469
1860 -0.878248416777363 -0.8782476914105549
1861 -0.8782490343381443 -0.8782496420506313
1862 -0.8782482894432927 -0.8782475348686919
1863 -0.8782488780728465 -0.8782494572992161
1864 -0.8782481050170499 -0.8782473228832414
1865 -0.87824866670563 -0.8782492199344321
1866 -0.8782478684585971 -0.8782470625581179
1867 -0.8782484073592669 -0.8782489395852509
1868 -0.8782475891299738 -0.8782467652465532
1869 -0.8782481112269437 -0.8782486288490274
1870 -0.8782472796810671 -0.8782464449476211
1871 -0.8782477923718619 -0.8782483033189378
1872 -0.8782469556801212 -0.8782461187738052
1873 -0.8782474677083819 -0.8782479810324028
1874 -0.8782466349962909 -0.8782458051826644
1875 -0.8782471556499875 -0.8782476807348952
1876 -0.878246336263511 -0.8782455228729734
1877 -0.8782468746647977 -0.8782474203865241
1878 -0.8782460771435553 -0.878245288171168
1879 -0.8782466409999197 -0.8782472144420667
1880 -0.8782458720344498 -0.8782451134901149
1881 -0.8782464669793728 -0.878247073005937
1882 -0.8782457312088837 -0.8782450071305994
1883 -0.8782463611306316 -0.8782470032553588
1884 -0.8782456616503209 -0.8782449745650047
1885 -0.8782463286373917 -0.8782470080918116
1886 -0.8782456662889219 -0.8782450162099493
1887 -0.8782463700269574 -0.8782470857791114
1888 -0.8782457434429144 -0.8782451283396824
1889 -0.8782464815997395 -0.8782472306804252
1890 -0.8782458875285172 -0.8782453035654446
1891 -0.8782466559627503 -0.8782474336423814
1892 -0.8782460894490182 -0.8782455311392289
1893 -0.878246882400544 -0.8782476824200223
1894 -0.8782463370202215 -0.8782457975014138
1895 -0.8782471474830906 -0.8782479625278361
1896 -0.8782466158662176 -0.878246087569403
1897 -0.8782474362425642 -0.8782482586304539
1898 -0.8782469107852066 -0.878246386155763
1899 -0.8782477336026954 -0.8782485560218697
1900 -0.8782472071738564 -0.8782466793439371
1901 -0.8782480257572697 -0.8782488419060029
1902 -0.8782474922354186 -0.8782469554563167
1903 -0.8782483010517774 -0.8782491057930132
1904 -0.8782477554504881 -0.8782472051021348
1905 -0.8782485500603832 -0.878249339286002
1906 -0.8782479883671255 -0.8782474207132402
1907 -0.8782487651642832 -0.8782495354936081
1908 -0.8782481840541729 -0.8782475959556715
1909 -0.8782489400108363 -0.8782496885832303
1910 -0.8782483366711737 -0.8782477254746205
1911 -0.8782490691526146 -0.8782497933999942
1912 -0.8782484410290223 -0.8782478042124536
1913 -0.8782491475637815 -0.8782498450788976
1914 -0.8782484923894177 -0.8782478278769027
1915 -0.8782491709585557 -0.8782498399198676
1916 -0.8782484871066517 -0.8782477935231859
1917 -0.8782491364574985 -0.8782497759294426
1918 -0.8782484231435657 -0.8782476999780692
1919 -0.8782490429017832 -0.8782496527978382
1920 -0.878248300152458 -0.8782475476814674
1921 -0.8782488908643362 -0.8782494721137039
1922 -0.8782481197861375 -0.8782473395632419
1923 -0.8782486833143013 -0.8782492382659588
1924 -0.878247886718455 -0.878247082326165
1925 -0.8782484270448703 -0.878248960542488
1926 -0.8782476100021169 -0.878246787137699
1927 -0.8782481330220741 -0.8782486513860362
1928 -0.8782473021109398 -0.878246467809085
1929 -0.878247815127903 -0.8782483261885882
1930 -0.8782469784385368 -0.8782461413179382
1931 -0.8782474901445151 -0.8782480029270197
1932 -0.8782466567779985 -0.8782458260890388
1933 -0.8782471764555644 -0.8782477003506359
1934 -0.8782463557792224 -0.8782455408979937
1935 -0.8782468926242313 -0.8782474366240651
1936 -0.8782460932959575 -0.878245302365815
1937 -0.8782466551555532 -0.8782472264767808
1938 -0.8782458840273885 -0.8782451232395712
1939 -0.8782464766884942 -0.8782470803491321
1940 -0.8782457385258056 -0.878245011988715
1941 -0.8782463659768531 -0.8782470055927136
1942 -0.8782456639943564 -0.8782449744016421
1943 -0.8782463284848468 -0.8782470054601865
1944 -0.8782456636855329 -0.8782450111947718
1945 -0.8782463650414013 -0.8782470784692469
1946 -0.8782457361806424 -0.8782451188779098
1947 -0.8782464721858031 -0.8782472192102539
1948 -0.8782458761209687 -0.878245290274744
1949 -0.8782466427390542 -0.8782474187321664
1950 -0.8782460746117867 -0.8782455148284514
1951 -0.8782468661702066 -0.8782476649500037
1952 -0.8782463196316778 -0.8782457791165792
1953 -0.8782471291817435 -0.8782479434786491
1954 -0.8782465968957327 -0.8782460680919716
1955 -0.8782474168465292 -0.8782482389689689
1956 -0.8782468911922946 -0.8782463665159457
1957 -0.8782477140344139 -0.8782485366183294
1958 -0.8782471878262 -0.8782466603443269
1959 -0.8782480068149233 -0.8782488234821155
1960 -0.8782474738575153 -0.8782469377461053
1961 -0.8782482833863501 -0.8782490889308315
1962 -0.8782477386287916 -0.8782471892094402
1963 -0.8782485342031343 -0.8782493244691335
1964 -0.8782479735884867 -0.8782474070868884
1965 -0.8782487515689121 -0.8782495231507164
1966 -0.8782481717477947 -0.8782475850057813
1967 -0.8782489290863085 -0.8782496791024296
1968 -0.8782483272302538 -0.8782477175825523
1969 -0.8782490612913009 -0.8782497871889222
1970 -0.8782484348499197 -0.8782477997782859
1971 -0.8782491431580549 -0.8782498425069581
1972 -0.8782484898379126 -0.8782478272284955
1973 -0.8782491703334103 -0.8782498412647789
1974 -0.8782484884602706 -0.878247796887539
1975 -0.8782491398333753 -0.8782497813478093
1976 -0.8782484285606958 -0.8782477074467409
1977 -0.8782490503795938 -0.8782496623442331
1978 -0.8782483096728294 -0.8782475592275162
1979 -0.8782489024025443 -0.8782494856358851
1980 -0.8782481332754628 -0.8782473549629886
1981 -0.87824869865586 -0.8782492553687078
1982 -0.8782479037614456 -0.8782471009526419
1983 -0.8782484455985907 -0.8782489804744246
1984 -0.8782476298582411 -0.8782468081476588
1985 -0.8782481539421793 -0.8782486732044563
1986 -0.8782473238288002 -0.8782464901342875
1987 -0.8782478373472514 -0.8782483487030122
1988 -0.8782470008422716 -0.8782461636895168
1989 -0.878247512406556 -0.8782480248271404
1990 -0.8782466785618336 -0.8782458471688452
1991 -0.8782471974280028 -0.8782477202880247
1992 -0.8782463756094127 -0.8782455593713699
1993 -0.8782469110221861 -0.8782474534071656
1994 -0.8782461099842774 -0.8782453171742985
1995 -0.8782466699139956 -0.8782472391605244
1996 -0.8782458966583401 -0.8782451336401993
1997 -0.878246487038811 -0.8782470883157116
1998 -0.8782457464571589 -0.8782450174155676
1999 -0.8782463713832541 -0.8782470084184844
2000 -0.8782456668195192 -0.878244974624507
2001 -0.878246328714685 -0.8782470031010647
2002 -0.878245661350506 -0.8782450063259477
2003 -0.878246360201866 -0.8782470711785871
2004 -0.8782457289374986 -0.8782451093079631
2005 -0.878246462666068 -0.8782472075116559
2006 -0.878245864489605 -0.8782452766491979
2007 -0.878246629183867 -0.8782474033907495
2008 -0.8782460593509888 -0.8782454980130212
2009 -0.8782468494413469 -0.8782476469202726
2010 -0.8782463016916869 -0.8782457601417698
2011 -0.8782471102986641 -0.8782479238339528
2012 -0.8782465773384147 -0.8782460480395244
2013 -0.8782473968839897 -0.8782482187784945
2014 -0.8782468710783854 -0.8782463464171404
2015 -0.878247694014869 -0.8782485168489753
2016 -0.8782471681180052 -0.8782466410879032
2017 -0.878247987621689 -0.8782488049281918
2018 -0.8782474553516653 -0.878246920038904
2019 -0.8782482657262621 -0.8782490722116939
2020 -0.8782477219484569 -0.878247173594776
2021 -0.8782485186227246 -0.8782493100617071
2022 -0.8782479592137816 -0.8782473939848646
2023 -0.8782487384931118 -0.8782495114327666
2024 -0.8782481600586731 -0.8782475747583909
2025 -0.8782489188565873 -0.8782496703786071
2026 -0.8782483185373877 -0.878247710475168
2027 -0.8782490542054759 -0.8782497817626559
2028 -0.8782484294469133 -0.8782477961029193
2029 -0.8782491395015994 -0.8782498406392263
2030 -0.8782484879833335 -0.8782478272078581
2031 -0.878249170328164 -0.8782498431374103
2032 -0.8782484903353399 -0.8782478006607538
2033 -0.8782491436132882 -0.8782497870417033
2034 -0.8782484342486092 -0.8782477150433734
2035 -0.8782490579842527 -0.878249671867684
2036 -0.8782483191687799 -0.8782475705952848
2037 -0.8782489137646524 -0.8782494988309912
2038 -0.8782481464396535 -0.8782473698926876
2039 -0.8782487135328095 -0.8782492718747528
2040 -0.8782479202131505 -0.8782471188720137
2041 -0.8782484634524494 -0.8782489996105844
2042 -0.8782476489258285 -0.8782468282948896
2043 -0.8782481740081152 -0.8782486941188735
2044 -0.8782473446544105 -0.8782465115494703
2045 -0.8782478586611623 -0.8782483703151448
2046 -0.8782470223523879 -0.8782461851925504
2047 -0.878247533809471 -0.8782480459207191
2048 -0.8782466995476415 -0.8782458675296562
2049 -0.8782472176873228 -0.8782477396115946
2050 -0.8782463948315696 -0.8782455773534595
2051 -0.8782469289316327 -0.8782474698298455
2052 -0.8782461263150686 -0.8782453317619026
2053 -0.8782466844512182 -0.8782472517619081
2054 -0.8782459092064183 -0.8782451440954455
2055 -0.8782464974410339 -0.8782470964657491
2056 -0.8782457545694107 -0.8782450231470387
2057 -0.8782463770875623 -0.8782470116498999
2058 -0.8782456700450169 -0.8782449753381132
2059 -0.8782463294284284 -0.8782470012972732
2060 -0.8782456595637939 -0.8782450020559959
2061 -0.8782463559538431 -0.8782470645082611
2062 -0.878245722307296 -0.8782451003576323
2063 -0.8782464537592073 -0.8782471964117295
2064 -0.8782458534508882 -0.8782452635833039
2065 -0.8782466161821141 -0.8782473885513096
2066 -0.8782460445882626 -0.8782454816301749
2067 -0.8782468331406631 -0.8782476292405053
2068 -0.8782462840995127 -0.8782457414278581
2069 -0.8782470916746453 -0.878247904355573
2070 -0.8782465579474937 -0.8782460280590506
2071 -0.878247376994036 -0.8782481985674849
2072 -0.8782468509472392 -0.8782463262151828
2073 -0.878247673894713 -0.8782484969014722
2074 -0.8782471482364841 -0.8782466215927981
2075 -0.8782479681945233 -0.8782487860893002
2076 -0.8782474365665021 -0.8782469020174082
2077 -0.8782482477578625 -0.8782490551668795
2078 -0.8782477049473671 -0.878247157657814
2079 -0.878248502726053 -0.8782492953534659
2080 -0.8782479445424748 -0.8782473806161444
2081 -0.8782487251562799 -0.8782494994992294
2082 -0.8782481481567156 -0.8782475643547734
2083 -0.8782489084738661 -0.8782496615675958
2084 -0.8782483097579282 -0.8782477033514159
2085 -0.8782490471039287 -0.8782497763927749
2086 -0.8782484240990466 -0.8782477925529492
2087 -0.8782491359687995 -0.8782498389606744
2088 -0.8782484863164912 -0.8782478274358501
2089 -0.8782491705671055 -0.8782498453047916
2090 -0.8782484925029713 -0.878247804768272
2091 -0.8782491477214974 -0.8782497930914286
2092 -0.8782484402887224 -0.8782477230064668
2093 -0.8782490659495985 -0.8782496817509003
2094 -0.878248329019827 -0.8782475823021139
2095 -0.8782489254605762 -0.8782495123287144
2096 -0.8782481599022168 -0.8782473850758222
2097 -0.8782487286595773 -0.878249288574195
2098 -0.8782479368549366 -0.8782471369147926
2099 -0.8782484814272867 -0.8782490187928726
2100 -0.878247668038088 -0.8782468484065987
2101 -0.878248194038556 -0.8782487149161972
2102 -0.8782473653633126 -0.8782465327671426
2103 -0.8782478797794325 -0.8782483916549586
2104 -0.8782470435930182 -0.8782462063569543
2105 -0.8782475548764445 -0.8782480666174217
2106 -0.8782467201411869 -0.8782458874491856
2107 -0.8782472375103575 -0.8782477584644658
2108 -0.8782464135877873 -0.8782455948497113
2109 -0.8782469463556707 -0.8782474857528364
2110 -0.8782461421589755 -0.8782453458743801
2111 -0.8782466985100026 -0.8782472639027931
2112 -0.8782459213029984 -0.8782451541318236
2113 -0.8782465074327629 -0.8782471042636737
2114 -0.8782457623328953 -0.8782450286031901
2115 -0.8782463825187863 -0.8782470146894962
2116 -0.8782456730818974 -0.8782449759530068
2117 -0.8782463300442079 -0.8782469994901219
2118 -0.8782456577749497 -0.8782449978817214
2119 -0.8782463518005379 -0.8782470580297714
2120 -0.8782457158680238 -0.8782450916925798
2121 -0.8782464451348085 -0.8782471856820754
2122 -0.878245842778942 -0.8782452509621719
2123 -0.8782466036210071 -0.8782473742187751
2124 -0.8782460303277243 -0.878245465802227
2125 -0.8782468173904991 -0.8782476121504961
2126 -0.8782462670908292 -0.8782457233197651
2127 -0.8782470736508902 -0.8782478854824098
2128 -0.8782465391565374 -0.8782460086674377
2129 -0.8782473576877295 -0.8782481789133417
2130 -0.878246831368697 -0.878246306525312
2131 -0.8782476542819017 -0.8782484774070518
2132 -0.8782471288052678 -0.87824660248344
2133 -0.8782479491497317 -0.8782487675587036
2134 -0.8782474180882582 -0.8782468842226312
2135 -0.8782482300139622 -0.8782490382605518
2136 -0.8782476880843406 -0.8782471417698386
2137 -0.8782484868790327 -0.8782492806067075
2138 -0.8782479298336877 -0.878247367124517
2139 -0.8782487116986636 -0.8782494873647662
2140 -0.87824813605662 -0.8782475536805768
2141 -0.8782488978235791 -0.878249652425394
2142 -0.8782483006506602 -0.8782476958460097
2143 -0.8782490396243587 -0.8782497706016726
2144 -0.8782484183336315 -0.8782477885532127
2145 -0.8782491319908647 -0.8782498368177093
2146 -0.8782484841894594 -0.8782478271974568
2147 -0.8782491703431253 -0.8782498470142107
2148 -0.8782484942173499 -0.8782478084403825
2149 -0.8782491513972795 -0.8782497987372461
2150 -0.8782484459284001 -0.8782477306075722
2151 -0.8782490735546905 -0.8782496913192537
2152 -0.8782483385581381 -0.878247593747589
2153 -0.8782489368959103 -0.878249525620889
2154 -0.878248173160041 -0.8782474001116455
2155 -0.8782487436382848 -0.87824930518232
2156 -0.8782479534051438 -0.8782471549214663
2157 -0.8782484993639014 -0.8782490379879182
2158 -0.8782476871614038 -0.8782468685748275
2159 -0.8782482141232989 -0.8782487358071517
2160 -0.8782473861636259 -0.8782465541088987
2161 -0.8782479010189914 -0.8782484131409245
2162 -0.878247064977317 -0.8782462276821286
2163 -0.8782475761015837 -0.8782480874816984
2164 -0.8782467408999922 -0.8782459075361504
2165 -0.8782472574989556 -0.8782477774790188
2166 -0.8782464325036331 -0.8782456124957306
2167 -0.878246963916464 -0.8782475017746433
2168 -0.8782461581180053 -0.8782453600836428
2169 -0.8782467126452805 -0.8782472760775566
2170 -0.8782459334431616 -0.8782451641682862
2171 -0.8782465174350316 -0.8782471120592523
2172 -0.8782457700942855 -0.8782450340553185
2173 -0.8782463879447767 -0.87824701771976
2174 -0.8782456761117716 -0.8782449765602374
2175 -0.8782463306554691 -0.8782469976864112
2176 -0.8782456559940055 -0.8782449937353689
2177 -0.8782463476791333 -0.8782470516156212
2178 -0.8782457094972683 -0.8782450831408162
2179 -0.8782464366259894 -0.8782471751215325
2180 -0.8782458322774452 -0.8782452385699882
2181 -0.8782465912903255 -0.8782473601794567
2182 -0.8782460163590464 -0.8782454503276952
2183 -0.8782468019929611 -0.878247595471732
2184 -0.8782462504911323 -0.87824570567397
2185 -0.8782470560876784 -0.8782478671173334
2186 -0.8782465208706447 -0.8782459898206307
2187 -0.8782473389230584 -0.8782481598312112
2188 -0.8782468123581374 -0.8782462874225706
2189 -0.8782476352523444 -0.8782484585032517
2190 -0.878247109959725 -0.8782465839533533
2191 -0.878247930679144 -0.8782487495808272
2192 -0.8782474001573185 -0.8782468669377752
2193 -0.8782482127739287 -0.8782490218031835
2194 -0.8782476716648669 -0.8782471262536423
2195 -0.8782484713982347 -0.8782492661378782
2196 -0.8782479153979791 -0.8782473538024166
2197 -0.8782486984060371 -0.8782494752778165
2198 -0.8782481240007615 -0.8782475429220512
2199 -0.8782488870871612 -0.878249643061616
2200 -0.8782482913202173 -0.8782476879769849
2201 -0.8782490317813315 -0.878249764305394
2202 -0.8782484120655738 -0.8782477839143427
2203 -0.8782491273768397 -0.8782498339107829
2204 -0.8782484813030269 -0.8782478260839556
2205 -0.8782491692499498 -0.8782498477551113
2206 -0.8782484949687674 -0.878247811067236
2207 -0.8782491540358476 -0.878249803285196
2208 -0.8782484504773894 -0.8782477370797368
2209 -0.8782490800286111 -0.8782496997209009
2210 -0.8782483469550165 -0.8782476040644124
2211 -0.8782489471908345 -0.8782495377871905
2212 -0.8782481853108247 -0.8782474140808719
2213 -0.8782487575660295 -0.8782493208300266
2214 -0.8782479689979296 -0.8782471720828912
2215 -0.8782485164603765 -0.8782490564682124
2216 -0.8782477055739853 -0.8782468881708532
