"report-def-0-rfile"
"Iteration" "report-def-0"
("Iteration" "report-def-0" "report-def-0(instantaneous values)")
1 -0.9376144067091583 -0.9376144067091583
2 -0.876853499568941 -0.8160925924287238
3 -0.8626411299267284 -0.8342163906423032
4 -0.8315730628724552 -0.8444102055463391
5 -0.8383907618135478 -0.8365456892520012
6 -0.8379992729781449 -0.8330419241360946
7 -0.831250393881362 -0.8241635682559904
8 -0.8182903410401399 -0.7976655307283349
9 -0.7960058089099161 -0.7661883277454234
10 -0.7659551251441711 -0.7340115169587552
11 -0.7343544948351254 -0.7028636398011976
12 -0.7042332058951235 -0.6758244609254177
13 -0.6771642976656741 -0.6528047922704068
14 -0.6538162091933614 -0.6328193743842596
15 -0.6336618149673868 -0.6153612782474942
16 -0.6162070103132365 -0.6004403783079558
17 -0.6010989398382574 -0.5874951629593221
18 -0.5880651533268881 -0.5762599187133863
19 -0.5768201667680684 -0.5667054186314967
20 -0.5672835013854298 -0.5588851668114065
21 -0.5594219000341011 -0.5526751146593999
22 -0.5531261389134081 -0.5478181352694181
23 -0.5481565072642721 -0.5439762718639986
24 -0.5442182155168548 -0.5408602394171477
25 -0.5410331654954815 -0.5382629852052986
26 -0.5383996691708203 -0.5360757828900148
27 -0.536177083402487 -0.5341924821121481
28 -0.5342779145567674 -0.5325654786681395
29 -0.5326253665369546 -0.5311181388305765
30 -0.5311459205155646 -0.5297541440479782
31 -0.5297661492905822 -0.5284261649931921
32 -0.5284376012944939 -0.5271324948423117
33 -0.5271452820354195 -0.5258771862707552
34 -0.5258905012661739 -0.5246618226854547
35 -0.5246743025403108 -0.5234838986647224
36 -0.5234999193881671 -0.522354036814324
37 -0.5223718836795918 -0.5212777155597289
38 -0.5213013433900642 -0.5202722777961395
39 -0.5202991898066571 -0.5193475760641031
40 -0.5193720215804308 -0.5184962108810498
41 -0.5185201096209949 -0.517716541917832
42 -0.5177508908369252 -0.5170399197118933
43 -0.5170913270689755 -0.5165175195772008
44 -0.5165272352240037 -0.5160242663829167
45 -0.5160176182316807 -0.5155110687349246
46 -0.5155195613168463 -0.5150233488326976
