"report-def-1-rfile"
"Iteration" "report-def-1"
("Iteration" "report-def-1")
1 -135.2027822311106
2 -117.3431765391452
3 -110.3837274188824
4 -106.8045027566514
5 -102.4605647751751
6 -99.58772386622256
7 -97.0299137062224
8 -93.33040238430829
9 -89.350073931547
10 -85.41726705075051
11 -81.61203829481325
12 -78.1473453745666
13 -75.2676024823312
14 -72.83144238124282
15 -70.76971369450705
16 -69.00405082788541
17 -67.49698040773134
18 -66.21577632041176
19 -65.1357019658299
20 -64.23853353521898
21 -63.49810452584981
22 -62.88757098736055
23 -62.37809007478318
24 -61.95663132858795
25 -61.60236009399003
26 -61.31786265163653
27 -61.08661699181143
28 -60.90340064855695
29 -60.73564185812047
30 -60.58910890444727
31 -60.43978679688517
32 -60.29383043038031
33 -60.13992430844975
34 -59.98337083470135
35 -59.81946796298217
36 -59.65087633512624
37 -59.47760778830141
38 -59.30568533197426
39 -59.13800157304867
40 -58.97717711185586
41 -58.82378342300298
42 -58.68047545190711
43 -58.54574122862406
44 -58.41919323151899
45 -58.3030770926234
46 -58.19785402081215
47 -58.1024773208561
48 -58.01724629001688
49 -57.94172777093686
50 -57.875048653504
51 -57.85259617787797
52 -57.79036198915161
53 -57.77641991748771
54 -57.74355677181422
55 -57.75733327310742
56 -57.7547290558079
57 -57.78633258853236
58 -57.8292618352889
59 -57.86934644251829
60 -57.92541941806145
61 -57.99279447751379
62 -58.07562376033158
63 -58.16452962267515
64 -58.26533117492333
65 -58.36499863545155
66 -58.47210442202846
67 -58.57190597793667
68 -58.67702361299511
69 -58.77369922791836
70 -58.8736607881518
71 -58.96244224678033
72 -59.04985792513502
73 -59.12408716354636
74 -59.1957512948952
75 -59.25340358290198
76 -59.31095097253348
77 -59.35718021758323
78 -59.40502768900745
79 -59.44297304760209
80 -59.49265825649736
81 -59.51576374525023
82 -59.55269793339374
83 -59.58375210996871
84 -59.61866587059744
85 -59.64942042493483
86 -59.68351212597018
87 -59.70663291209183
88 -59.73737861408755
89 -59.75783624791697
90 -59.78490878907355
91 -59.80115905315788
92 -59.82395306653942
93 -59.83440952869491
94 -59.85155397932101
95 -59.85392135988928
96 -59.86750852108374
97 -59.8717074702253
98 -59.88182435371702
99 -59.88661410880138
100 -59.90014207628631
101 -59.90577349207132
102 -59.92039990737451
103 -59.9264868339064
104 -59.94312379214018
105 -59.95195092298115
106 -59.97162122140803
107 -59.98376466436294
108 -60.00615378262297
109 -60.01923429110187
110 -60.04018298365567
111 -60.04983270785988
112 -60.06622965650077
113 -60.07149827779978
114 -60.0839546929755
115 -60.08439893666313
116 -60.09418133740174
117 -60.09436483825628
118 -60.10438472866641
119 -60.10397863973531
120 -60.11424997279951
121 -60.11547526891223
122 -60.12691741532148
123 -60.12848819461313
124 -60.14005182843972
125 -60.14211817803838
126 -60.15557279103227
127 -60.15985762473272
128 -60.17505633648296
129 -60.17978874002232
130 -60.1945198068836
131 -60.19822783490081
132 -60.21193325997687
133 -60.21429317961535
134 -60.22677826055509
135 -60.22725894830517
136 -60.23735767898471
137 -60.23709844884952
138 -60.24680001334321
139 -60.2453253112168
140 -60.25412505642582
141 -60.25142971531276
142 -60.25957506901865
143 -60.25550035302069
144 -60.26475372459296
145 -60.26066092919338
146 -60.26890635171073
147 -60.26392321507853
148 -60.2713853958298
149 -60.26616820862684
150 -60.27325791654236
151 -60.26811101336877
152 -60.27509426346631
153 -60.26998098048803
154 -60.27665865894932
155 -60.27152880684802
156 -60.27722327887697
157 -60.27143776029784
158 -60.27749003543823
159 -60.2721893501724
160 -60.27842245638355
161 -60.27312745064422
162 -60.27943247750399
163 -60.27363192182654
164 -60.2806724117283
165 -60.27520888487684
166 -60.28207030367734
167 -60.27622283212317
168 -60.28291386083752
169 -60.2770161882645
170 -60.28348575805981
171 -60.27762887668275
172 -60.28398423871614
173 -60.27821402845485
174 -60.28455406414635
175 -60.27881108937216
176 -60.28506126775564
177 -60.27916557377443
178 -60.28524762625452
179 -60.27960564646146
180 -60.2850302835904
181 -60.27825327906784
182 -60.28437166893104
183 -60.27796436942457
184 -60.28401991003473
185 -60.27731909518035
186 -60.28344605451707
187 -60.27664260783639
188 -60.282832701262
189 -60.27603369242247
190 -60.2821739731407
191 -60.27548643005004
192 -60.28156943146342
193 -60.27499929902579
194 -60.28108028028011
195 -60.27461750867768
196 -60.28074148957009
197 -60.27436597084304
198 -60.28056080743784
199 -60.27423885337572
200 -60.28050369624809
201 -60.27419460132279
202 -60.28056870356205
203 -60.27425594411572
204 -60.28073310092903
205 -60.27437795706282
206 -60.28092729196968
207 -60.27450389011841
208 -60.28108012483624
209 -60.27460146778706
210 -60.28115303584299
211 -60.27467792369696
212 -60.28116499268529
213 -60.27472515724251
214 -60.28114587991008
215 -60.2747309459543
216 -60.28111649654266
217 -60.27471466047266
218 -60.28109156081736
219 -60.27468670630101
220 -60.28107048539535
221 -60.27465371496552
222 -60.28106114901222
223 -60.27461903404986
224 -60.28106087606002
225 -60.27458437029523
226 -60.28106151586522
227 -60.27454861700205
228 -60.28105194213374
229 -60.27450898840625
230 -60.2810151217187
231 -60.27445261133525
232 -60.28093637989522
233 -60.27438075003495
234 -60.28083042012246
235 -60.27428550374529
236 -60.28070440303877
237 -60.27416856759787
238 -60.28057554266361
239 -60.27404891884391
240 -60.28046317149258
241 -60.2739473825802
242 -60.28038625117678
243 -60.27388158411708
244 -60.28035114158245
245 -60.27385204945282
246 -60.280359577366
247 -60.27386296103619
248 -60.28040000561992
249 -60.27389956746745
250 -60.28045159876658
251 -60.27394481003873
252 -60.28049721337987
253 -60.27398695621496
254 -60.28052424514916
255 -60.2740048812373
256 -60.28052249176724
257 -60.27399897519802
258 -60.28050085544812
259 -60.27397550993015
260 -60.2804710696597
261 -60.27394568711033
262 -60.28044307877539
263 -60.27392013476023
264 -60.280427957325
265 -60.27390936031884
266 -60.28043167647951
267 -60.2739165676756
268 -60.28045253592828
269 -60.27393817366958
270 -60.28048189744866
271 -60.27396436090454
272 -60.28050707127227
273 -60.27398202376534
274 -60.2805150671187
275 -60.27398135324759
276 -60.2805036059392
277 -60.27396054792499
278 -60.28046906236165
279 -60.2739171929784
280 -60.28041449381065
281 -60.27385695698579
282 -60.28034986259273
283 -60.27379174390411
284 -60.28028784809174
285 -60.27373430146363
286 -60.28024043673398
287 -60.27369586673125
288 -60.28021512221834
289 -60.27367989255919
290 -60.28021296596017
291 -60.27368726712036
292 -60.28023093792581
293 -60.27371150291196
294 -60.28026036781498
295 -60.27374332245748
296 -60.28029163870564
297 -60.27377171138453
298 -60.28031423619516
299 -60.27378764018205
300 -60.28032197246728
301 -60.27378799439014
302 -60.28031496847844
303 -60.27377481168255
304 -60.28029697125321
305 -60.27375353540684
306 -60.28027492172839
307 -60.27373174820481
308 -60.28025616969866
309 -60.27371639418928
310 -60.28024625131026
311 -60.27371125928732
312 -60.2802467484498
313 -60.27371600373129
314 -60.28025522708864
315 -60.27372664781402
316 -60.28026679604711
317 -60.27373775573562
318 -60.28027657683074
319 -60.27374481888474
320 -60.28028011118584
321 -60.27374346944716
322 -60.28027334633923
323 -60.27373116703157
324 -60.28025598738974
325 -60.27370970978558
326 -60.28023167042424
327 -60.27368372802069
328 -60.28020584575627
329 -60.27365920359441
330 -60.28018454685608
331 -60.27364191446351
332 -60.28017259077569
333 -60.27363545530383
334 -60.28017207050853
335 -60.27364033344639
336 -60.28018187146618
337 -60.27365397045223
338 -60.28019820197784
339 -60.27367172851363
340 -60.28021589440461
341 -60.27368809349983
342 -60.28022962323907
343 -60.27369834839081
344 -60.28023575456111
345 -60.27370004333325
346 -60.28023311587845
347 -60.27369332181978
348 -60.28022310427207
349 -60.27368068622907
350 -60.28020912669387
351 -60.27366621537155
352 -60.28019542083925
353 -60.27365404166326
354 -60.28018569296991
355 -60.27364726367342
356 -60.28018216725968
357 -60.27364702845322
358 -60.28018491725174
359 -60.27365236159982
360 -60.28019213082976
361 -60.27366075395874
362 -60.28020089926987
363 -60.2736690084599
364 -60.28020788005266
365 -60.27367395178265
366 -60.280210314624
367 -60.27367347561719
368 -60.28020690664547
369 -60.2736672254899
370 -60.28019831081294
371 -60.27365676025432
372 -60.28018677302578
373 -60.27364485893476
374 -60.28017537996704
375 -60.2736346150856
376 -60.28016701485852
377 -60.27362856114208
378 -60.28016366263627
379 -60.27362797120841
380 -60.28016576351549
381 -60.27363248677499
382 -60.28017219623428
383 -60.27364030398505
384 -60.28018068652747
385 -60.27364881194644
386 -60.28018849322552
387 -60.27365533028168
388 -60.28019324512432
389 -60.27365796736163
390 -60.28019363406015
391 -60.27365605712922
392 -60.2801896701056
393 -60.27365028166612
394 -60.28018260287969
395 -60.27364238566059
396 -60.28017452833326
397 -60.27363462071179
398 -60.28016764696145
399 -60.27362902212046
400 -60.28016368744117
401 -60.27362689089944
402 -60.28016341249926
403 -60.27362840193713
404 -60.28016644743998
405 -60.27363265137295
406 -60.28017145961775
407 -60.27363800711422
408 -60.28017663498085
409 -60.27364256673305
410 -60.28018017126293
411 -60.27364478058634
412 -60.28018088791283
413 -60.27364389522773
414 -60.28017850695336
415 -60.27364014474294
416 -60.28017370430936
417 -60.27363459117451
418 -60.28016785878295
419 -60.27362881386499
420 -60.28016258015361
421 -60.27362435683258
422 -60.28015924975229
423 -60.27362234399618
424 -60.28015864487245
425 -60.27362314998399
426 -60.28016070942547
427 -60.27362628849179
428 -60.28016460782425
429 -60.27363065001559
430 -60.28016905059563
431 -60.27363483394828
432 -60.28017264016803
433 -60.27363756441865
434 -60.28017432536267
435 -60.27363808764706
436 -60.28017368357823
437 -60.27363632077737
438 -60.28017097456914
439 -60.27363284444229
440 -60.28016703571034
441 -60.2736287080365
442 -60.28016302327342
443 -60.27362507731089
444 -60.28016002607094
445 -60.27362290212244
446 -60.28015879739753
447 -60.27362266772002
448 -60.2801595128859
449 -60.27362424710446
450 -60.28016176238958
451 -60.27362697691294
452 -60.28016471486805
453 -60.27362991591929
454 -60.28016737618486
455 -60.2736320936948
456 -60.28016890359837
457 -60.2736328500762
458 -60.28016884947863
459 -60.27363197244675
460 -60.28016725194811
461 -60.27362975047934
462 -60.28016460453838
463 -60.27362685964762
464 -60.28016170385358
465 -60.27362413908104
466 -60.28015936216592
467 -60.27362233481803
468 -60.28015820671006
469 -60.27362190146187
470 -60.28015848459581
471 -60.27362285994745
472 -60.28016000790139
473 -60.27362482448645
474 -60.28016223590876
475 -60.27362714982981
476 -60.28016446029589
477 -60.27362910743562
478 -60.28016600301589
479 -60.27363012680509
480 -60.28016643800802
481 -60.27362994488017
482 -60.28016567894969
483 -60.27362865818066
484 -60.28016398470315
485 -60.27362667259747
486 -60.28016187891288
487 -60.27362458591327
488 -60.28015996771209
489 -60.27362297961814
490 -60.28015877183078
491 -60.27362227072196
492 -60.28015857675782
493 -60.27362259081473
494 -60.28015935398804
495 -60.27362375525227
496 -60.28016078778463
497 -60.27362535014397
498 -60.28016239923076
499 -60.27362685498179
500 -60.28016367762257
501 -60.273627809559
502 -60.28016424588086
503 -60.27362794922029
504 -60.28016396291549
505 -60.27362725912755
506 -60.28016293841239
507 -60.27362596925317
508 -60.28016149954489
509 -60.27362448059574
510 -60.28016007800679
511 -60.27362322596592
512 -60.28015907602515
513 -60.27362254782557
514 -60.28015875827014
515 -60.27362260755781
516 -60.28015916880047
517 -60.27362333491077
518 -60.28016013588822
519 -60.27362447004545
520 -60.28016133896796
521 -60.27362565085362
522 -60.28016240209772
523 -60.27362651743312
524 -60.28016301301996
525 -60.27362682982366
526 -60.28016301392438
527 -60.27362651789633
528 -60.28016242875404
529 -60.27362569770508
530 -60.28016144985862
531 -60.27362462901846
532 -60.28016037799035
533 -60.27362362778875
534 -60.28015951959165
535 -60.27362297255037
536 -60.28015910761607
537 -60.2736228293133
538 -60.28015922818856
539 -60.27362320157786
540 -60.28015980664323
541 -60.27362394104978
542 -60.28016063837054
543 -60.27362480349214
544 -60.28016145851867
545 -60.273625519236
546 -60.28016201853929
547 -60.27362588299623
548 -60.28016216579193
549 -60.27362580242654
550 -60.28016187485287
551 -60.27362532072979
552 -60.28016124946936
553 -60.2736245954269
554 -60.28016048791391
555 -60.27362385032762
556 -60.2801598149469
557 -60.2736232988297
558 -60.28015942110606
559 -60.27362308953799
560 -60.28015940335774
561 -60.27362326262897
562 -60.28015974223398
563 -60.2736237412846
564 -60.28016031372353
565 -60.27362436548124
566 -60.28016093666867
567 -60.27362494005603
568 -60.28016142051197
569 -60.2736252974224
570 -60.28016162896505
571 -60.27362534294834
572 -60.28016151542352
573 -60.27362507722175
574 -60.28016112642085
575 -60.27362459092026
576 -60.28016058802213
577 -60.27362403787038
578 -60.28016006263672
579 -60.27362357860498
580 -60.28015970056846
581 -60.27362333903785
582 -60.28015959646496
583 -60.27362337615747
584 -60.28015976306045
585 -60.27362365963775
586 -60.28016013251649
587 -60.27362408952716
588 -60.2801605846707
589 -60.27362452934017
590 -60.28016097876298
591 -60.27362484756117
592 -60.28016119989449
593 -60.27362495674742
594 -60.2801611936066
595 -60.27362483463706
596 -60.28016097209301
597 -60.27362452803173
598 -60.28016061037575
599 -60.27362413659991
600 -60.28016022090915
601 -60.27362377812661
602 -60.28015991801237
603 -60.27362355311655
604 -60.28015978519656
605 -60.27362352086438
606 -60.2801598500605
607 -60.27362367847919
608 -60.28016008143582
609 -60.27362396758477
610 -60.28016040135303
611 -60.27362429484978
612 -60.28016071028421
613 -60.27362456118708
614 -60.280160916011
615 -60.27362469172128
616 -60.28016096429976
617 -60.27362465419607
618 -60.28016084903369
619 -60.27362446813844
620 -60.28016061159478
621 -60.27362419532392
622 -60.28016032696625
623 -60.2736239199586
624 -60.28016008023013
625 -60.27362372064665
626 -60.28015994107675
627 -60.27362365100602
628 -60.28015994281831
629 -60.2736237240612
630 -60.28016007620204
631 -60.2736239089261
632 -60.28016029397041
633 -60.27362414406937
634 -60.28016052749192
635 -60.27362435732201
636 -60.28016070579481
637 -60.27362448725259
638 -60.28016077934326
639 -60.27362449958543
640 -60.28016073303352
641 -60.27362439685443
642 -60.28016058604197
643 -60.27362421513258
644 -60.28016038637593
645 -60.27362401238292
646 -60.2801601951739
647 -60.27362384773462
648 -60.28016006792119
649 -60.27362376681808
650 -60.28016003752209
651 -60.27362378917131
652 -60.28016010707474
653 -60.27362390157439
654 -60.2801602501072
655 -60.27362406553465
656 -60.2801604209607
657 -60.27362422968282
658 -60.28016056685527
659 -60.27362434599194
660 -60.28016064603575
661 -60.27362438249062
662 -60.28016063929885
663 -60.27362433256377
664 -60.28016055297805
665 -60.27362421519209
666 -60.28016041639705
667 -60.27362406893432
668 -60.28016027171516
669 -60.27362393732388
670 -60.28016016196985
671 -60.2736238575656
672 -60.28016011687053
673 -60.27362385025319
674 -60.28016014553275
675 -60.27362391308868
676 -60.28016023494915
677 -60.27362402357959
678 -60.2801603560341
679 -60.27362414594228
680 -60.28016047090001
681 -60.27362424410111
682 -60.28016054582407
683 -60.27362429035501
684 -60.28016056124642
685 -60.27362427370912
686 -60.28016051582362
687 -60.273624202231
688 -60.28016042636176
689 -60.27362410039083
690 -60.28016032072583
691 -60.27362399943549
692 -60.2801602312474
693 -60.27362392835541
694 -60.28016018299279
695 -60.27362390636551
696 -60.28016018745396
697 -60.27362393700596
698 -60.28016023998218
699 -60.27362400847549
700 -60.2801603228577
701 -60.27362409687764
702 -60.28016040994386
703 -60.27362417564321
704 -60.28016047511322
705 -60.27362422217979
706 -60.28016050045873
707 -60.2736242243983
708 -60.28016048067827
709 -60.27362418377443
710 -60.2801604243032
711 -60.27362411494985
712 -60.28016034937906
713 -60.27362403946864
714 -60.28016027896382
715 -60.27362397965897
716 -60.28016023345386
717 -60.27362395193688
718 -60.28016022455452
719 -60.27362396257024
720 -60.28016025253659
721 -60.27362400642571
722 -60.28016030733986
723 -60.2736240685097
724 -60.28016037127989
725 -60.27362412954399
726 -60.28016042510626
727 -60.27362417181121
728 -60.28016045338404
729 -60.27362418384541
730 -60.28016044928369
731 -60.27362416366612
732 -60.28016041592707
733 -60.2736241190937
734 -60.28016036457841
735 -60.27362406451627
736 -60.28016031121807
737 -60.27362401640688
738 -60.28016027158952
739 -60.27362398838353
740 -60.28016025645714
741 -60.27362398747384
742 -60.28016026877421
743 -60.27362401245912
744 -60.28016030340608
745 -60.27362405449266
746 -60.2801603489456
747 -60.27362410024695
748 -60.28016039135442
749 -60.27362413608491
750 -60.28016041835359
751 -60.27362415202657
752 -60.28016042285594
753 -60.27362414447808
754 -60.28016040480809
755 -60.27362411695336
756 -60.28016037074046
757 -60.27362407864513
758 -60.28016033147573
759 -60.27362404129864
760 -60.28016029878427
761 -60.27362401576736
762 -60.2801602818252
763 -60.2736240088256
764 -60.28016028464677
765 -60.27362402145325
766 -60.28016030529312
767 -60.27362404883839
768 -60.28016033672414
769 -60.27362408209338
770 -60.28016036908049
771 -60.27362411113918
772 -60.28016039280914
773 -60.27362412767948
774 -60.28016040143045
775 -60.27362412755448
776 -60.28016039326378
777 -60.27362411172746
778 -60.28016037164781
779 -60.27362408572613
780 -60.28016034363733
781 -60.27362405771299
782 -60.28016031778404
783 -60.27362403596928
784 -60.28016030151318
785 -60.27362402649222
786 -60.28016029903159
787 -60.27362403135972
788 -60.28016031027312
789 -60.27362404833892
790 -60.28016033117675
791 -60.27362407175237
792 -60.28016035507392
793 -60.27362409436834
794 -60.28016037475729
795 -60.27362410959603
796 -60.28016038468931
797 -60.2736241133772
798 -60.28016038250845
799 -60.27362410523671
800 -60.28016036953838
801 -60.27362408823147
802 -60.28016035016675
803 -60.27362406784108
804 -60.28016033041353
805 -60.27362405019726
806 -60.28016031607447
807 -60.27362404029493
808 -60.28016031103195
809 -60.27362404060055
810 -60.28016031622652
811 -60.27362405044789
812 -60.28016032956313
813 -60.27362406640616
814 -60.28016034667752
815 -60.27362408344989
816 -60.28016036233308
817 -60.27362409652098
818 -60.28016037200867
819 -60.27362410200907
820 -60.28016037321356
821 -60.27362409872525
822 -60.28016036607143
823 -60.27362408812743
824 -60.28016035313745
825 -60.27362407372863
826 -60.28016033851863
827 -60.27362405995255
828 -60.28016032658405
829 -60.27362405078344
830 -60.28016032067052
831 -60.27362404864644
832 -60.28016032216262
833 -60.27362405376757
834 -60.28016033020678
835 -60.27362406423565
836 -60.28016034207705
837 -60.27362407668027
838 -60.28016035407533
839 -60.27362408734049
840 -60.28016036267532
841 -60.27362409319069
842 -60.28016036554536
843 -60.27362409278368
844 -60.28016036216763
845 -60.27362408659093
846 -60.28016035388079
847 -60.2736240767519
848 -60.28016034338591
849 -60.27362406634711
850 -60.28016033387482
851 -60.27362405845089
852 -60.2801603280739
853 -60.27362405522901
854 -60.2801603274679
855 -60.2736240573614
856 -60.28016033194133
857 -60.27362406392053
858 -60.2801603398983
859 -60.27362407273483
860 -60.28016034880952
861 -60.27362408109367
862 -60.28016035600876
863 -60.27362408657211
864 -60.28016035948153
865 -60.27362408772606
866 -60.28016035842072
867 -60.27362408446055
868 -60.28016035339155
869 -60.27362407798092
870 -60.2801603460887
871 -60.2736240703636
872 -60.28016033877671
873 -60.27362406390007
874 -60.28016033359434
875 -60.27362406041496
876 -60.28016033193657
877 -60.27362406076023
878 -60.28016033408936
879 -60.27362406461846
880 -60.28016033920709
881 -60.27362407066018
882 -60.28016034562383
883 -60.27362407699273
884 -60.28016035138479
885 -60.27362408174337
886 -60.28016035483817
887 -60.2736240836084
888 -60.28016035510242
889 -60.2736240822039
890 -60.28016035227959
891 -60.27362407812488
892 -60.28016034736886
893 -60.27362407271622
894 -60.28016034192524
895 -60.27362406763459
896 -60.28016033757116
897 -60.27362406434769
898 -60.28016033551845
899 -60.27362406371613
900 -60.2801603362379
901 -60.27362406577529
902 -60.2801603393625
903 -60.27362406976955
904 -60.28016034384127
905 -60.27362407441989
906 -60.28016034828589
907 -60.27362407832707
908 -60.28016035139541
909 -60.27362408038774
910 -60.28016035233452
911 -60.27362408010237
912 -60.28016035095027
913 -60.27362407768643
914 -60.28016034777828
915 -60.27362407396685
916 -60.28016034384733
917 -60.27362407010574
918 -60.28016034035093
919 -60.27362406724045
920 -60.28016033828734
921 -60.27362406615357
922 -60.28016033817961
923 -60.27362406706264
924 -60.28016033994863
925 -60.27362406958864
926 -60.2801603429703
927 -60.27362407290023
928 -60.28016034628878
929 -60.27362407598322
930 -60.2801603489155
931 -60.27362407794757
932 -60.28016035011996
933 -60.27362407828079
934 -60.28016034962938
935 -60.27362407697689
936 -60.28016034768257
937 -60.27362407450966
938 -60.2801603449313
939 -60.27362407166676
940 -60.28016034222615
941 -60.27362406930138
942 -60.28016034035637
943 -60.27362406807895
944 -60.28016033982207
945 -60.27362406829272
946 -60.2801603407041
947 -60.27362406979888
948 -60.28016034266418
949 -60.27362407208348
950 -60.28016034506745
951 -60.27362407443343
952 -60.28016034718517
953 -60.27362407615696
954 -60.28016034841316
955 -60.27362407678444
956 -60.28016034844184
957 -60.2736240761938
958 -60.2801603473302
959 -60.27362407462645
960 -60.28016034546783
961 -60.27362407259615
962 -60.28016034344224
963 -60.27362407072344
964 -60.28016034185549
965 -60.27362406954738
966 -60.28016034114727
967 -60.27362406937297
968 -60.28016034147529
969 -60.27362407019467
970 -60.28016034268487
971 -60.27362407171558
972 -60.28016034437209
973 -60.27362407345096
974 -60.28016034601605
975 -60.27362407488045
976 -60.28016034713754
977 -60.27362407560261
978 -60.28016034743769
979 -60.27362407544587
980 -60.28016034687484
981 -60.27362407450554
982 -60.28016034566218
983 -60.27362407310089
984 -60.28016034419136
985 -60.2736240716694
986 -60.28016034290754
987 -60.27362407063158
988 -60.28016034217599
989 -60.27362407026905
990 -60.28016034217968
991 -60.27362407064984
992 -60.28016034287594
993 -60.27362407162032
994 -60.28016034402182
995 -60.27362407286316
996 -60.28016034525643
997 -60.27362407399913
998 -60.28016034621336
999 -60.27362407470155
1000 -60.28016034662789
1001 -60.27362407478911
1002 -60.2801603464092
1003 -60.27362407427077
1004 -60.28016034565696
1005 -60.27362407333245
1006 -60.28016034462143
1007 -60.27362407227248
1008 -60.28016034362174
1009 -60.27362407140794
1010 -60.28016034294846
1011 -60.27362407098093
1012 -60.28016034278036
1013 -60.27362407109188
1014 -60.28016034313811
1015 -60.27362407167782
1016 -60.28016034388724
1017 -60.27362407254036
1018 -60.2801603447863
1019 -60.27362407341137
1020 -60.28016034556357
1021 -60.27362407403531
1022 -60.28016034599841
1023 -60.2736240742434
1024 -60.28016034598268
1025 -60.27362407399814
1026 -60.28016034554638
1027 -60.2736240733969
1028 -60.28016034484098
1029 -60.27362407263564
1030 -60.2801603440881
1031 -60.27362407194641
1032 -60.28016034351079
1033 -60.2736240715267
1034 -60.28016034326819
1035 -60.27362407148433
1036 -60.28016034341248
1037 -60.27362407181039
1038 -60.28016034387951
1039 -60.27362407238861
1040 -60.28016034451446
1041 -60.27362407303551
1042 -60.28016034512179
1043 -60.27362407355776
1044 -60.28016034552532
1045 -60.27362407380942
1046 -60.28016034561832
1047 -60.27362407373209
1048 -60.2801603453911
1049 -60.27362407336696
1050 -60.28016034492812
1051 -60.27362407283705
1052 -60.28016034437829
1053 -60.27362407230686
1054 -60.28016034390744
1055 -60.27362407193159
1056 -60.28016034364899
1057 -60.27362407181242
1058 -60.28016034366664
1059 -60.27362407196973
1060 -60.28016034393957
1061 -60.27362407234188
1062 -60.28016034437348
1063 -60.27362407280776
1064 -60.28016034483231
1065 -60.27362407322571
1066 -60.28016034518028
1067 -60.27362407347614
1068 -60.28016034532175
1069 -60.27362407349499
1070 -60.28016034522688
1071 -60.27362407328989
1072 -60.28016034493685
1073 -60.27362407293353
1074 -60.28016034454752
1075 -60.27362407253865
1076 -60.28016034417843
1077 -60.27362407222314
1078 -60.28016034393659
1079 -60.27362407207485
1080 -60.28016034388553
1081 -60.27362407212771
1082 -60.2801603440294
1083 -60.27362407235492
1084 -60.28016034431523
1085 -60.27362407268024
1086 -60.28016034465127
1087 -60.27362407300274
1088 -60.28016034493626
1089 -60.27362407322823
1090 -60.28016034508966
1091 -60.27362407329615
1092 -60.28016034507396
1093 -60.27362407319545
1094 -60.28016034490329
1095 -60.27362407296513
1096 -60.28016034463629
1097 -60.27362407267988
1098 -60.28016034435669
1099 -60.27362407242643
1100 -60.28016034414694
1101 -60.27362407227709
1102 -60.28016034406457
1103 -60.27362407226973
1104 -60.28016034412644
1105 -60.2736240723985
1106 -60.28016034430639
1107 -60.27362407261806
1108 -60.28016034454507
1109 -60.27362407285895
1110 -60.28016034476924
1111 -60.27362407304948
1112 -60.28016034491407
1113 -60.27362407313666
1114 -60.28016034494164
1115 -60.27362407310079
1116 -60.28016034485049
1117 -60.27362407295934
1118 -60.28016034467397
1119 -60.27362407275963
1120 -60.2801603444687
1121 -60.27362407256351
1122 -60.28016034429626
1123 -60.27362407242811
1124 -60.28016034420533
1125 -60.27362407238967
1126 -60.28016034421795
1127 -60.27362407245396
1128 -60.28016034432446
1129 -60.27362407259632
1130 -60.28016034448854
1131 -60.27362407277074
1132 -60.28016034465887
1133 -60.27362407292434
1134 -60.28016034478516
1135 -60.27362407301329
1136 -60.28016034483298
1137 -60.27362407301517
1138 -60.2801603447927
1139 -60.27362407293445
1140 -60.28016034468118
1141 -60.27362407279928
1142 -60.28016034453496
1143 -60.27362407265237
1144 -60.28016034439886
1145 -60.27362407253742
1146 -60.28016034431218
1147 -60.27362407248617
1148 -60.28016034429745
1149 -60.27362407251015
1150 -60.28016034435497
1151 -60.27362407259805
1152 -60.2801603444638
1153 -60.27362407272047
1154 -60.28016034458918
1155 -60.27362407283973
1156 -60.28016034469351
1157 -60.27362407292109
1158 -60.28016034474748
1159 -60.27362407294284
1160 -60.28016034473796
1161 -60.27362407290187
1162 -60.28016034467144
1163 -60.27362407281379
1164 -60.28016034457049
1165 -60.27362407270702
1166 -60.28016034446676
1167 -60.27362407261392
1168 -60.28016034439069
1169 -60.27362407256101
1170 -60.28016034436308
1171 -60.27362407256146
1172 -60.28016034438919
1173 -60.27362407261212
1174 -60.28016034445839
1175 -60.27362407269534
1176 -60.28016034454789
1177 -60.27362407278483
1178 -60.28016034463046
1179 -60.27362407285423
1180 -60.28016034468229
1181 -60.27362407288415
1182 -60.28016034468988
1183 -60.27362407286819
1184 -60.28016034465357
1185 -60.27362407281355
1186 -60.28016034458646
1187 -60.27362407273843
1188 -60.28016034450986
1189 -60.27362407266594
1190 -60.28016034444678
1191 -60.27362407261717
1192 -60.2801603444149
1193 -60.27362407260506
1194 -60.28016034442186
1195 -60.27362407263116
1196 -60.28016034446343
1197 -60.27362407268562
1198 -60.28016034452548
1199 -60.27362407275089
1200 -60.28016034458862
1201 -60.27362407280725
1202 -60.28016034463435
1203 -60.2736240728387
1204 -60.28016034465028
1205 -60.27362407283746
1206 -60.28016034463342
1207 -60.27362407280579
1208 -60.28016034459058
1209 -60.2736240727546
1210 -60.28016034453574
1211 -60.27362407269991
1212 -60.28016034448555
1213 -60.27362407265808
1214 -60.28016034445452
1215 -60.27362407264043
1216 -60.28016034445061
1217 -60.27362407265095
1218 -60.28016034447349
1219 -60.27362407268495
1220 -60.28016034451492
1221 -60.27362407273105
1222 -60.28016034456177
1223 -60.27362407277515
1224 -60.28016034459995
1225 -60.27362407280442
1226 -60.28016034461873
1227 -60.27362407281111
1228 -60.28016034461383
1229 -60.27362407279458
1230 -60.28016034458793
1231 -60.27362407276096
1232 -60.28016034454985
1233 -60.27362407272106
1234 -60.28016034451137
1235 -60.27362407268689
1236 -60.2801603444839
1237 -60.27362407266825
1238 -60.28016034447479
1239 -60.27362407266959
1240 -60.28016034448563
1241 -60.27362407268942
1242 -60.28016034451208
1243 -60.2736240727209
1244 -60.2801603445457
1245 -60.2736240727542
1246 -60.28016034457607
1247 -60.2736240727794
1248 -60.28016034459456
1249 -60.2736240727896
1250 -60.2801603445964
1251 -60.27362407278267
1252 -60.28016034458201
1253 -60.27362407276161
1254 -60.28016034455651
1255 -60.27362407273338
1256 -60.28016034452793
1257 -60.27362407270657
1258 -60.28016034450491
1259 -60.27362407268907
1260 -60.28016034449383
1261 -60.27362407268542
1262 -60.28016034449725
1263 -60.2736240726959
1264 -60.28016034451333
1265 -60.27362407271661
1266 -60.28016034453668
1267 -60.273624072741
1268 -60.28016034456012
1269 -60.27362407276176
1270 -60.28016034457675
1271 -60.27362407277286
1272 -60.28016034458199
1273 -60.27362407277165
1274 -60.28016034457499
1275 -60.27362407275928
1276 -60.28016034455858
1277 -60.2736240727399
1278 -60.28016034453803
1279 -60.2736240727196
1280 -60.28016034451957
1281 -60.27362407270438
1282 -60.28016034450855
1283 -60.27362407269847
1284 -60.28016034450771
1285 -60.27362407270296
1286 -60.28016034451673
1287 -60.27362407271598
1288 -60.28016034453243
1289 -60.27362407273328
1290 -60.28016034454983
1291 -60.2736240727495
1292 -60.28016034456375
1293 -60.27362407275999
1294 -60.28016034457027
1295 -60.27362407276199
1296 -60.280160344568
1297 -60.27362407275544
1298 -60.28016034455798
1299 -60.27362407274263
1300 -60.28016034454362
1301 -60.27362407272773
1302 -60.28016034452941
1303 -60.27362407271524
1304 -60.28016034451946
1305 -60.27362407270866
1306 -60.28016034451644
1307 -60.27362407270955
1308 -60.28016034452091
1309 -60.2736240727173
1310 -60.28016034453105
1311 -60.27362407272925
1312 -60.28016034454367
1313 -60.2736240727416
1314 -60.28016034455483
1315 -60.27362407275076
1316 -60.28016034456141
1317 -60.27362407275424
1318 -60.28016034456174
1319 -60.2736240727513
1320 -60.28016034455605
1321 -60.27362407274316
1322 -60.28016034454632
1323 -60.2736240727325
1324 -60.28016034453569
1325 -60.27362407272257
1326 -60.28016034452726
1327 -60.27362407271637
1328 -60.28016034452345
1329 -60.27362407271532
1330 -60.28016034452505
1331 -60.27362407271951
1332 -60.28016034453127
1333 -60.27362407272742
1334 -60.28016034454008
1335 -60.27362407273648
1336 -60.28016034454875
1337 -60.27362407274411
1338 -60.28016034455476
1339 -60.27362407274804
1340 -60.28016034455645
1341 -60.27362407274727
1342 -60.28016034455354
1343 -60.27362407274242
1344 -60.28016034454726
1345 -60.27362407273507
1346 -60.28016034453958
1347 -60.2736240727276
1348 -60.28016034453279
1349 -60.27362407272209
1350 -60.28016034452894
1351 -60.27362407272017
1352 -60.2801603445289
1353 -60.27362407272208
1354 -60.28016034453248
1355 -60.27362407272706
1356 -60.28016034453837
1357 -60.27362407273348
1358 -60.28016034454477
1359 -60.27362407273944
1360 -60.28016034454989
1361 -60.27362407274327
1362 -60.28016034455216
1363 -60.27362407274381
1364 -60.28016034455111
1365 -60.27362407274121
1366 -60.28016034454726
1367 -60.2736240727363
1368 -60.28016034454183
1369 -60.27362407273075
1370 -60.28016034453655
1371 -60.27362407272614
1372 -60.28016034453295
1373 -60.27362407272383
1374 -60.28016034453203
1375 -60.27362407272433
1376 -60.28016034453381
1377 -60.27362407272741
1378 -60.28016034453778
1379 -60.27362407273195
1380 -60.28016034454249
1381 -60.27362407273652
1382 -60.28016034454656
1383 -60.27362407273979
1384 -60.2801603445488
1385 -60.27362407274082
1386 -60.28016034454872
1387 -60.27362407273961
1388 -60.28016034454653
1389 -60.27362407273657
1390 -60.28016034454297
1391 -60.27362407273267
1392 -60.28016034453904
1393 -60.27362407272901
1394 -60.28016034453593
1395 -60.27362407272671
1396 -60.28016034453458
1397 -60.27362407272644
1398 -60.2801603445353
1399 -60.27362407272811
1400 -60.2801603445377
1401 -60.2736240727311
1402 -60.280160344541
1403 -60.27362407273452
1404 -60.28016034454426
1405 -60.27362407273729
1406 -60.2801603445464
1407 -60.27362407273871
1408 -60.28016034454699
1409 -60.27362407273834
1410 -60.28016034454581
1411 -60.27362407273644
1412 -60.28016034454336
1413 -60.27362407273364
1414 -60.2801603445405
1415 -60.27362407273088
1416 -60.28016034453804
1417 -60.27362407272887
1418 -60.28016034453667
1419 -60.27362407272818
1420 -60.28016034453668
1421 -60.27362407272896
1422 -60.28016034453805
1423 -60.27362407273087
1424 -60.2801603445403
1425 -60.27362407273329
1426 -60.28016034454267
1427 -60.27362407273552
1428 -60.28016034454457
1429 -60.27362407273691
1430 -60.28016034454537
1431 -60.27362407273706
1432 -60.28016034454492
1433 -60.27362407273598
1434 -60.2801603445434
1435 -60.27362407273411
1436 -60.28016034454134
1437 -60.27362407273205
1438 -60.28016034453937
1439 -60.27362407273034
1440 -60.2801603445381
1441 -60.27362407272955
1442 -60.28016034453783
1443 -60.27362407272986
1444 -60.28016034453857
1445 -60.27362407273103
1446 -60.28016034454005
1447 -60.2736240727327
1448 -60.28016034454178
1449 -60.27362407273439
1450 -60.28016034454338
1451 -60.27362407273566
1452 -60.2801603445442
1453 -60.273624072736
1454 -60.28016034454409
1455 -60.27362407273547
1456 -60.28016034454316
1457 -60.27362407273429
1458 -60.28016034454184
1459 -60.27362407273286
1460 -60.28016034454041
1461 -60.27362407273151
1462 -60.28016034453919
1463 -60.27362407273061
1464 -60.28016034453873
1465 -60.27362407273056
1466 -60.28016034453903
1467 -60.2736240727312
1468 -60.28016034453996
1469 -60.27362407273236
1470 -60.28016034454124
1471 -60.27362407273363
1472 -60.2801603445424
1473 -60.27362407273458
1474 -60.28016034454315
1475 -60.27362407273508
1476 -60.28016034454336
1477 -60.27362407273494
1478 -60.28016034454295
1479 -60.2736240727343
1480 -60.28016034454205
1481 -60.27362407273324
1482 -60.28016034454094
1483 -60.27362407273217
1484 -60.28016034454003
1485 -60.27362407273147
1486 -60.28016034453955
1487 -60.27362407273125
1488 -60.28016034453958
1489 -60.27362407273155
1490 -60.28016034454016
1491 -60.27362407273231
1492 -60.28016034454097
1493 -60.27362407273317
1494 -60.28016034454188
1495 -60.27362407273404
1496 -60.28016034454255
1497 -60.27362407273453
1498 -60.28016034454282
1499 -60.27362407273452
1500 -60.28016034454261
1501 -60.27362407273407
1502 -60.28016034454195
1503 -60.27362407273328
1504 -60.28016034454114
1505 -60.27362407273255
1506 -60.28016034454049
1507 -60.27362407273201
1508 -60.28016034454012
1509 -60.27362407273183
1510 -60.28016034454012
1511 -60.27362407273197
1512 -60.28016034454041
1513 -60.27362407273239
1514 -60.28016034454093
1515 -60.27362407273296
1516 -60.28016034454146
1517 -60.2736240727335
1518 -60.28016034454198
1519 -60.27362407273396
1520 -60.2801603445423
1521 -60.27362407273411
1522 -60.28016034454231
1523 -60.2736240727339
1524 -60.28016034454195
1525 -60.27362407273344
1526 -60.28016034454141
1527 -60.27362407273287
1528 -60.28016034454085
1529 -60.27362407273237
1530 -60.28016034454049
1531 -60.27362407273215
1532 -60.28016034454035
1533 -60.27362407273213
1534 -60.28016034454045
1535 -60.27362407273232
1536 -60.28016034454077
1537 -60.27362407273276
1538 -60.28016034454124
1539 -60.27362407273325
1540 -60.28016034454174
1541 -60.27362407273369
1542 -60.28016034454211
1543 -60.27362407273395
1544 -60.28016034454221
1545 -60.27362407273388
1546 -60.280160344542
1547 -60.27362407273353
1548 -60.28016034454155
1549 -60.27362407273309
1550 -60.28016034454109
1551 -60.27362407273264
1552 -60.28016034454072
1553 -60.27362407273236
1554 -60.28016034454059
1555 -60.27362407273235
1556 -60.28016034454064
1557 -60.27362407273244
1558 -60.2801603445408
1559 -60.27362407273272
1560 -60.28016034454112
1561 -60.27362407273306
1562 -60.28016034454146
1563 -60.27362407273339
1564 -60.28016034454176
1565 -60.2736240727336
1566 -60.28016034454188
1567 -60.27362407273364
1568 -60.28016034454181
1569 -60.27362407273345
1570 -60.28016034454159
1571 -60.27362407273316
1572 -60.28016034454124
1573 -60.27362407273286
1574 -60.28016034454102
1575 -60.27362407273263
1576 -60.28016034454084
1577 -60.27362407273255
1578 -60.28016034454079
1579 -60.27362407273259
1580 -60.28016034454094
1581 -60.27362407273283
1582 -60.28016034454121
1583 -60.27362407273304
1584 -60.28016034454142
1585 -60.2736240727333
1586 -60.28016034454161
1587 -60.2736240727334
1588 -60.28016034454161
1589 -60.27362407273337
1590 -60.28016034454161
1591 -60.2736240727333
1592 -60.28016034454149
1593 -60.27362407273311
1594 -60.28016034454126
1595 -60.27362407273292
1596 -60.28016034454109
1597 -60.27362407273274
1598 -60.28016034454093
1599 -60.27362407273269
1600 -60.28016034454093
1601 -60.27362407273269
1602 -60.28016034454102
1603 -60.27362407273283
1604 -60.28016034454112
1605 -60.27362407273292
1606 -60.28016034454127
1607 -60.27362407273311
1608 -60.28016034454144
1609 -60.27362407273327
1610 -60.28016034454157
1611 -60.27362407273337
1612 -60.28016034454163
1613 -60.2736240727334
1614 -60.28016034454161
1615 -60.27362407273328
1616 -60.28016034454143
1617 -60.27362407273306
1618 -60.28016034454122
1619 -60.27362407273289
1620 -60.28016034454106
1621 -60.27362407273277
1622 -60.28016034454099
1623 -60.27362407273272
1624 -60.28016034454097
1625 -60.27362407273273
1626 -60.28016034454107
1627 -60.27362407273287
1628 -60.28016034454122
1629 -60.27362407273301
1630 -60.28016034454134
1631 -60.27362407273317
1632 -60.28016034454148
1633 -60.27362407273327
1634 -60.28016034454153
1635 -60.27362407273324
1636 -60.28016034454146
1637 -60.27362407273316
1638 -60.28016034454138
1639 -60.27362407273306
1640 -60.28016034454127
1641 -60.27362407273296
1642 -60.28016034454114
1643 -60.27362407273286
1644 -60.28016034454109
1645 -60.27362407273283
1646 -60.28016034454112
1647 -60.2736240727329
1648 -60.28016034454119
1649 -60.27362407273297
1650 -60.28016034454129
1651 -60.27362407273309
1652 -60.2801603445414
1653 -60.27362407273321
1654 -60.28016034454144
1655 -60.27362407273323
1656 -60.28016034454147
1657 -60.27362407273316
1658 -60.28016034454134
1659 -60.27362407273304
1660 -60.28016034454123
1661 -60.27362407273294
1662 -60.2801603445412
1663 -60.27362407273297
1664 -60.28016034454122
1665 -60.27362407273293
1666 -60.28016034454119
1667 -60.27362407273293
1668 -60.28016034454114
1669 -60.27362407273293
1670 -60.28016034454119
1671 -60.27362407273297
1672 -60.28016034454124
1673 -60.27362407273306
1674 -60.28016034454132
1675 -60.27362407273311
1676 -60.28016034454136
1677 -60.27362407273312
1678 -60.28016034454135
1679 -60.2736240727331
1680 -60.28016034454134
1681 -60.27362407273309
1682 -60.28016034454136
1683 -60.27362407273307
1684 -60.28016034454127
1685 -60.27362407273299
1686 -60.28016034454127
1687 -60.27362407273302
1688 -60.28016034454123
1689 -60.27362407273301
1690 -60.28016034454122
1691 -60.27362407273299
1692 -60.28016034454117
1693 -60.27362407273293
1694 -60.28016034454119
1695 -60.27362407273294
1696 -60.28016034454122
1697 -60.27362407273309
1698 -60.28016034454134
1699 -60.27362407273309
1700 -60.2801603445413
1701 -60.27362407273309
1702 -60.28016034454134
1703 -60.27362407273313
1704 -60.28016034454139
1705 -60.27362407273315
1706 -60.28016034454131
1707 -60.27362407273301
1708 -60.28016034454122
1709 -60.27362407273294
1710 -60.28016034454119
1711 -60.27362407273294
1712 -60.28016034454119
1713 -60.273624072733
1714 -60.28016034454127
1715 -60.27362407273301
1716 -60.28016034454123
1717 -60.27362407273297
1718 -60.28016034454123
1719 -60.27362407273299
1720 -60.28016034454123
1721 -60.27362407273301
1722 -60.2801603445413
1723 -60.2736240727331
1724 -60.28016034454136
1725 -60.27362407273313
1726 -60.28016034454139
1727 -60.27362407273313
1728 -60.28016034454131
1729 -60.27362407273306
1730 -60.2801603445413
1731 -60.27362407273302
1732 -60.28016034454123
1733 -60.27362407273296
1734 -60.28016034454119
1735 -60.27362407273296
1736 -60.28016034454123
1737 -60.27362407273301
1738 -60.28016034454126
1739 -60.273624072733
1740 -60.28016034454127
1741 -60.27362407273302
1742 -60.28016034454127
1743 -60.27362407273303
1744 -60.28016034454129
1745 -60.27362407273303
1746 -60.2801603445413
1747 -60.27362407273304
1748 -60.28016034454131
1749 -60.27362407273312
1750 -60.28016034454134
1751 -60.27362407273308
1752 -60.28016034454131
1753 -60.27362407273304
1754 -60.28016034454129
1755 -60.27362407273299
1756 -60.28016034454122
1757 -60.27362407273294
1758 -60.2801603445412
1759 -60.27362407273294
1760 -60.28016034454117
1761 -60.27362407273294
1762 -60.28016034454121
1763 -60.27362407273296
1764 -60.28016034454129
1765 -60.27362407273308
1766 -60.28016034454139
1767 -60.27362407273316
1768 -60.28016034454139
1769 -60.27362407273313
1770 -60.28016034454131
1771 -60.27362407273306
1772 -60.2801603445413
1773 -60.27362407273301
1774 -60.28016034454127
1775 -60.27362407273301
1776 -60.28016034454126
1777 -60.27362407273303
1778 -60.28016034454129
1779 -60.27362407273305
1780 -60.28016034454132
1781 -60.27362407273301
1782 -60.28016034454123
1783 -60.27362407273296
1784 -60.28016034454116
1785 -60.27362407273294
1786 -60.28016034454122
1787 -60.27362407273296
1788 -60.2801603445412
1789 -60.27362407273296
1790 -60.28016034454123
1791 -60.27362407273303
1792 -60.28016034454128
1793 -60.27362407273306
1794 -60.28016034454134
1795 -60.27362407273311
1796 -60.28016034454136
1797 -60.2736240727331
1798 -60.28016034454131
1799 -60.27362407273306
1800 -60.28016034454131
1801 -60.27362407273307
1802 -60.28016034454129
1803 -60.27362407273301
1804 -60.28016034454126
1805 -60.273624072733
1806 -60.28016034454123
1807 -60.27362407273299
1808 -60.2801603445412
1809 -60.27362407273296
1810 -60.28016034454123
1811 -60.27362407273299
1812 -60.28016034454127
1813 -60.27362407273306
1814 -60.28016034454128
1815 -60.27362407273303
1816 -60.28016034454128
1817 -60.27362407273306
1818 -60.28016034454128
1819 -60.27362407273303
1820 -60.28016034454128
1821 -60.27362407273303
1822 -60.28016034454128
1823 -60.273624072733
1824 -60.28016034454122
1825 -60.27362407273301
1826 -60.28016034454127
1827 -60.27362407273304
1828 -60.28016034454123
1829 -60.27362407273299
1830 -60.2801603445413
1831 -60.2736240727331
1832 -60.28016034454134
1833 -60.27362407273307
1834 -60.28016034454133
1835 -60.27362407273309
1836 -60.28016034454133
1837 -60.27362407273311
1838 -60.28016034454131
1839 -60.27362407273303
1840 -60.28016034454129
1841 -60.27362407273299
1842 -60.28016034454122
1843 -60.27362407273296
1844 -60.28016034454123
1845 -60.273624072733
1846 -60.28016034454124
1847 -60.273624072733
1848 -60.28016034454126
1849 -60.27362407273303
1850 -60.28016034454127
1851 -60.27362407273303
1852 -60.28016034454127
1853 -60.27362407273301
1854 -60.28016034454127
1855 -60.27362407273301
1856 -60.28016034454124
1857 -60.27362407273301
1858 -60.28016034454124
1859 -60.27362407273299
1860 -60.28016034454126
1861 -60.27362407273301
1862 -60.28016034454127
1863 -60.27362407273307
1864 -60.2801603445413
1865 -60.27362407273309
1866 -60.2801603445413
1867 -60.27362407273306
1868 -60.2801603445413
1869 -60.27362407273303
1870 -60.28016034454129
1871 -60.27362407273304
1872 -60.28016034454129
1873 -60.27362407273299
1874 -60.28016034454122
1875 -60.27362407273296
1876 -60.28016034454119
1877 -60.27362407273298
1878 -60.28016034454124
1879 -60.27362407273305
1880 -60.28016034454133
1881 -60.27362407273309
1882 -60.28016034454133
1883 -60.27362407273306
1884 -60.28016034454129
1885 -60.27362407273307
1886 -60.28016034454131
1887 -60.27362407273304
1888 -60.28016034454125
1889 -60.27362407273304
1890 -60.2801603445413
1891 -60.27362407273301
1892 -60.28016034454124
1893 -60.273624072733
1894 -60.28016034454129
1895 -60.27362407273303
1896 -60.28016034454129
1897 -60.27362407273304
1898 -60.2801603445413
1899 -60.27362407273307
1900 -60.28016034454133
1901 -60.27362407273307
1902 -60.28016034454131
1903 -60.27362407273304
1904 -60.28016034454127
1905 -60.273624072733
1906 -60.28016034454124
1907 -60.27362407273299
1908 -60.28016034454123
1909 -60.27362407273298
1910 -60.2801603445413
1911 -60.27362407273304
1912 -60.28016034454129
1913 -60.27362407273306
1914 -60.28016034454133
1915 -60.27362407273303
1916 -60.2801603445413
1917 -60.27362407273302
1918 -60.28016034454127
1919 -60.27362407273299
1920 -60.28016034454124
1921 -60.27362407273299
1922 -60.28016034454126
1923 -60.27362407273299
1924 -60.28016034454124
1925 -60.27362407273303
1926 -60.28016034454129
1927 -60.27362407273301
1928 -60.28016034454129
1929 -60.27362407273306
1930 -60.28016034454129
1931 -60.27362407273299
1932 -60.28016034454125
1933 -60.27362407273304
1934 -60.28016034454129
1935 -60.27362407273306
1936 -60.28016034454127
1937 -60.27362407273301
1938 -60.28016034454124
1939 -60.27362407273299
1940 -60.28016034454129
1941 -60.27362407273302
1942 -60.28016034454124
1943 -60.27362407273303
1944 -60.28016034454129
1945 -60.27362407273304
1946 -60.28016034454131
1947 -60.27362407273306
1948 -60.2801603445413
1949 -60.27362407273303
1950 -60.28016034454129
1951 -60.27362407273303
1952 -60.28016034454127
1953 -60.27362407273304
1954 -60.28016034454126
1955 -60.27362407273301
1956 -60.28016034454123
1957 -60.27362407273297
1958 -60.28016034454126
1959 -60.27362407273304
1960 -60.28016034454127
1961 -60.27362407273303
1962 -60.28016034454129
1963 -60.27362407273302
1964 -60.28016034454129
1965 -60.27362407273303
1966 -60.28016034454124
1967 -60.27362407273297
1968 -60.28016034454122
1969 -60.273624072733
1970 -60.2801603445413
1971 -60.27362407273308
1972 -60.28016034454131
1973 -60.27362407273306
1974 -60.28016034454131
1975 -60.27362407273306
1976 -60.2801603445413
1977 -60.27362407273307
1978 -60.28016034454131
1979 -60.27362407273306
1980 -60.2801603445413
1981 -60.27362407273303
1982 -60.28016034454129
1983 -60.27362407273302
1984 -60.28016034454126
1985 -60.27362407273297
1986 -60.28016034454123
1987 -60.27362407273296
1988 -60.28016034454126
1989 -60.27362407273301
1990 -60.2801603445413
1991 -60.2736240727331
1992 -60.28016034454133
1993 -60.27362407273304
1994 -60.2801603445413
1995 -60.27362407273301
1996 -60.28016034454123
1997 -60.273624072733
1998 -60.28016034454123
1999 -60.273624072733
2000 -60.2801603445413
2001 -60.27362407273306
2002 -60.2801603445413
2003 -60.27362407273306
2004 -60.2801603445413
2005 -60.27362407273304
2006 -60.2801603445413
2007 -60.27362407273306
2008 -60.2801603445413
2009 -60.27362407273304
2010 -60.28016034454127
2011 -60.27362407273301
2012 -60.28016034454127
2013 -60.27362407273301
2014 -60.28016034454128
2015 -60.27362407273304
2016 -60.28016034454131
2017 -60.27362407273299
2018 -60.28016034454123
2019 -60.27362407273294
2020 -60.28016034454118
2021 -60.27362407273295
2022 -60.28016034454123
2023 -60.27362407273304
2024 -60.28016034454131
2025 -60.27362407273307
2026 -60.28016034454131
2027 -60.27362407273306
2028 -60.28016034454127
2029 -60.27362407273309
2030 -60.28016034454133
2031 -60.2736240727331
2032 -60.2801603445413
2033 -60.27362407273304
2034 -60.28016034454124
2035 -60.27362407273304
2036 -60.28016034454126
2037 -60.27362407273296
2038 -60.28016034454121
2039 -60.27362407273299
2040 -60.28016034454127
2041 -60.27362407273303
2042 -60.28016034454131
2043 -60.27362407273307
2044 -60.28016034454133
2045 -60.27362407273311
2046 -60.28016034454133
2047 -60.27362407273306
2048 -60.28016034454125
2049 -60.27362407273296
2050 -60.28016034454121
2051 -60.27362407273297
2052 -60.28016034454124
2053 -60.27362407273299
2054 -60.28016034454122
2055 -60.27362407273302
2056 -60.28016034454123
2057 -60.27362407273297
2058 -60.28016034454123
2059 -60.273624072733
2060 -60.28016034454124
2061 -60.27362407273299
2062 -60.28016034454126
2063 -60.27362407273303
2064 -60.28016034454127
2065 -60.27362407273301
2066 -60.28016034454129
2067 -60.27362407273309
2068 -60.28016034454136
2069 -60.27362407273313
2070 -60.28016034454136
2071 -60.27362407273316
2072 -60.28016034454136
2073 -60.27362407273309
2074 -60.28016034454126
2075 -60.27362407273297
2076 -60.28016034454117
2077 -60.27362407273289
2078 -60.28016034454114
2079 -60.27362407273293
2080 -60.28016034454122
2081 -60.27362407273297
2082 -60.28016034454122
2083 -60.27362407273301
2084 -60.28016034454129
2085 -60.27362407273309
2086 -60.28016034454129
2087 -60.27362407273303
2088 -60.28016034454131
2089 -60.27362407273303
2090 -60.2801603445413
2091 -60.27362407273309
2092 -60.28016034454131
2093 -60.27362407273307
2094 -60.28016034454132
2095 -60.27362407273311
2096 -60.28016034454134
2097 -60.27362407273304
2098 -60.2801603445413
2099 -60.27362407273309
2100 -60.2801603445413
2101 -60.27362407273301
2102 -60.28016034454129
2103 -60.27362407273304
2104 -60.28016034454133
2105 -60.27362407273307
2106 -60.2801603445413
2107 -60.27362407273303
2108 -60.28016034454123
2109 -60.27362407273297
2110 -60.28016034454119
2111 -60.27362407273294
2112 -60.28016034454119
2113 -60.27362407273294
2114 -60.28016034454122
2115 -60.27362407273296
2116 -60.28016034454124
2117 -60.27362407273304
2118 -60.28016034454131
2119 -60.27362407273309
2120 -60.28016034454133
2121 -60.2736240727331
2122 -60.28016034454133
2123 -60.27362407273309
2124 -60.28016034454134
2125 -60.27362407273311
2126 -60.28016034454136
2127 -60.2736240727331
2128 -60.28016034454131
2129 -60.27362407273303
2130 -60.28016034454124
2131 -60.27362407273299
2132 -60.28016034454123
2133 -60.27362407273297
2134 -60.2801603445412
2135 -60.27362407273297
2136 -60.28016034454119
2137 -60.27362407273299
2138 -60.28016034454124
2139 -60.27362407273299
2140 -60.28016034454124
2141 -60.273624072733
2142 -60.28016034454124
2143 -60.27362407273299
2144 -60.28016034454119
2145 -60.27362407273299
2146 -60.28016034454131
2147 -60.27362407273311
2148 -60.28016034454139
2149 -60.27362407273314
2150 -60.28016034454136
2151 -60.2736240727331
2152 -60.28016034454133
2153 -60.27362407273301
2154 -60.28016034454129
2155 -60.27362407273304
2156 -60.28016034454127
2157 -60.27362407273301
2158 -60.28016034454129
2159 -60.27362407273302
2160 -60.28016034454129
2161 -60.27362407273302
2162 -60.28016034454131
2163 -60.27362407273304
2164 -60.2801603445413
2165 -60.27362407273304
2166 -60.28016034454127
2167 -60.27362407273297
2168 -60.28016034454123
2169 -60.273624072733
2170 -60.28016034454126
2171 -60.27362407273301
2172 -60.28016034454122
2173 -60.27362407273301
2174 -60.28016034454127
2175 -60.27362407273303
2176 -60.28016034454127
2177 -60.27362407273304
2178 -60.28016034454131
2179 -60.27362407273304
2180 -60.28016034454127
2181 -60.27362407273304
2182 -60.2801603445413
2183 -60.27362407273305
2184 -60.28016034454131
2185 -60.27362407273311
2186 -60.28016034454137
2187 -60.27362407273309
2188 -60.2801603445413
2189 -60.27362407273304
2190 -60.28016034454126
2191 -60.27362407273304
2192 -60.28016034454123
2193 -60.27362407273301
2194 -60.28016034454124
2195 -60.273624072733
2196 -60.28016034454126
2197 -60.27362407273304
2198 -60.28016034454133
2199 -60.27362407273306
2200 -60.2801603445413
2201 -60.27362407273303
2202 -60.28016034454124
2203 -60.27362407273299
2204 -60.2801603445412
2205 -60.27362407273296
2206 -60.28016034454122
2207 -60.27362407273297
2208 -60.28016034454117
2209 -60.27362407273296
2210 -60.2801603445412
2211 -60.27362407273298
2212 -60.28016034454122
2213 -60.27362407273304
2214 -60.28016034454133
2215 -60.2736240727331
2216 -60.28016034454134
2217 -60.2736240727331
2218 -60.28016034454133
2219 -60.27362407273304
2220 -60.28016034454127
2221 -60.27362407273301
2222 -60.28016034454126
2223 -60.273624072733
2224 -60.2801603445413
2225 -60.27362407273307
2226 -60.28016034454134
2227 -60.27362407273309
2228 -60.28016034454133
2229 -60.27362407273307
2230 -60.28016034454133
2231 -60.27362407273306
2232 -60.28016034454126
2233 -60.27362407273304
2234 -60.28016034454123
2235 -60.27362407273297
2236 -60.2801603445412
2237 -60.27362407273296
2238 -60.28016034454129
2239 -60.27362407273302
2240 -60.28016034454129
2241 -60.27362407273307
2242 -60.28016034454134
2243 -60.27362407273304
2244 -60.28016034454129
2245 -60.27362407273304
2246 -60.28016034454126
2247 -60.27362407273301
2248 -60.28016034454124
2249 -60.273624072733
2250 -60.28016034454124
2251 -60.273624072733
2252 -60.28016034454124
2253 -60.27362407273299
2254 -60.28016034454124
2255 -60.27362407273301
2256 -60.28016034454131
2257 -60.27362407273307
2258 -60.28016034454133
2259 -60.27362407273307
2260 -60.28016034454131
2261 -60.27362407273305
2262 -60.28016034454131
2263 -60.27362407273309
2264 -60.28016034454131
2265 -60.27362407273308
2266 -60.2801603445413
2267 -60.27362407273302
2268 -60.28016034454126
2269 -60.27362407273298
2270 -60.2801603445412
2271 -60.27362407273294
2272 -60.28016034454123
2273 -60.27362407273298
2274 -60.28016034454124
2275 -60.27362407273301
2276 -60.28016034454129
2277 -60.27362407273306
2278 -60.28016034454134
2279 -60.2736240727331
2280 -60.28016034454131
2281 -60.27362407273307
2282 -60.2801603445413
2283 -60.27362407273309
2284 -60.2801603445413
2285 -60.27362407273303
2286 -60.28016034454126
2287 -60.27362407273297
2288 -60.28016034454127
2289 -60.27362407273301
2290 -60.28016034454126
2291 -60.27362407273301
2292 -60.28016034454126
2293 -60.27362407273297
2294 -60.28016034454126
2295 -60.27362407273304
2296 -60.28016034454129
2297 -60.27362407273306
2298 -60.28016034454127
2299 -60.27362407273301
2300 -60.28016034454123
2301 -60.27362407273297
2302 -60.2801603445412
2303 -60.27362407273297
2304 -60.28016034454124
2305 -60.27362407273306
2306 -60.28016034454131
2307 -60.27362407273304
2308 -60.28016034454129
2309 -60.27362407273307
2310 -60.28016034454131
2311 -60.27362407273309
2312 -60.28016034454133
2313 -60.27362407273307
2314 -60.2801603445413
2315 -60.27362407273304
2316 -60.28016034454127
2317 -60.273624072733
2318 -60.28016034454124
2319 -60.27362407273299
2320 -60.28016034454123
2321 -60.27362407273301
2322 -60.28016034454129
2323 -60.27362407273304
2324 -60.28016034454131
2325 -60.2736240727331
2326 -60.28016034454134
2327 -60.27362407273309
2328 -60.28016034454133
2329 -60.27362407273306
2330 -60.28016034454127
2331 -60.27362407273299
2332 -60.28016034454123
2333 -60.27362407273295
2334 -60.28016034454122
2335 -60.27362407273296
2336 -60.28016034454122
2337 -60.273624072733
2338 -60.2801603445413
2339 -60.27362407273305
2340 -60.28016034454133
2341 -60.27362407273309
2342 -60.28016034454134
2343 -60.27362407273307
2344 -60.28016034454131
2345 -60.27362407273304
2346 -60.28016034454127
2347 -60.27362407273303
2348 -60.28016034454124
2349 -60.273624072733
2350 -60.28016034454124
2351 -60.27362407273301
2352 -60.28016034454127
2353 -60.27362407273306
2354 -60.2801603445413
2355 -60.27362407273309
2356 -60.2801603445413
2357 -60.27362407273305
2358 -60.28016034454126
2359 -60.27362407273299
2360 -60.2801603445412
2361 -60.27362407273294
2362 -60.28016034454122
2363 -60.27362407273303
2364 -60.2801603445413
2365 -60.27362407273304
2366 -60.2801603445413
2367 -60.27362407273309
2368 -60.28016034454129
2369 -60.27362407273304
2370 -60.28016034454126
2371 -60.27362407273301
2372 -60.28016034454126
2373 -60.27362407273299
2374 -60.28016034454124
2375 -60.27362407273301
2376 -60.28016034454122
2377 -60.27362407273297
2378 -60.28016034454124
2379 -60.27362407273301
2380 -60.28016034454129
2381 -60.27362407273309
2382 -60.28016034454133
2383 -60.27362407273307
2384 -60.28016034454131
2385 -60.27362407273306
2386 -60.28016034454133
2387 -60.27362407273311
2388 -60.28016034454133
2389 -60.27362407273306
2390 -60.28016034454131
2391 -60.27362407273304
2392 -60.28016034454126
2393 -60.27362407273301
2394 -60.28016034454124
2395 -60.273624072733
2396 -60.28016034454122
2397 -60.273624072733
2398 -60.28016034454127
2399 -60.27362407273304
2400 -60.28016034454129
2401 -60.27362407273301
2402 -60.28016034454127
2403 -60.27362407273303
2404 -60.28016034454127
2405 -60.27362407273301
2406 -60.28016034454124
2407 -60.273624072733
2408 -60.28016034454126
2409 -60.27362407273305
2410 -60.28016034454129
2411 -60.27362407273301
2412 -60.28016034454124
2413 -60.27362407273301
2414 -60.28016034454126
2415 -60.27362407273301
2416 -60.28016034454129
2417 -60.27362407273306
2418 -60.2801603445413
2419 -60.27362407273309
2420 -60.28016034454133
2421 -60.27362407273306
2422 -60.2801603445413
2423 -60.27362407273304
2424 -60.28016034454127
2425 -60.27362407273304
2426 -60.2801603445413
2427 -60.27362407273304
2428 -60.28016034454126
2429 -60.27362407273301
2430 -60.2801603445413
2431 -60.27362407273303
2432 -60.28016034454126
