"report-def-0-rfile"
"Iteration" "report-def-0"
("Iteration" "report-def-0")
1 -1.253974339321833
2 -1.088330653011823
3 -1.023783382100579
4 -0.9905869063547358
5 -0.9502978925453487
6 -0.9236529617138028
7 -0.8999298677613854
8 -0.8656177612414101
9 -0.8287011411876644
10 -0.7922252726541517
11 -0.7569326615373303
12 -0.7247984410433115
13 -0.6980894959231222
14 -0.675494677955378
15 -0.656372624213976
16 -0.6399965120504535
17 -0.6260187846454526
18 -0.6141359149114056
19 -0.6041184766393876
20 -0.5957974482443309
21 -0.5889301415031774
22 -0.5832675850237389
23 -0.5785422681315596
24 -0.5746333363470926
25 -0.5713475530960772
26 -0.5687089055296081
27 -0.566564155852752
28 -0.5648648669091799
29 -0.5633089431705439
30 -0.5619498841279783
31 -0.5605649563322155
32 -0.5592112450014465
33 -0.5577838015392582
34 -0.5563318045050802
35 -0.5548116435151557
36 -0.5532479954032813
37 -0.5516409699564342
38 -0.5500464291856761
39 -0.5484912013468416
40 -0.5469995918981075
41 -0.5455769011334558
42 -0.5442477530537416
43 -0.5429981244896149
44 -0.5418244212681007
45 -0.5407474711036632
46 -0.5397715516012792
47 -0.5388869549062967
48 -0.5380964569311615
49 -0.5373960402421909
50 -0.5367776069462954
51 -0.5365693654602498
52 -0.5359921578436346
53 -0.5358628483737035
54 -0.5355580503458529
55 -0.5356858241891291
56 -0.5356616706797581
57 -0.5359547860906573
58 -0.5363529448633598
59 -0.5367247202664839
60 -0.5372447840647299
61 -0.5378696720608889
62 -0.5386378943820863
63 -0.5394624755641773
64 -0.5403973865016384
65 -0.5413217790023349
66 -0.5423151602460045
67 -0.5432407964501424
68 -0.5442157380511825
69 -0.5451123818801882
70 -0.5460395020872046
71 -0.5468629294537911
72 -0.5476736895261972
73 -0.5483621484370214
74 -0.5490268165768206
75 -0.5495615281306119
76 -0.5500952667763854
77 -0.5505240322652458
78 -0.5509678064271181
79 -0.5513197407970241
80 -0.5517805595462418
81 -0.5519948575770625
82 -0.5523374135763649
83 -0.5526254338368297
84 -0.5529492508411487
85 -0.5532344921750914
86 -0.5535506847680003
87 -0.553765124678356
88 -0.55405028390889
89 -0.5542400237015334
90 -0.5544911152201425
91 -0.5546418326375853
92 -0.5548532418068267
93 -0.5549502230597766
94 -0.5551092338492893
95 -0.5551311907530974
96 -0.5552572085110231
97 -0.5552961527870857
98 -0.5553899845269594
99 -0.5554344083906426
100 -0.5555598771406887
101 -0.5556121072114899
102 -0.5557477638094075
103 -0.5558042186363745
104 -0.5559585225520578
105 -0.5560403921362612
106 -0.5562228295762833
107 -0.5563354571835352
108 -0.5565431110447562
109 -0.5566644297166589
110 -0.5568587239646863
111 -0.5569482229108909
112 -0.5571003007934576
113 -0.5571491660298348
114 -0.5572646963815963
115 -0.5572688166384098
116 -0.5573595461285931
117 -0.5573612480563126
118 -0.5574541802079279
119 -0.5574504138276014
120 -0.5575456780513148
121 -0.557557042387596
122 -0.5576631656326001
123 -0.5576777342449613
124 -0.5577849842574873
125 -0.5578041491691115
126 -0.557928937573325
127 -0.5579686784086832
128 -0.5581096429229561
129 -0.5581535348644069
130 -0.5582901620811701
131 -0.5583245531780568
132 -0.5584516678059607
133 -0.5584735555113813
134 -0.5585893517314326
135 -0.5585938099984438
136 -0.5586874733752093
137 -0.5586850690760363
138 -0.558775048828861
139 -0.5587613713098474
140 -0.5588429868986879
141 -0.5588179882371536
142 -0.5588935344970999
143 -0.5588557424545313
144 -0.5589415653223181
145 -0.5589036055975072
146 -0.5589800799723906
147 -0.5589338625398571
148 -0.5590030725296448
149 -0.5589546843325381
150 -0.5590204397234602
151 -0.5589727033943688
152 -0.559037471413805
153 -0.5589900469042007
154 -0.5590519808178268
155 -0.5590044026334625
156 -0.5590572175362511
157 -0.5590035581978989
158 -0.5590596916412743
159 -0.5590105290190672
160 -0.559068339628539
161 -0.5590192296826184
162 -0.5590777073393679
163 -0.5590239085354284
164 -0.5590892074407272
165 -0.5590385345007117
166 -0.5591021725632219
167 -0.5590479386254446
168 -0.5591099963595607
169 -0.5590552968190169
170 -0.5591153005731992
171 -0.5590609793615046
172 -0.5591199238652749
173 -0.5590664065080079
174 -0.559125208863524
175 -0.5590719441090615
176 -0.5591299130589582
177 -0.5590752318693929
178 -0.559131641490664
179 -0.5590793134411467
180 -0.5591296256880366
181 -0.5590667705483086
182 -0.559123517190351
183 -0.5590640909786054
184 -0.5591202547084529
185 -0.5590581062101656
186 -0.5591149323320806
187 -0.55905183194749
188 -0.5591092436233861
189 -0.5590461843987393
190 -0.5591031340733675
191 -0.5590411086675998
192 -0.5590975270900063
193 -0.5590365906407203
194 -0.5590929903266216
195 -0.5590330496240961
196 -0.5590898481216333
197 -0.5590307166692204
198 -0.559088172336907
199 -0.5590295376842952
200 -0.5590876426439136
201 -0.5590291272568031
202 -0.5590882455716214
203 -0.5590296961969312
204 -0.5590897703189398
205 -0.5590308278386193
206 -0.5590915713956476
207 -0.5590319958384015
208 -0.559092988884916
209 -0.5590329008485688
210 -0.5590936651175349
211 -0.5590336099593395
212 -0.5590937760144645
213 -0.5590340480394818
214 -0.5590935987479225
215 -0.5590341017284364
216 -0.5590933262240282
217 -0.5590339506843843
218 -0.5590930949509794
219 -0.5590336914159481
220 -0.5590928994813451
221 -0.5590333854289895
222 -0.5590928128885644
223 -0.5590330637715681
224 -0.5590928103569963
225 -0.5590327422733112
226 -0.5590928162910406
227 -0.5590324106698379
228 -0.5590927274969093
229 -0.5590320431238346
230 -0.5590923859961291
231 -0.5590315202396218
232 -0.559091655684042
233 -0.5590308537427858
234 -0.5590906729318097
235 -0.559029970355616
236 -0.5590895041526865
237 -0.5590288858000634
238 -0.5590883090026967
239 -0.5590277760857163
240 -0.5590872667862377
241 -0.559026834360501
242 -0.5590865533682103
243 -0.559026224095069
244 -0.559086227734894
245 -0.5590259501679316
246 -0.5590863059748232
247 -0.5590260513703278
248 -0.5590866809374694
249 -0.5590263908864583
250 -0.5590871594518974
251 -0.5590268105007776
252 -0.5590875825168197
253 -0.5590272013967534
254 -0.5590878332301887
255 -0.559027367647164
256 -0.5590878169679795
257 -0.5590273128700242
258 -0.559087616296155
259 -0.5590270952351257
260 -0.5590873400398995
261 -0.5590268186354126
262 -0.5590870804309619
263 -0.5590265816433123
264 -0.5590869401830288
265 -0.5590264817128759
266 -0.5590869746773213
267 -0.5590265485594325
268 -0.5590871681438541
269 -0.5590267489499983
270 -0.5590874404651222
271 -0.559026991830508
272 -0.5590876739464774
273 -0.5590271556494312
274 -0.5590877481060922
275 -0.5590271494305351
276 -0.5590876418063198
277 -0.5590269564660101
278 -0.5590873214226773
279 -0.5590265543589704
280 -0.5590868153120666
281 -0.5590259956841578
282 -0.559086215872562
283 -0.5590253908480023
284 -0.559085640702498
285 -0.5590248580827354
286 -0.5590852009731889
287 -0.5590245016095375
288 -0.5590849661869478
289 -0.5590243534528093
290 -0.5590849461881551
291 -0.559024421850148
292 -0.5590851128739538
293 -0.5590246466314747
294 -0.5590853858293267
295 -0.5590249417503539
296 -0.5590856758595598
297 -0.5590252050510454
298 -0.5590858854460159
299 -0.5590253527869352
300 -0.5590859571981394
301 -0.5590253560721328
302 -0.5590858922377729
303 -0.559025233805588
304 -0.5590857253176974
305 -0.5590250364730824
306 -0.5590855208134864
307 -0.5590248344018541
308 -0.5590853468927748
309 -0.5590246919969334
310 -0.5590852549020306
311 -0.5590246443719128
312 -0.5590852595128842
313 -0.5590246883755264
314 -0.5590853381502862
315 -0.5590247870969166
316 -0.5590854454496835
317 -0.5590248901203042
318 -0.5590855361641754
319 -0.5590249556293685
320 -0.5590855689444965
321 -0.559024943113649
322 -0.5590855062021185
323 -0.5590248290116075
324 -0.5590853452019019
325 -0.5590246300006447
326 -0.5590851196677062
327 -0.5590243890258222
328 -0.5590848801499211
329 -0.559024161567476
330 -0.5590846826075787
331 -0.5590240012148107
332 -0.5590845717177156
333 -0.5590239413076079
334 -0.5590845668923587
335 -0.5590239865512447
336 -0.55908465779396
337 -0.5590241130313002
338 -0.5590848092556551
339 -0.5590242777331869
340 -0.5590849733487958
341 -0.5590244295146252
342 -0.5590851006805403
343 -0.5590245246263524
344 -0.5590851575471253
345 -0.5590245403465491
346 -0.5590851330739577
347 -0.5590244780060759
348 -0.5590850402186385
349 -0.5590243608139128
350 -0.5590849105798537
351 -0.5590242266000771
352 -0.5590847834612419
353 -0.559024113691766
354 -0.5590846932375177
355 -0.5590240508274876
356 -0.5590846605373759
357 -0.559024048645875
358 -0.5590846860429122
359 -0.5590240981095685
360 -0.5590847529471695
361 -0.5590241759467444
362 -0.5590848342724108
363 -0.5590242525053215
364 -0.5590848990175465
365 -0.5590242983534895
366 -0.5590849215976292
367 -0.5590242939371658
368 -0.5590848899894214
369 -0.5590242359686898
370 -0.5590848102650753
371 -0.5590241389060653
372 -0.5590847032547845
373 -0.5590240285240962
374 -0.5590845975868163
375 -0.5590239335147793
376 -0.5590845200023815
377 -0.5590238773658621
378 -0.5590844889113004
379 -0.5590238718943646
380 -0.5590845083964662
381 -0.5590239137751938
382 -0.5590845680584359
383 -0.5590239862779978
384 -0.5590846468039293
385 -0.5590240651873596
386 -0.5590847192092369
387 -0.5590241256434019
388 -0.5590847632819923
389 -0.5590241501017047
390 -0.5590847668892815
391 -0.5590241323847437
392 -0.5590847301245256
393 -0.5590240788186676
394 -0.5590846645776502
395 -0.5590240055850538
396 -0.5590845896881111
397 -0.5590239335669609
398 -0.5590845258649891
399 -0.5590238816413293
400 -0.55908448914136
401 -0.5590238618747504
402 -0.5590844865913378
403 -0.5590238758892733
404 -0.5590845147397067
405 -0.5590239153018015
406 -0.559084561226489
407 -0.5590239649750554
408 -0.5590846092267773
409 -0.5590240072644589
410 -0.5590846420249705
411 -0.5590240277974329
412 -0.5590846486717316
413 -0.5590240195859378
414 -0.5590846265888867
415 -0.5590239848010642
416 -0.5590845820454813
417 -0.5590239332930096
418 -0.5590845278295843
419 -0.5590238797098083
420 -0.5590844788715256
421 -0.55902383837187
422 -0.5590844479828284
423 -0.5590238197032809
424 -0.5590844423727087
425 -0.5590238271786302
426 -0.5590844615209575
427 -0.5590238562875596
428 -0.5590844976776989
429 -0.5590238967396778
430 -0.5590845388833695
431 -0.5590239355446798
432 -0.5590845721758181
433 -0.559023960869157
434 -0.5590845878056062
435 -0.5590239657219787
436 -0.5590845818532049
437 -0.5590239493346735
438 -0.559084556727776
439 -0.5590239170924747
440 -0.5590845201957774
441 -0.5590238787282736
442 -0.5590844829813587
443 -0.5590238450541386
444 -0.5590844551830032
445 -0.559023824879772
446 -0.5590844437873433
447 -0.5590238227057441
448 -0.5590844504233314
449 -0.5590238373541672
450 -0.5590844712869546
451 -0.5590238626725055
452 -0.5590844986705052
453 -0.5590238899311054
454 -0.5590845233535993
455 -0.5590239101294665
456 -0.5590845375200041
457 -0.5590239171447279
458 -0.559084537018056
459 -0.5590239090049191
460 -0.5590845222013323
461 -0.5590238883966884
462 -0.5590844976472232
463 -0.559023861584897
464 -0.5590844707440468
465 -0.5590238363522751
466 -0.5590844490254387
467 -0.5590238196181556
468 -0.5590844383088546
469 -0.5590238155988781
470 -0.5590844408861801
471 -0.5590238244886088
472 -0.5590844550144849
473 -0.5590238427092508
474 -0.5590844756787348
475 -0.5590238642762693
476 -0.5590844963094077
477 -0.5590238824326076
478 -0.5590845106177766
479 -0.5590238918870222
480 -0.5590845146522274
481 -0.5590238901997109
482 -0.5590845076121381
483 -0.5590238782658724
484 -0.5590844918983957
485 -0.5590238598500504
486 -0.559084472367681
487 -0.5590238404965401
488 -0.5590844546417385
489 -0.5590238255985266
490 -0.5590844435502177
491 -0.5590238190236795
492 -0.5590844417409614
493 -0.5590238219924655
494 -0.5590844489495908
495 -0.5590238327923526
496 -0.5590844622477205
497 -0.559023847584602
498 -0.5590844771935083
499 -0.5590238615416225
500 -0.5590844890502947
501 -0.559023870395104
502 -0.5590844943207582
503 -0.5590238716904299
504 -0.5590844916963202
505 -0.5590238652899804
506 -0.5590844821942924
507 -0.5590238533266957
508 -0.5590844688491312
509 -0.5590238395197445
510 -0.5590844556646961
511 -0.5590238278833449
512 -0.5590844463715496
513 -0.559023821593751
514 -0.5590844434244459
515 -0.5590238221477536
516 -0.5590844472320192
517 -0.5590238288937831
518 -0.5590844562015329
519 -0.5590238394218929
520 -0.5590844673598175
521 -0.5590238503736139
522 -0.5590844772200987
523 -0.5590238584109372
524 -0.5590844828862602
525 -0.5590238613082867
526 -0.5590844828946485
527 -0.5590238584152333
528 -0.5590844774673298
529 -0.5590238508081503
530 -0.5590844683883026
531 -0.5590238408963306
532 -0.5590844584469739
533 -0.5590238316101581
534 -0.5590844504855257
535 -0.5590238255329747
536 -0.5590844466645482
537 -0.5590238242044842
538 -0.5590844477828298
539 -0.5590238276571513
540 -0.5590844531478624
541 -0.5590238345155812
542 -0.5590844608619395
543 -0.5590238425145334
544 -0.5590844684686226
545 -0.5590238491528912
546 -0.5590844736626835
547 -0.5590238525266826
548 -0.5590844750284174
549 -0.5590238517794175
550 -0.5590844723300255
551 -0.5590238473117923
552 -0.5590844665297389
553 -0.5590238405847768
554 -0.5590844594664893
555 -0.5590238336741543
556 -0.5590844532248769
557 -0.5590238285591395
558 -0.5590844495720948
559 -0.5590238266180076
560 -0.5590844494074833
561 -0.5590238282233861
562 -0.5590844525504814
563 -0.5590238326628058
564 -0.5590844578509141
565 -0.5590238384520843
566 -0.5590844636285853
567 -0.5590238437811318
568 -0.5590844681161193
569 -0.5590238470956216
570 -0.559084470049473
571 -0.5590238475178642
572 -0.5590844689964019
573 -0.5590238450533119
574 -0.5590844653884925
575 -0.5590238405429787
576 -0.5590844603949697
577 -0.5590238354135698
578 -0.5590844555221424
579 -0.5590238311539901
580 -0.5590844521640436
581 -0.5590238289320607
582 -0.5590844511985078
583 -0.5590238292763365
584 -0.5590844527436422
585 -0.5590238319055502
586 -0.559084456170261
587 -0.5590238358926745
588 -0.559084460363886
589 -0.5590238399718377
590 -0.5590844640190002
591 -0.5590238429232635
592 -0.5590844660699436
593 -0.5590238439359405
594 -0.5590844660116248
595 -0.5590238428033953
596 -0.5590844639571377
597 -0.5590238399597023
598 -0.5590844606022944
599 -0.5590238363292632
600 -0.5590844569900824
601 -0.5590238330045069
602 -0.5590844541807852
603 -0.5590238309175909
604 -0.5590844529489495
605 -0.5590238306184595
606 -0.5590844535505474
607 -0.5590238320803002
608 -0.5590844556964996
609 -0.5590238347616872
610 -0.5590844586636573
611 -0.5590238377969939
612 -0.5590844615289221
613 -0.5590238402672104
614 -0.5590844634369901
615 -0.5590238414778848
616 -0.5590844638848572
617 -0.5590238411298472
618 -0.5590844628157913
619 -0.559023839404206
620 -0.5590844606136006
621 -0.5590238368739148
622 -0.5590844579737372
623 -0.5590238343199655
624 -0.5590844556853172
625 -0.5590238324713935
626 -0.5590844543947019
627 -0.5590238318254929
628 -0.5590844544108545
629 -0.5590238325030628
630 -0.5590844556479575
631 -0.5590238342176416
632 -0.5590844576677085
633 -0.5590238363985407
634 -0.5590844598335661
635 -0.5590238383764093
636 -0.559084461487284
637 -0.5590238395814852
638 -0.5590844621694288
639 -0.5590238396958694
640 -0.5590844617399167
641 -0.5590238387430633
642 -0.5590844603766043
643 -0.5590238370576355
644 -0.5590844585247482
645 -0.5590238351771796
646 -0.5590844567513938
647 -0.5590238336501049
648 -0.5590844555711546
649 -0.5590238328996229
650 -0.55908445528921
651 -0.5590238331069438
652 -0.5590844559342947
653 -0.5590238341494562
654 -0.5590844572608874
655 -0.5590238356701495
656 -0.5590844588455138
657 -0.5590238371925855
658 -0.5590844601986521
659 -0.5590238382713255
660 -0.5590844609330327
661 -0.5590238386098423
662 -0.5590844608705494
663 -0.5590238381467824
664 -0.5590844600699441
665 -0.5590238370581875
666 -0.5590844588031871
667 -0.5590238357016806
668 -0.5590844574612962
669 -0.5590238344810244
670 -0.5590844564434341
671 -0.5590238337412849
672 -0.5590844560251483
673 -0.559023833673464
674 -0.5590844562909837
675 -0.5590238342562486
676 -0.5590844571203001
677 -0.5590238352810261
678 -0.5590844582433347
679 -0.5590238364159115
680 -0.5590844593086893
681 -0.5590238373263118
682 -0.5590844600035926
683 -0.559023837755306
684 -0.5590844601466313
685 -0.5590238376009192
686 -0.5590844597253454
687 -0.5590238369379763
688 -0.5590844588956074
689 -0.5590238359934324
690 -0.5590844579158588
691 -0.5590238350570952
692 -0.5590844570859672
693 -0.559023834397844
694 -0.5590844566384169
695 -0.5590238341938927
696 -0.5590844566797932
697 -0.5590238344780758
698 -0.5590844571669802
699 -0.559023835140939
700 -0.5590844579356313
701 -0.5590238359608484
702 -0.5590844587433352
703 -0.5590238366913807
704 -0.559084459347766
705 -0.5590238371229967
706 -0.5590844595828396
707 -0.5590238371435728
708 -0.5590844593993805
709 -0.5590238367667959
710 -0.5590844588765148
711 -0.559023836128464
712 -0.5590844581816108
713 -0.5590238354283933
714 -0.5590844575285259
715 -0.5590238348736726
716 -0.5590844571064316
717 -0.5590238346165566
718 -0.5590844570238923
719 -0.5590238347151786
720 -0.5590844572834195
721 -0.5590238351219279
722 -0.559084457791707
723 -0.5590238356977424
724 -0.559084458384736
725 -0.5590238362638212
726 -0.559084458883963
727 -0.5590238366558398
728 -0.5590844591462328
729 -0.5590238367674543
730 -0.559084459108203
731 -0.559023836580296
732 -0.5590844587988282
733 -0.5590238361668972
734 -0.5590844583225812
735 -0.5590238356607042
736 -0.5590844578276766
737 -0.5590238352145008
738 -0.559084457460131
739 -0.5590238349545907
740 -0.5590844573197816
741 -0.5590238349461536
742 -0.5590844574340196
743 -0.5590238351778863
744 -0.5590844577552221
745 -0.5590238355677376
746 -0.5590844581775906
747 -0.5590238359920979
748 -0.5590844585709226
749 -0.5590238363244867
750 -0.5590844588213335
751 -0.5590238364723419
752 -0.5590844588630918
753 -0.5590238364023313
754 -0.5590844586957022
755 -0.559023836147046
756 -0.5590844583797329
757 -0.5590238357917461
758 -0.5590844580155616
759 -0.5590238354453662
760 -0.5590844577123559
761 -0.5590238352085695
762 -0.5590844575550644
763 -0.5590238351441862
764 -0.5590844575812339
765 -0.5590238352613047
766 -0.559084457772724
767 -0.5590238355152956
768 -0.5590844580642393
769 -0.5590238358237278
770 -0.5590844583643371
771 -0.5590238360931209
772 -0.5590844585844147
773 -0.5590238362465283
774 -0.5590844586643754
775 -0.5590238362453689
776 -0.5590844585886314
777 -0.559023836098577
778 -0.5590844583881484
779 -0.5590238358574207
780 -0.5590844581283576
781 -0.5590238355976054
782 -0.5590844578885743
783 -0.5590238353959375
784 -0.5590844577376659
785 -0.55902383530804
786 -0.5590844577146498
787 -0.5590238353531849
788 -0.5590844578189124
789 -0.559023835510663
790 -0.5590844580127886
791 -0.5590238357278174
792 -0.5590844582344293
793 -0.5590238359375752
794 -0.559084458416988
795 -0.5590238360788085
796 -0.5590844585091052
797 -0.559023836113878
798 -0.5590844584888782
799 -0.5590238360383769
800 -0.5590844583685838
801 -0.5590238358806572
802 -0.5590844581889165
803 -0.559023835691541
804 -0.5590844580057099
805 -0.5590238355278988
806 -0.5590844578727185
807 -0.5590238354360569
808 -0.5590844578259503
809 -0.5590238354388916
810 -0.5590844578741287
811 -0.5590238355302233
812 -0.5590844579978227
813 -0.5590238356782324
814 -0.5590844581565547
815 -0.5590238358363091
816 -0.5590844583017563
817 -0.5590238359575405
818 -0.5590844583914952
819 -0.5590238360084413
820 -0.5590844584026703
821 -0.5590238359779846
822 -0.5590844583364286
823 -0.5590238358796922
824 -0.559084458216469
825 -0.5590238357461467
826 -0.5590844580808828
827 -0.5590238356183768
828 -0.5590844579701925
829 -0.5590238355333355
830 -0.5590844579153458
831 -0.5590238355135152
832 -0.5590844579291847
833 -0.5590238355610125
834 -0.5590844580037925
835 -0.5590238356581015
836 -0.5590844581138864
837 -0.5590238357735225
838 -0.5590844582251676
839 -0.5590238358723936
840 -0.5590844583049305
841 -0.5590238359266528
842 -0.5590844583315495
843 -0.5590238359228779
844 -0.5590844583002218
845 -0.5590238358654416
846 -0.5590844582233633
847 -0.5590238357741869
848 -0.5590844581260257
849 -0.5590238356776849
850 -0.5590844580378126
851 -0.5590238356044492
852 -0.5590844579840104
853 -0.559023835574567
854 -0.5590844579783899
855 -0.5590238355943445
856 -0.5590844580198799
857 -0.5590238356551789
858 -0.559084458093679
859 -0.5590238357369295
860 -0.5590844581763285
861 -0.5590238358144558
862 -0.5590844582430997
863 -0.559023835865267
864 -0.5590844582753088
865 -0.5590238358759697
866 -0.5590844582654702
867 -0.5590238358456828
868 -0.5590844582188258
869 -0.5590238357855857
870 -0.5590844581510935
871 -0.5590238357149369
872 -0.5590844580832766
873 -0.5590238356549891
874 -0.5590844580352112
875 -0.5590238356226656
876 -0.5590844580198359
877 -0.5590238356258678
878 -0.5590844580398024
879 -0.559023835661652
880 -0.5590844580872683
881 -0.5590238357176875
882 -0.5590844581467819
883 -0.5590238357764206
884 -0.5590844582002135
885 -0.5590238358204815
886 -0.5590844582322428
887 -0.5590238358377793
888 -0.5590844582346937
889 -0.5590238358247529
890 -0.5590844582085126
891 -0.5590238357869209
892 -0.5590844581629667
893 -0.5590238357367568
894 -0.5590844581124784
895 -0.559023835689626
896 -0.5590844580720953
897 -0.5590238356591407
898 -0.559084458053057
899 -0.5590238356532831
900 -0.5590844580597296
901 -0.5590238356723813
902 -0.5590844580887095
903 -0.5590238357094272
904 -0.5590844581302491
905 -0.559023835752558
906 -0.5590844581714719
907 -0.5590238357887961
908 -0.5590844582003121
909 -0.5590238358079084
910 -0.5590844582090221
911 -0.5590238358052617
912 -0.5590844581961835
913 -0.5590238357828544
914 -0.559084458166764
915 -0.5590238357483561
916 -0.5590844581303053
917 -0.5590238357125452
918 -0.559084458097877
919 -0.5590238356859704
920 -0.5590844580787377
921 -0.5590238356758899
922 -0.5590844580777385
923 -0.5590238356843212
924 -0.5590844580941458
925 -0.5590238357077493
926 -0.559084458122171
927 -0.5590238357384636
928 -0.5590844581529493
929 -0.5590238357670575
930 -0.5590844581773114
931 -0.5590238357852764
932 -0.5590844581884825
933 -0.5590238357883669
934 -0.5590844581839325
935 -0.5590238357762736
936 -0.5590844581658763
937 -0.5590238357533907
938 -0.5590844581403589
939 -0.5590238357270234
940 -0.5590844581152692
941 -0.559023835705085
942 -0.5590844580979275
943 -0.5590238356937473
944 -0.5590844580929719
945 -0.5590238356957299
946 -0.5590844581011526
947 -0.5590238357096992
948 -0.5590844581193319
949 -0.5590238357308883
950 -0.5590844581416217
951 -0.5590238357526836
952 -0.5590844581612631
953 -0.559023835768669
954 -0.5590844581726524
955 -0.5590238357744887
956 -0.5590844581729183
957 -0.5590238357690106
958 -0.5590844581626081
959 -0.5590238357544738
960 -0.559084458145335
961 -0.5590238357356432
962 -0.5590844581265482
963 -0.5590238357182743
964 -0.5590844581118315
965 -0.5590238357073666
966 -0.559084458105263
967 -0.559023835705749
968 -0.5590844581083052
969 -0.5590238357133701
970 -0.5590844581195238
971 -0.5590238357274762
972 -0.5590844581351724
973 -0.5590238357435714
974 -0.5590844581504197
975 -0.5590238357568296
976 -0.5590844581608212
977 -0.5590238357635274
978 -0.5590844581636051
979 -0.5590238357620737
980 -0.5590844581583847
981 -0.5590238357533523
982 -0.5590844581471377
983 -0.5590238357403245
984 -0.5590844581334961
985 -0.5590238357270478
986 -0.559084458121589
987 -0.5590238357174223
988 -0.559084458114804
989 -0.5590238357140599
990 -0.5590844581148382
991 -0.5590238357175916
992 -0.5590844581212959
993 -0.5590238357265926
994 -0.5590844581319238
995 -0.5590238357381196
996 -0.5590844581433744
997 -0.5590238357486556
998 -0.5590844581522497
999 -0.5590238357551703
1000 -0.5590844581560943
1001 -0.5590238357559825
1002 -0.559084458154066
1003 -0.559023835751175
1004 -0.5590844581470892
1005 -0.5590238357424723
1006 -0.5590844581374849
1007 -0.5590238357326412
1008 -0.5590844581282131
1009 -0.5590238357246229
1010 -0.5590844581219685
1011 -0.5590238357206624
1012 -0.5590844581204094
1013 -0.5590238357216915
1014 -0.5590844581237274
1015 -0.559023835727126
1016 -0.5590844581306754
1017 -0.5590238357351258
1018 -0.5590844581390141
1019 -0.5590238357432042
1020 -0.5590844581462231
1021 -0.5590238357489912
1022 -0.5590844581502561
1023 -0.5590238357509211
1024 -0.5590844581501102
1025 -0.5590238357486463
1026 -0.5590844581460636
1027 -0.55902383574307
1028 -0.5590844581395212
1029 -0.5590238357360096
1030 -0.5590844581325385
1031 -0.559023835729617
1032 -0.559084458127184
1033 -0.5590238357257243
1034 -0.559084458124934
1035 -0.5590238357253313
1036 -0.5590844581262722
1037 -0.5590238357283555
1038 -0.5590844581306038
1039 -0.5590238357337183
1040 -0.5590844581364928
1041 -0.5590238357397183
1042 -0.5590844581421257
1043 -0.5590238357445619
1044 -0.5590844581458683
1045 -0.5590238357468961
1046 -0.5590844581467308
1047 -0.5590238357461788
1048 -0.5590844581446235
1049 -0.5590238357427924
1050 -0.5590844581403294
1051 -0.5590238357378775
1052 -0.5590844581352299
1053 -0.5590238357329601
1054 -0.5590844581308628
1055 -0.5590238357294797
1056 -0.5590844581284657
1057 -0.5590238357283743
1058 -0.5590844581286294
1059 -0.5590238357298333
1060 -0.5590844581311608
1061 -0.559023835733285
1062 -0.5590844581351853
1063 -0.5590238357376059
1064 -0.5590844581394407
1065 -0.5590238357414823
1066 -0.5590844581426681
1067 -0.559023835743805
1068 -0.5590844581439802
1069 -0.5590238357439798
1070 -0.5590844581431004
1071 -0.5590238357420775
1072 -0.5590844581404104
1073 -0.5590238357387723
1074 -0.5590844581367994
1075 -0.5590238357351099
1076 -0.5590844581333761
1077 -0.5590238357321837
1078 -0.5590844581311332
1079 -0.5590238357308083
1080 -0.5590844581306595
1081 -0.5590238357312985
1082 -0.5590844581319939
1083 -0.5590238357334059
1084 -0.5590844581346449
1085 -0.5590238357364232
1086 -0.5590844581377616
1087 -0.5590238357394143
1088 -0.559084458140405
1089 -0.5590238357415056
1090 -0.5590844581418276
1091 -0.5590238357421355
1092 -0.5590844581416821
1093 -0.5590238357412016
1094 -0.5590844581400991
1095 -0.5590238357390654
1096 -0.5590844581376228
1097 -0.5590238357364198
1098 -0.5590844581350295
1099 -0.5590238357340691
1100 -0.5590844581330842
1101 -0.559023835732684
1102 -0.5590844581323202
1103 -0.5590238357326158
1104 -0.559084458132894
1105 -0.5590238357338101
1106 -0.559084458134563
1107 -0.5590238357358465
1108 -0.5590844581367767
1109 -0.5590238357380807
1110 -0.5590844581388559
1111 -0.5590238357398478
1112 -0.5590844581401991
1113 -0.5590238357406563
1114 -0.5590844581404548
1115 -0.5590238357403237
1116 -0.5590844581396094
1117 -0.5590238357390118
1118 -0.5590844581379723
1119 -0.5590238357371595
1120 -0.5590844581360683
1121 -0.5590238357353405
1122 -0.5590844581344691
1123 -0.5590238357340848
1124 -0.5590844581336256
1125 -0.5590238357337282
1126 -0.5590844581337427
1127 -0.5590238357343245
1128 -0.5590844581347306
1129 -0.5590238357356448
1130 -0.5590844581362524
1131 -0.5590238357372624
1132 -0.5590844581378321
1133 -0.5590238357386872
1134 -0.5590844581390034
1135 -0.5590238357395121
1136 -0.559084458139447
1137 -0.5590238357395295
1138 -0.5590844581390734
1139 -0.5590238357387809
1140 -0.5590844581380391
1141 -0.5590238357375272
1142 -0.5590844581366829
1143 -0.5590238357361647
1144 -0.5590844581354206
1145 -0.5590238357350985
1146 -0.5590844581346167
1147 -0.5590238357346232
1148 -0.55908445813448
1149 -0.5590238357348456
1150 -0.5590844581350135
1151 -0.5590238357356608
1152 -0.5590844581360229
1153 -0.5590238357367963
1154 -0.5590844581371858
1155 -0.5590238357379024
1156 -0.5590844581381534
1157 -0.559023835738657
1158 -0.559084458138654
1159 -0.5590238357388587
1160 -0.5590844581385657
1161 -0.5590238357384787
1162 -0.5590844581379487
1163 -0.5590238357376618
1164 -0.5590844581370125
1165 -0.5590238357366716
1166 -0.5590844581360503
1167 -0.5590238357358081
1168 -0.5590844581353448
1169 -0.5590238357353173
1170 -0.5590844581350888
1171 -0.5590238357353216
1172 -0.5590844581353309
1173 -0.5590238357357914
1174 -0.5590844581359727
1175 -0.5590238357365632
1176 -0.5590844581368029
1177 -0.5590238357373931
1178 -0.5590844581375687
1179 -0.5590238357380369
1180 -0.5590844581380493
1181 -0.5590238357383144
1182 -0.5590844581381198
1183 -0.5590238357381663
1184 -0.559084458137783
1185 -0.5590238357376596
1186 -0.5590844581371606
1187 -0.5590238357369628
1188 -0.5590844581364501
1189 -0.5590238357362906
1190 -0.559084458135865
1191 -0.5590238357358381
1192 -0.5590844581355694
1193 -0.5590238357357259
1194 -0.5590844581356339
1195 -0.5590238357359679
1196 -0.5590844581360195
1197 -0.5590238357364731
1198 -0.559084458136595
1199 -0.5590238357370785
1200 -0.5590844581371807
1201 -0.5590238357376012
1202 -0.5590844581376048
1203 -0.5590238357378928
1204 -0.5590844581377524
1205 -0.5590238357378813
1206 -0.5590844581375961
1207 -0.5590238357375876
1208 -0.5590844581371988
1209 -0.5590238357371128
1210 -0.5590844581366902
1211 -0.5590238357366056
1212 -0.5590844581362246
1213 -0.5590238357362176
1214 -0.5590844581359369
1215 -0.559023835736054
1216 -0.5590844581359006
1217 -0.5590238357361514
1218 -0.5590844581361127
1219 -0.5590238357364669
1220 -0.5590844581364971
1221 -0.5590238357368944
1222 -0.5590844581369316
1223 -0.5590238357373034
1224 -0.5590844581372857
1225 -0.5590238357375749
1226 -0.5590844581374599
1227 -0.5590238357376369
1228 -0.5590844581374145
1229 -0.5590238357374836
1230 -0.5590844581371742
1231 -0.5590238357371718
1232 -0.5590844581368211
1233 -0.5590238357368018
1234 -0.5590844581364641
1235 -0.5590238357364848
1236 -0.5590844581362094
1237 -0.559023835736312
1238 -0.5590844581361248
1239 -0.5590238357363244
1240 -0.5590844581362254
1241 -0.5590238357365083
1242 -0.5590844581364708
1243 -0.5590238357368003
1244 -0.5590844581367825
1245 -0.5590238357371091
1246 -0.5590844581370642
1247 -0.5590238357373428
1248 -0.5590844581372357
1249 -0.5590238357374374
1250 -0.5590844581372528
1251 -0.5590238357373731
1252 -0.5590844581371193
1253 -0.5590238357371778
1254 -0.5590844581368828
1255 -0.5590238357369159
1256 -0.5590844581366177
1257 -0.5590238357366674
1258 -0.5590844581364042
1259 -0.559023835736505
1260 -0.5590844581363015
1261 -0.5590238357364712
1262 -0.5590844581363331
1263 -0.5590238357365684
1264 -0.5590844581364823
1265 -0.5590238357367604
1266 -0.5590844581366989
1267 -0.5590238357369867
1268 -0.5590844581369163
1269 -0.5590238357371793
1270 -0.5590844581370705
1271 -0.5590238357372822
1272 -0.559084458137119
1273 -0.559023835737271
1274 -0.5590844581370542
1275 -0.5590238357371563
1276 -0.559084458136902
1277 -0.5590238357369764
1278 -0.5590844581367115
1279 -0.5590238357367882
1280 -0.5590844581365402
1281 -0.559023835736647
1282 -0.559084458136438
1283 -0.5590238357365922
1284 -0.5590844581364303
1285 -0.5590238357366338
1286 -0.5590844581365139
1287 -0.5590238357367546
1288 -0.5590844581366595
1289 -0.5590238357369151
1290 -0.5590844581368208
1291 -0.5590238357370655
1292 -0.55908445813695
1293 -0.5590238357371629
1294 -0.5590844581370105
1295 -0.5590238357371814
1296 -0.5590844581369894
1297 -0.5590238357371206
1298 -0.5590844581368964
1299 -0.5590238357370018
1300 -0.5590844581367632
1301 -0.5590238357368635
1302 -0.5590844581366314
1303 -0.5590238357367479
1304 -0.5590844581365392
1305 -0.5590238357366867
1306 -0.5590844581365112
1307 -0.559023835736695
1308 -0.5590844581365526
1309 -0.5590238357367668
1310 -0.5590844581366466
1311 -0.5590238357368776
1312 -0.5590844581367637
1313 -0.5590238357369922
1314 -0.5590844581368672
1315 -0.5590238357370773
1316 -0.5590844581369282
1317 -0.5590238357371095
1318 -0.5590844581369313
1319 -0.5590238357370823
1320 -0.5590844581368786
1321 -0.5590238357370068
1322 -0.5590844581367883
1323 -0.5590238357369078
1324 -0.5590844581366897
1325 -0.5590238357368158
1326 -0.5590844581366116
1327 -0.5590238357367583
1328 -0.5590844581365761
1329 -0.5590238357367485
1330 -0.559084458136591
1331 -0.5590238357367874
1332 -0.5590844581366486
1333 -0.5590238357368608
1334 -0.5590844581367304
1335 -0.5590238357369448
1336 -0.5590844581368108
1337 -0.5590238357370155
1338 -0.5590844581368666
1339 -0.5590238357370521
1340 -0.5590844581368822
1341 -0.5590238357370448
1342 -0.5590844581368553
1343 -0.5590238357369999
1344 -0.5590844581367971
1345 -0.5590238357369317
1346 -0.5590844581367258
1347 -0.5590238357368624
1348 -0.5590844581366627
1349 -0.5590238357368114
1350 -0.5590844581366271
1351 -0.5590238357367935
1352 -0.5590844581366268
1353 -0.5590238357368112
1354 -0.55908445813666
1355 -0.5590238357368574
1356 -0.5590844581367146
1357 -0.5590238357369169
1358 -0.5590844581367739
1359 -0.5590238357369722
1360 -0.5590844581368214
1361 -0.5590238357370078
1362 -0.5590844581368425
1363 -0.5590238357370128
1364 -0.5590844581368327
1365 -0.5590238357369886
1366 -0.5590844581367971
1367 -0.559023835736943
1368 -0.5590844581367466
1369 -0.5590238357368916
1370 -0.5590844581366976
1371 -0.5590238357368489
1372 -0.5590844581366643
1373 -0.5590238357368275
1374 -0.5590844581366557
1375 -0.5590238357368321
1376 -0.5590844581366723
1377 -0.5590238357368607
1378 -0.559084458136709
1379 -0.5590238357369027
1380 -0.5590844581367528
1381 -0.5590238357369451
1382 -0.5590844581367905
1383 -0.5590238357369754
1384 -0.5590844581368113
1385 -0.559023835736985
1386 -0.5590844581368105
1387 -0.5590238357369738
1388 -0.5590844581367902
1389 -0.5590238357369456
1390 -0.5590844581367572
1391 -0.5590238357369095
1392 -0.5590844581367208
1393 -0.5590238357368754
1394 -0.5590844581366919
1395 -0.5590238357368542
1396 -0.5590844581366794
1397 -0.5590238357368517
1398 -0.5590844581366861
1399 -0.5590238357368672
1400 -0.5590844581367084
1401 -0.5590238357368948
1402 -0.559084458136739
1403 -0.5590238357369266
1404 -0.5590844581367691
1405 -0.5590238357369522
1406 -0.5590844581367891
1407 -0.5590238357369655
1408 -0.5590844581367945
1409 -0.559023835736962
1410 -0.5590844581367835
1411 -0.5590238357369444
1412 -0.5590844581367609
1413 -0.5590238357369184
1414 -0.5590844581367342
1415 -0.5590238357368928
1416 -0.5590844581367115
1417 -0.5590238357368742
1418 -0.5590844581366988
1419 -0.5590238357368678
1420 -0.5590844581366989
1421 -0.559023835736875
1422 -0.5590844581367116
1423 -0.5590238357368927
1424 -0.5590844581367325
1425 -0.5590238357369152
1426 -0.5590844581367544
1427 -0.5590238357369359
1428 -0.5590844581367721
1429 -0.5590238357369487
1430 -0.5590844581367795
1431 -0.5590238357369501
1432 -0.5590844581367753
1433 -0.5590238357369401
1434 -0.5590844581367612
1435 -0.5590238357369227
1436 -0.5590844581367421
1437 -0.5590238357369036
1438 -0.5590844581367238
1439 -0.5590238357368879
1440 -0.559084458136712
1441 -0.5590238357368804
1442 -0.5590844581367096
1443 -0.5590238357368834
1444 -0.5590844581367165
1445 -0.5590238357368942
1446 -0.5590844581367301
1447 -0.5590238357369097
1448 -0.5590844581367461
1449 -0.5590238357369254
1450 -0.559084458136761
1451 -0.5590238357369371
1452 -0.5590844581367687
1453 -0.5590238357369403
1454 -0.5590844581367677
1455 -0.5590238357369354
1456 -0.559084458136759
1457 -0.5590238357369245
1458 -0.5590844581367468
1459 -0.5590238357369112
1460 -0.5590844581367335
1461 -0.5590238357368986
1462 -0.5590844581367221
1463 -0.5590238357368903
1464 -0.5590844581367179
1465 -0.5590238357368899
1466 -0.5590844581367207
1467 -0.5590238357368958
1468 -0.5590844581367292
1469 -0.5590238357369065
1470 -0.5590844581367411
1471 -0.5590238357369184
1472 -0.559084458136752
1473 -0.5590238357369272
1474 -0.5590844581367589
1475 -0.5590238357369318
1476 -0.5590844581367609
1477 -0.5590238357369305
1478 -0.559084458136757
1479 -0.5590238357369246
1480 -0.5590844581367487
1481 -0.5590238357369147
1482 -0.5590844581367383
1483 -0.5590238357369047
1484 -0.5590844581367299
1485 -0.5590238357368983
1486 -0.5590844581367256
1487 -0.5590238357368963
1488 -0.5590844581367258
1489 -0.5590238357368991
1490 -0.5590844581367311
1491 -0.5590238357369061
1492 -0.5590844581367387
1493 -0.5590238357369141
1494 -0.5590844581367471
1495 -0.5590238357369222
1496 -0.5590844581367533
1497 -0.5590238357369267
1498 -0.5590844581367559
1499 -0.5590238357369266
1500 -0.5590844581367539
1501 -0.5590238357369225
1502 -0.5590844581367478
1503 -0.5590238357369151
1504 -0.5590844581367402
1505 -0.5590238357369083
1506 -0.5590844581367342
1507 -0.5590238357369033
1508 -0.5590844581367308
1509 -0.5590238357369016
1510 -0.5590844581367308
1511 -0.559023835736903
1512 -0.5590844581367335
1513 -0.5590238357369068
1514 -0.5590844581367383
1515 -0.5590238357369121
1516 -0.5590844581367432
1517 -0.5590238357369171
1518 -0.5590844581367481
1519 -0.5590238357369214
1520 -0.559084458136751
1521 -0.5590238357369227
1522 -0.5590844581367511
1523 -0.5590238357369208
1524 -0.5590844581367478
1525 -0.5590238357369166
1526 -0.5590844581367427
1527 -0.5590238357369113
1528 -0.5590844581367376
1529 -0.5590238357369066
1530 -0.5590844581367342
1531 -0.5590238357369046
1532 -0.5590844581367329
1533 -0.5590238357369044
1534 -0.5590844581367338
1535 -0.5590238357369062
1536 -0.5590844581367368
1537 -0.5590238357369103
1538 -0.5590844581367411
1539 -0.5590238357369148
1540 -0.5590844581367458
1541 -0.5590238357369188
1542 -0.5590844581367492
1543 -0.5590238357369213
1544 -0.5590844581367502
1545 -0.5590238357369206
1546 -0.5590844581367482
1547 -0.5590238357369174
1548 -0.559084458136744
1549 -0.5590238357369134
1550 -0.5590844581367398
1551 -0.5590238357369092
1552 -0.5590844581367364
1553 -0.5590238357369065
1554 -0.5590844581367351
1555 -0.5590238357369065
1556 -0.5590844581367356
1557 -0.5590238357369073
1558 -0.5590844581367371
1559 -0.5590238357369099
1560 -0.5590844581367401
1561 -0.5590238357369131
1562 -0.5590844581367432
1563 -0.5590238357369162
1564 -0.559084458136746
1565 -0.5590238357369181
1566 -0.5590844581367471
1567 -0.5590238357369184
1568 -0.5590844581367465
1569 -0.5590238357369166
1570 -0.5590844581367445
1571 -0.5590238357369141
1572 -0.5590844581367411
1573 -0.5590238357369112
1574 -0.5590844581367391
1575 -0.5590238357369091
1576 -0.5590844581367375
1577 -0.5590238357369083
1578 -0.559084458136737
1579 -0.5590238357369086
1580 -0.5590844581367383
1581 -0.5590238357369109
1582 -0.5590844581367409
1583 -0.5590238357369128
1584 -0.5590844581367429
1585 -0.5590238357369153
1586 -0.5590844581367447
1587 -0.5590238357369162
1588 -0.5590844581367447
1589 -0.5590238357369159
1590 -0.5590844581367447
1591 -0.5590238357369153
1592 -0.5590844581367436
1593 -0.5590238357369135
1594 -0.5590844581367413
1595 -0.5590238357369117
1596 -0.5590844581367398
1597 -0.5590238357369101
1598 -0.5590844581367383
1599 -0.5590238357369096
1600 -0.5590844581367383
1601 -0.5590238357369096
1602 -0.5590844581367391
1603 -0.5590238357369109
1604 -0.5590844581367401
1605 -0.5590238357369117
1606 -0.5590844581367415
1607 -0.5590238357369135
1608 -0.559084458136743
1609 -0.5590238357369149
1610 -0.5590844581367442
1611 -0.5590238357369159
1612 -0.5590844581367448
1613 -0.5590238357369162
1614 -0.5590844581367447
1615 -0.5590238357369151
1616 -0.5590844581367429
1617 -0.5590238357369131
1618 -0.559084458136741
1619 -0.5590238357369115
1620 -0.5590844581367395
1621 -0.5590238357369104
1622 -0.5590844581367388
1623 -0.5590238357369099
1624 -0.5590844581367387
1625 -0.5590238357369099
1626 -0.5590844581367397
1627 -0.5590238357369113
1628 -0.559084458136741
1629 -0.5590238357369125
1630 -0.5590844581367421
1631 -0.5590238357369141
1632 -0.5590844581367433
1633 -0.5590238357369149
1634 -0.5590844581367439
1635 -0.5590238357369147
1636 -0.5590844581367432
1637 -0.5590238357369141
1638 -0.5590844581367425
1639 -0.5590238357369131
1640 -0.5590844581367415
1641 -0.5590238357369121
1642 -0.5590844581367402
1643 -0.5590238357369112
1644 -0.5590844581367398
1645 -0.5590238357369109
1646 -0.5590844581367401
1647 -0.5590238357369116
1648 -0.5590844581367407
1649 -0.5590238357369123
1650 -0.5590844581367416
1651 -0.5590238357369134
1652 -0.5590844581367427
1653 -0.5590238357369145
1654 -0.559084458136743
1655 -0.5590238357369146
1656 -0.5590844581367433
1657 -0.5590238357369141
1658 -0.5590844581367421
1659 -0.5590238357369128
1660 -0.5590844581367411
1661 -0.5590238357369119
1662 -0.5590844581367408
1663 -0.5590238357369123
1664 -0.559084458136741
1665 -0.5590238357369118
1666 -0.5590844581367407
1667 -0.5590238357369118
1668 -0.5590844581367402
1669 -0.5590238357369118
1670 -0.5590844581367407
1671 -0.5590238357369123
1672 -0.5590844581367411
1673 -0.5590238357369131
1674 -0.5590844581367419
1675 -0.5590238357369135
1676 -0.5590844581367422
1677 -0.5590238357369136
1678 -0.5590844581367422
1679 -0.5590238357369134
1680 -0.5590844581367421
1681 -0.5590238357369134
1682 -0.5590844581367422
1683 -0.5590238357369132
1684 -0.5590844581367415
1685 -0.5590238357369124
1686 -0.5590844581367415
1687 -0.5590238357369127
1688 -0.5590844581367411
1689 -0.5590238357369125
1690 -0.559084458136741
1691 -0.5590238357369124
1692 -0.5590844581367406
1693 -0.5590238357369118
1694 -0.5590844581367407
1695 -0.5590238357369119
1696 -0.559084458136741
1697 -0.5590238357369134
1698 -0.5590844581367421
1699 -0.5590238357369134
1700 -0.5590844581367418
1701 -0.5590238357369134
1702 -0.5590844581367421
1703 -0.5590238357369137
1704 -0.5590844581367426
1705 -0.5590238357369138
1706 -0.5590844581367418
1707 -0.5590238357369125
1708 -0.559084458136741
1709 -0.5590238357369119
1710 -0.5590844581367407
1711 -0.5590238357369119
1712 -0.5590844581367407
1713 -0.5590238357369125
1714 -0.5590844581367415
1715 -0.5590238357369125
1716 -0.5590844581367411
1717 -0.5590238357369123
1718 -0.5590844581367411
1719 -0.5590238357369124
1720 -0.5590844581367411
1721 -0.5590238357369125
1722 -0.5590844581367418
1723 -0.5590238357369134
1724 -0.5590844581367422
1725 -0.5590238357369137
1726 -0.5590844581367426
1727 -0.5590238357369137
1728 -0.5590844581367418
1729 -0.5590238357369131
1730 -0.5590844581367418
1731 -0.5590238357369127
1732 -0.5590844581367411
1733 -0.5590238357369121
1734 -0.5590844581367407
1735 -0.5590238357369121
1736 -0.5590844581367411
1737 -0.5590238357369125
1738 -0.5590844581367413
1739 -0.5590238357369125
1740 -0.5590844581367415
1741 -0.5590238357369127
1742 -0.5590844581367415
1743 -0.5590238357369127
1744 -0.5590844581367416
1745 -0.5590238357369127
1746 -0.5590844581367418
1747 -0.5590238357369128
1748 -0.5590844581367418
1749 -0.5590238357369136
1750 -0.5590844581367421
1751 -0.5590238357369132
1752 -0.5590844581367418
1753 -0.5590238357369128
1754 -0.5590844581367416
1755 -0.5590238357369124
1756 -0.559084458136741
1757 -0.5590238357369119
1758 -0.5590844581367408
1759 -0.5590238357369119
1760 -0.5590844581367406
1761 -0.5590238357369119
1762 -0.5590844581367409
1763 -0.5590238357369121
1764 -0.5590844581367416
1765 -0.5590238357369132
1766 -0.5590844581367426
1767 -0.5590238357369141
1768 -0.5590844581367426
1769 -0.5590238357369137
1770 -0.5590844581367418
1771 -0.5590238357369131
1772 -0.5590844581367418
1773 -0.5590238357369125
1774 -0.5590844581367415
1775 -0.5590238357369125
1776 -0.5590844581367413
1777 -0.5590238357369127
1778 -0.5590844581367416
1779 -0.5590238357369129
1780 -0.5590844581367419
1781 -0.5590238357369125
1782 -0.5590844581367411
1783 -0.5590238357369121
1784 -0.5590844581367405
1785 -0.5590238357369119
1786 -0.559084458136741
1787 -0.5590238357369121
1788 -0.5590844581367408
1789 -0.5590238357369121
1790 -0.5590844581367411
1791 -0.5590238357369127
1792 -0.5590844581367416
1793 -0.5590238357369131
1794 -0.5590844581367421
1795 -0.5590238357369135
1796 -0.5590844581367422
1797 -0.5590238357369134
1798 -0.5590844581367418
1799 -0.5590238357369131
1800 -0.5590844581367418
1801 -0.5590238357369132
1802 -0.5590844581367416
1803 -0.5590238357369125
1804 -0.5590844581367413
1805 -0.5590238357369125
1806 -0.5590844581367411
1807 -0.5590238357369124
1808 -0.5590844581367408
1809 -0.5590238357369121
1810 -0.5590844581367411
1811 -0.5590238357369124
1812 -0.5590844581367415
1813 -0.5590238357369131
1814 -0.5590844581367416
1815 -0.5590238357369127
1816 -0.5590844581367416
1817 -0.5590238357369131
1818 -0.5590844581367416
1819 -0.5590238357369127
1820 -0.5590844581367416
1821 -0.5590238357369127
1822 -0.5590844581367416
1823 -0.5590238357369125
1824 -0.559084458136741
1825 -0.5590238357369125
1826 -0.5590844581367415
1827 -0.5590238357369128
1828 -0.5590844581367411
1829 -0.5590238357369124
1830 -0.5590844581367418
1831 -0.5590238357369134
1832 -0.5590844581367421
1833 -0.5590238357369132
1834 -0.559084458136742
1835 -0.5590238357369134
1836 -0.559084458136742
1837 -0.5590238357369135
1838 -0.5590844581367418
1839 -0.5590238357369127
1840 -0.5590844581367416
1841 -0.5590238357369124
1842 -0.559084458136741
1843 -0.5590238357369121
1844 -0.5590844581367411
1845 -0.5590238357369125
1846 -0.5590844581367411
1847 -0.5590238357369125
1848 -0.5590844581367413
1849 -0.5590238357369127
1850 -0.5590844581367415
1851 -0.5590238357369127
1852 -0.5590844581367415
1853 -0.5590238357369125
1854 -0.5590844581367415
1855 -0.5590238357369125
1856 -0.5590844581367411
1857 -0.5590238357369125
1858 -0.5590844581367411
1859 -0.5590238357369124
1860 -0.5590844581367413
1861 -0.5590238357369125
1862 -0.5590844581367415
1863 -0.5590238357369132
1864 -0.5590844581367418
1865 -0.5590238357369134
1866 -0.5590844581367418
1867 -0.5590238357369131
1868 -0.5590844581367418
1869 -0.5590238357369127
1870 -0.5590844581367416
1871 -0.5590238357369128
1872 -0.5590844581367416
1873 -0.5590238357369124
1874 -0.559084458136741
1875 -0.5590238357369121
1876 -0.5590844581367407
1877 -0.5590238357369123
1878 -0.5590844581367411
1879 -0.5590238357369129
1880 -0.559084458136742
1881 -0.5590238357369134
1882 -0.559084458136742
1883 -0.5590238357369131
1884 -0.5590844581367416
1885 -0.5590238357369132
1886 -0.5590844581367418
1887 -0.5590238357369128
1888 -0.5590844581367412
1889 -0.5590238357369128
1890 -0.5590844581367418
1891 -0.5590238357369125
1892 -0.5590844581367411
1893 -0.5590238357369125
1894 -0.5590844581367416
1895 -0.5590238357369127
1896 -0.5590844581367416
1897 -0.5590238357369128
1898 -0.5590844581367418
1899 -0.5590238357369132
1900 -0.559084458136742
1901 -0.5590238357369132
1902 -0.5590844581367418
1903 -0.5590238357369128
1904 -0.5590844581367415
1905 -0.5590238357369125
1906 -0.5590844581367411
1907 -0.5590238357369124
1908 -0.5590844581367411
1909 -0.5590238357369123
1910 -0.5590844581367418
1911 -0.5590238357369128
1912 -0.5590844581367416
1913 -0.5590238357369131
1914 -0.559084458136742
1915 -0.5590238357369127
1916 -0.5590844581367418
1917 -0.5590238357369127
1918 -0.5590844581367415
1919 -0.5590238357369124
1920 -0.5590844581367411
1921 -0.5590238357369124
1922 -0.5590844581367413
1923 -0.5590238357369124
1924 -0.5590844581367411
1925 -0.5590238357369127
1926 -0.5590844581367416
1927 -0.5590238357369125
1928 -0.5590844581367416
1929 -0.5590238357369131
1930 -0.5590844581367416
1931 -0.5590238357369124
1932 -0.5590844581367412
1933 -0.5590238357369128
1934 -0.5590844581367416
1935 -0.5590238357369131
1936 -0.5590844581367415
1937 -0.5590238357369125
1938 -0.5590844581367411
1939 -0.5590238357369124
1940 -0.5590844581367416
1941 -0.5590238357369127
1942 -0.5590844581367411
1943 -0.5590238357369127
1944 -0.5590844581367416
1945 -0.5590238357369128
1946 -0.5590844581367418
1947 -0.5590238357369131
1948 -0.5590844581367418
1949 -0.5590238357369127
1950 -0.5590844581367416
1951 -0.5590238357369127
1952 -0.5590844581367415
1953 -0.5590238357369128
1954 -0.5590844581367413
1955 -0.5590238357369125
1956 -0.5590844581367411
1957 -0.5590238357369123
1958 -0.5590844581367413
1959 -0.5590238357369128
1960 -0.5590844581367415
1961 -0.5590238357369127
1962 -0.5590844581367416
1963 -0.5590238357369127
1964 -0.5590844581367416
1965 -0.5590238357369127
1966 -0.5590844581367411
1967 -0.5590238357369123
1968 -0.559084458136741
1969 -0.5590238357369125
1970 -0.5590844581367418
1971 -0.5590238357369132
1972 -0.5590844581367418
1973 -0.5590238357369131
1974 -0.5590844581367418
1975 -0.5590238357369131
1976 -0.5590844581367418
1977 -0.5590238357369132
1978 -0.5590844581367418
1979 -0.5590238357369131
1980 -0.5590844581367418
1981 -0.5590238357369127
1982 -0.5590844581367416
1983 -0.5590238357369127
1984 -0.5590844581367413
1985 -0.5590238357369123
1986 -0.5590844581367411
1987 -0.5590238357369121
1988 -0.5590844581367413
1989 -0.5590238357369125
1990 -0.5590844581367418
1991 -0.5590238357369134
1992 -0.559084458136742
1993 -0.5590238357369128
1994 -0.5590844581367418
1995 -0.5590238357369125
1996 -0.5590844581367411
1997 -0.5590238357369125
1998 -0.5590844581367411
1999 -0.5590238357369125
2000 -0.5590844581367418
2001 -0.5590238357369131
2002 -0.5590844581367418
2003 -0.5590238357369131
2004 -0.5590844581367418
2005 -0.5590238357369128
2006 -0.5590844581367418
2007 -0.5590238357369131
2008 -0.5590844581367418
2009 -0.5590238357369128
2010 -0.5590844581367415
2011 -0.5590238357369125
2012 -0.5590844581367415
2013 -0.5590238357369125
2014 -0.5590844581367416
2015 -0.5590238357369128
2016 -0.5590844581367418
2017 -0.5590238357369124
2018 -0.5590844581367411
2019 -0.5590238357369119
2020 -0.5590844581367406
2021 -0.5590238357369121
2022 -0.5590844581367411
2023 -0.5590238357369128
2024 -0.5590844581367418
2025 -0.5590238357369132
2026 -0.5590844581367418
2027 -0.5590238357369131
2028 -0.5590844581367415
2029 -0.5590238357369134
2030 -0.559084458136742
2031 -0.5590238357369134
2032 -0.5590844581367418
2033 -0.5590238357369128
2034 -0.5590844581367411
2035 -0.5590238357369128
2036 -0.5590844581367413
2037 -0.5590238357369121
2038 -0.5590844581367409
2039 -0.5590238357369124
2040 -0.5590844581367415
2041 -0.5590238357369127
2042 -0.5590844581367418
2043 -0.5590238357369132
2044 -0.559084458136742
2045 -0.5590238357369135
2046 -0.559084458136742
2047 -0.5590238357369131
2048 -0.5590844581367412
2049 -0.5590238357369121
2050 -0.5590844581367409
2051 -0.5590238357369123
2052 -0.5590844581367411
2053 -0.5590238357369124
2054 -0.559084458136741
2055 -0.5590238357369127
2056 -0.5590844581367411
2057 -0.5590238357369123
2058 -0.5590844581367411
2059 -0.5590238357369125
2060 -0.5590844581367411
2061 -0.5590238357369124
2062 -0.5590844581367413
2063 -0.5590238357369127
2064 -0.5590844581367415
2065 -0.5590238357369125
2066 -0.5590844581367416
2067 -0.5590238357369134
2068 -0.5590844581367422
2069 -0.5590238357369137
2070 -0.5590844581367422
2071 -0.5590238357369141
2072 -0.5590844581367422
2073 -0.5590238357369134
2074 -0.5590844581367413
2075 -0.5590238357369123
2076 -0.5590844581367406
2077 -0.5590238357369115
2078 -0.5590844581367402
2079 -0.5590238357369118
2080 -0.559084458136741
2081 -0.5590238357369123
2082 -0.559084458136741
2083 -0.5590238357369125
2084 -0.5590844581367416
2085 -0.5590238357369134
2086 -0.5590844581367416
2087 -0.5590238357369127
2088 -0.5590844581367418
2089 -0.5590238357369127
2090 -0.5590844581367418
2091 -0.5590238357369134
2092 -0.5590844581367418
2093 -0.5590238357369132
2094 -0.5590844581367419
2095 -0.5590238357369135
2096 -0.5590844581367421
2097 -0.5590238357369128
2098 -0.5590844581367418
2099 -0.5590238357369134
2100 -0.5590844581367418
2101 -0.5590238357369125
2102 -0.5590844581367416
2103 -0.5590238357369128
2104 -0.559084458136742
2105 -0.5590238357369132
2106 -0.5590844581367418
2107 -0.5590238357369127
2108 -0.5590844581367411
2109 -0.5590238357369123
2110 -0.5590844581367407
2111 -0.5590238357369119
2112 -0.5590844581367407
2113 -0.5590238357369119
2114 -0.559084458136741
2115 -0.5590238357369121
2116 -0.5590844581367411
2117 -0.5590238357369128
2118 -0.5590844581367418
2119 -0.5590238357369134
2120 -0.559084458136742
2121 -0.5590238357369134
2122 -0.559084458136742
2123 -0.5590238357369134
2124 -0.5590844581367421
2125 -0.5590238357369135
2126 -0.5590844581367422
2127 -0.5590238357369134
2128 -0.5590844581367418
2129 -0.5590238357369127
2130 -0.5590844581367411
2131 -0.5590238357369124
2132 -0.5590844581367411
2133 -0.5590238357369123
2134 -0.5590844581367408
2135 -0.5590238357369123
2136 -0.5590844581367407
2137 -0.5590238357369124
2138 -0.5590844581367411
2139 -0.5590238357369124
2140 -0.5590844581367411
2141 -0.5590238357369125
2142 -0.5590844581367411
2143 -0.5590238357369124
2144 -0.5590844581367407
2145 -0.5590238357369124
2146 -0.5590844581367418
2147 -0.5590238357369135
2148 -0.5590844581367426
2149 -0.5590238357369138
2150 -0.5590844581367422
2151 -0.5590238357369134
2152 -0.559084458136742
2153 -0.5590238357369125
2154 -0.5590844581367416
2155 -0.5590238357369128
2156 -0.5590844581367415
2157 -0.5590238357369125
2158 -0.5590844581367416
2159 -0.5590238357369127
2160 -0.5590844581367416
2161 -0.5590238357369127
2162 -0.5590844581367418
2163 -0.5590238357369128
2164 -0.5590844581367418
2165 -0.5590238357369128
2166 -0.5590844581367415
2167 -0.5590238357369123
2168 -0.5590844581367411
2169 -0.5590238357369125
2170 -0.5590844581367413
2171 -0.5590238357369125
2172 -0.559084458136741
2173 -0.5590238357369125
2174 -0.5590844581367415
2175 -0.5590238357369127
2176 -0.5590844581367415
2177 -0.5590238357369128
2178 -0.5590844581367418
2179 -0.5590238357369128
2180 -0.5590844581367415
2181 -0.5590238357369128
2182 -0.5590844581367418
2183 -0.5590238357369129
2184 -0.5590844581367418
2185 -0.5590238357369135
2186 -0.5590844581367423
2187 -0.5590238357369134
2188 -0.5590844581367418
2189 -0.5590238357369128
2190 -0.5590844581367413
2191 -0.5590238357369128
2192 -0.5590844581367411
2193 -0.5590238357369125
2194 -0.5590844581367411
2195 -0.5590238357369125
2196 -0.5590844581367413
2197 -0.5590238357369128
2198 -0.559084458136742
2199 -0.5590238357369131
2200 -0.5590844581367418
2201 -0.5590238357369127
2202 -0.5590844581367411
2203 -0.5590238357369124
2204 -0.5590844581367408
2205 -0.5590238357369121
2206 -0.559084458136741
2207 -0.5590238357369123
2208 -0.5590844581367406
2209 -0.5590238357369121
2210 -0.5590844581367408
2211 -0.5590238357369123
2212 -0.559084458136741
2213 -0.5590238357369128
2214 -0.559084458136742
2215 -0.5590238357369134
2216 -0.5590844581367421
2217 -0.5590238357369134
2218 -0.559084458136742
2219 -0.5590238357369128
2220 -0.5590844581367415
2221 -0.5590238357369125
2222 -0.5590844581367413
2223 -0.5590238357369125
2224 -0.5590844581367418
2225 -0.5590238357369132
2226 -0.5590844581367421
2227 -0.5590238357369134
2228 -0.559084458136742
2229 -0.5590238357369132
2230 -0.559084458136742
2231 -0.5590238357369131
2232 -0.5590844581367413
2233 -0.5590238357369128
2234 -0.5590844581367411
2235 -0.5590238357369123
2236 -0.5590844581367408
2237 -0.5590238357369121
2238 -0.5590844581367416
2239 -0.5590238357369127
2240 -0.5590844581367416
2241 -0.5590238357369132
2242 -0.5590844581367421
2243 -0.5590238357369128
2244 -0.5590844581367416
2245 -0.5590238357369128
2246 -0.5590844581367413
2247 -0.5590238357369125
2248 -0.5590844581367411
2249 -0.5590238357369125
2250 -0.5590844581367411
2251 -0.5590238357369125
2252 -0.5590844581367411
2253 -0.5590238357369124
2254 -0.5590844581367411
2255 -0.5590238357369125
2256 -0.5590844581367418
2257 -0.5590238357369132
2258 -0.559084458136742
2259 -0.5590238357369132
2260 -0.5590844581367418
2261 -0.5590238357369129
2262 -0.5590844581367418
2263 -0.5590238357369134
2264 -0.5590844581367418
2265 -0.5590238357369132
2266 -0.5590844581367418
2267 -0.5590238357369127
2268 -0.5590844581367413
2269 -0.5590238357369123
2270 -0.5590844581367408
2271 -0.5590238357369119
2272 -0.5590844581367411
2273 -0.5590238357369123
2274 -0.5590844581367411
2275 -0.5590238357369125
2276 -0.5590844581367416
2277 -0.5590238357369131
2278 -0.5590844581367421
2279 -0.5590238357369134
2280 -0.5590844581367418
2281 -0.5590238357369132
2282 -0.5590844581367418
2283 -0.5590238357369134
2284 -0.5590844581367418
2285 -0.5590238357369127
2286 -0.5590844581367413
2287 -0.5590238357369123
2288 -0.5590844581367415
2289 -0.5590238357369125
2290 -0.5590844581367413
2291 -0.5590238357369125
2292 -0.5590844581367413
2293 -0.5590238357369123
2294 -0.5590844581367413
2295 -0.5590238357369128
2296 -0.5590844581367416
2297 -0.5590238357369131
2298 -0.5590844581367415
2299 -0.5590238357369125
2300 -0.5590844581367411
2301 -0.5590238357369123
2302 -0.5590844581367408
2303 -0.5590238357369123
2304 -0.5590844581367411
2305 -0.5590238357369131
2306 -0.5590844581367418
2307 -0.5590238357369128
2308 -0.5590844581367416
2309 -0.5590238357369132
2310 -0.5590844581367418
2311 -0.5590238357369134
2312 -0.559084458136742
2313 -0.5590238357369132
2314 -0.5590844581367418
2315 -0.5590238357369128
2316 -0.5590844581367415
2317 -0.5590238357369125
2318 -0.5590844581367411
2319 -0.5590238357369124
2320 -0.5590844581367411
2321 -0.5590238357369125
2322 -0.5590844581367416
2323 -0.5590238357369128
2324 -0.5590844581367418
2325 -0.5590238357369134
2326 -0.5590844581367421
2327 -0.5590238357369134
2328 -0.559084458136742
2329 -0.5590238357369131
2330 -0.5590844581367415
2331 -0.5590238357369124
2332 -0.5590844581367411
2333 -0.5590238357369121
2334 -0.559084458136741
2335 -0.5590238357369121
2336 -0.559084458136741
2337 -0.5590238357369125
2338 -0.5590844581367418
2339 -0.5590238357369129
2340 -0.559084458136742
2341 -0.5590238357369134
2342 -0.5590844581367421
2343 -0.5590238357369132
2344 -0.5590844581367418
2345 -0.5590238357369128
2346 -0.5590844581367415
2347 -0.5590238357369127
2348 -0.5590844581367411
2349 -0.5590238357369125
2350 -0.5590844581367411
2351 -0.5590238357369125
2352 -0.5590844581367415
2353 -0.5590238357369131
2354 -0.5590844581367418
2355 -0.5590238357369134
2356 -0.5590844581367418
2357 -0.5590238357369129
2358 -0.5590844581367413
2359 -0.5590238357369124
2360 -0.5590844581367408
2361 -0.5590238357369119
2362 -0.559084458136741
2363 -0.5590238357369127
2364 -0.5590844581367418
2365 -0.5590238357369128
2366 -0.5590844581367418
2367 -0.5590238357369134
2368 -0.5590844581367416
2369 -0.5590238357369128
2370 -0.5590844581367413
2371 -0.5590238357369125
2372 -0.5590844581367413
2373 -0.5590238357369124
2374 -0.5590844581367411
2375 -0.5590238357369125
2376 -0.559084458136741
2377 -0.5590238357369123
2378 -0.5590844581367411
2379 -0.5590238357369125
2380 -0.5590844581367416
2381 -0.5590238357369134
2382 -0.559084458136742
2383 -0.5590238357369132
2384 -0.5590844581367418
2385 -0.5590238357369131
2386 -0.559084458136742
2387 -0.5590238357369135
2388 -0.559084458136742
2389 -0.5590238357369131
2390 -0.5590844581367418
2391 -0.5590238357369128
2392 -0.5590844581367413
2393 -0.5590238357369125
2394 -0.5590844581367411
2395 -0.5590238357369125
2396 -0.559084458136741
2397 -0.5590238357369125
2398 -0.5590844581367415
2399 -0.5590238357369128
2400 -0.5590844581367416
2401 -0.5590238357369125
2402 -0.5590844581367415
2403 -0.5590238357369127
2404 -0.5590844581367415
2405 -0.5590238357369125
2406 -0.5590844581367411
2407 -0.5590238357369125
2408 -0.5590844581367413
2409 -0.5590238357369129
2410 -0.5590844581367416
2411 -0.5590238357369125
2412 -0.5590844581367411
2413 -0.5590238357369125
2414 -0.5590844581367413
2415 -0.5590238357369125
2416 -0.5590844581367416
2417 -0.5590238357369131
2418 -0.5590844581367418
2419 -0.5590238357369134
2420 -0.559084458136742
2421 -0.5590238357369131
2422 -0.5590844581367418
2423 -0.5590238357369128
2424 -0.5590844581367415
2425 -0.5590238357369128
2426 -0.5590844581367418
2427 -0.5590238357369128
2428 -0.5590844581367413
2429 -0.5590238357369125
2430 -0.5590844581367418
2431 -0.5590238357369127
2432 -0.5590844581367413
