"report-def-1-rfile"
"Iteration" "report-def-1"
("Iteration" "report-def-1")
1 -0.4149853402743355
2 0.6846930221683103
3 1.189460594206028
4 0.6996206663094147
5 0.2455808747331352
6 -0.1001535060042049
7 -0.1744827117666938
8 -0.1728917936364258
9 -0.1548375539947049
10 -0.1484432245000589
11 -0.1533118375742299
12 -0.133908548487883
13 -0.1154624384967513
14 -0.1273605802565512
15 -0.1841035593444871
16 -0.2849065413841645
17 -0.3864494388865358
18 -0.4712762740021859
19 -0.539822643094189
20 -0.6013505430270181
21 -0.6623371420536013
22 -0.7255223464036584
23 -0.7921770202018625
24 -0.8595382774039884
25 -0.9229465635675682
26 -0.9767183872819709
27 -1.018101973080817
28 -1.045628623438537
29 -1.057716188590256
30 -1.054468273524448
31 -1.039088881331106
32 -1.014915070683155
33 -0.9860450695515579
34 -0.9540373033909446
35 -0.921400579527099
36 -0.8918969592640009
37 -0.8673550379010138
38 -0.8487456407036877
39 -0.836488871354105
40 -0.8289850973707398
41 -0.8257349298727867
42 -0.8256717841300345
43 -0.8278273222967689
44 -0.8312115796156876
45 -0.8349257380920156
46 -0.8382348488051112
47 -0.8420698344684789
48 -0.8433722399830996
49 -0.8434709504191729
50 -0.8414231104259084
51 -0.8341358214481347
52 -0.8228539868581037
53 -0.8074380428962864
54 -0.7851498021906151
55 -0.764237822148168
56 -0.7246824007454469
57 -0.6923172268949045
58 -0.6316508412965063
59 -0.5901851761031121
60 -0.5076029924791348
61 -0.4377672300949131
62 -0.3620977754693038
63 -0.2760276345595811
64 -0.1824049925692746
65 -0.0840000396498668
66 0.01908172067706326
67 0.1253492380658616
68 0.2353820947114527
69 0.3479303706586723
70 0.4628621699512963
71 0.5780260726121624
72 0.6933497739578602
73 0.8070454329272017
74 0.9187418273405517
75 1.026419111160877
76 1.12988057458242
77 1.226787516538459
78 1.316844060028098
79 1.398282079229184
80 1.47083316007116
81 1.532262460474049
82 1.582016708715618
83 1.61791425665996
84 1.639982346407858
85 1.647339927037758
86 1.640147661463693
87 1.61711240233108
88 1.578523894993425
89 1.523492719799261
90 1.452788313948917
91 1.39727855320554
92 1.257416713617636
93 1.182951883700232
94 1.008470178056675
95 0.9238665735200624
96 0.7264476061894358
97 0.6316475091775389
98 0.4197951451091027
99 0.3217913604760261
100 0.1133612290598878
101 0.02029051249363434
102 -0.1697351621726273
103 -0.2506108801215716
104 -0.3600263772282093
105 -0.4705858628420503
106 -0.5630563617066773
107 -0.6338656113300516
108 -0.6832229314741378
109 -0.7132622146778853
110 -0.7236841181317519
111 -0.7133241715658658
112 -0.6807461882271353
113 -0.6280786040537549
114 -0.5588542299420116
115 -0.4776315306754431
116 -0.3869228420641559
117 -0.2898691410108971
118 -0.1490212226539704
119 -0.08815419265863245
120 0.03818877309515667
121 0.1037104361529753
122 0.22772602828857
123 0.2827425701612865
124 0.3846535636441231
125 0.4234095641028939
126 0.4717867060893122
127 0.5165787596908458
128 0.5493009397361088
129 0.5675303137150312
130 0.5724745482904656
131 0.5641994232303094
132 0.543852998528916
133 0.5124968317308665
134 0.4728810137721409
135 0.4265393711943639
136 0.3755879712552013
137 0.3207202290752647
138 0.2636340347622337
139 0.1844809891411046
140 0.148467521949796
141 0.07706606195797594
142 0.03944733728713001
143 -0.02950856663084855
144 -0.06173630625173954
145 -0.1192935918053255
146 -0.1436114569165265
147 -0.1865769270126338
148 -0.2024757271482209
149 -0.2212282044137048
150 -0.2369683665545648
151 -0.247212753085279
152 -0.2506565485196905
153 -0.2477479697936811
154 -0.2383611515426078
155 -0.2239628328957488
156 -0.2052740496054566
157 -0.1838635022621327
158 -0.1599281423520453
159 -0.134528403767183
160 -0.1076591787464305
161 -0.07003174078302643
162 -0.05381806919502941
163 -0.02048512859830565
164 -0.003301754636062304
165 0.0292251918110944
166 0.04380011077481627
167 0.0708269739396723
168 0.08163120476090446
169 0.09519476342722388
170 0.1084500410847711
171 0.1184212094399657
172 0.12509421703254
173 0.1283404236942356
174 0.1289144706470684
175 0.1264867820336772
176 0.1215751755118548
177 0.1139720830426976
178 0.1045617343889735
179 0.09335554974709326
180 0.08122501366850399
181 0.06802009413527621
182 0.0545026552351362
183 0.0404616985205366
184 0.02119357109517006
185 0.01318551428504411
186 -0.00310361249128932
187 -0.01123479616061029
188 -0.02659578661482875
189 -0.03328329758333881
190 -0.04549675110347029
191 -0.05020126102392797
192 -0.05569046567014269
193 -0.06095775985232788
194 -0.06460724333034351
195 -0.06689347129927636
196 -0.06750742251308739
197 -0.06686271289321444
198 -0.06443573634953359
199 -0.06061146972539433
200 -0.05531340324139489
201 -0.04941629490377974
202 -0.04281081739886972
203 -0.03608684288930042
204 -0.02889513826881696
205 -0.02176588348705955
206 -0.0143856819446202
207 -0.004273890633020638
208 -0.000342535966276758
209 0.007642828819523606
210 0.01145293575643702
211 0.01876798911466304
212 0.02177549782297294
213 0.02536192204769128
214 0.02903795166660594
215 0.03177505487059351
216 0.03381530819866474
217 0.03482847140684231
218 0.0352931037808335
219 0.03487897137689266
220 0.03391099450375767
221 0.03196778331598193
222 0.02948288061519744
223 0.0263074183330938
224 0.0230255917467217
225 0.01939271178262936
226 0.01584641019755839
227 0.0120424035995943
228 0.008408847316509371
229 0.004621520388557343
230 0.001136527227617812
231 -0.002358010216429784
232 -0.005413834747585611
233 -0.008359525006555124
234 -0.0107789069147104
235 -0.01302133766329461
236 -0.01470192048981067
237 -0.01617744275531208
238 -0.0170933905914934
239 -0.017814636643527
240 -0.01801699641692434
241 -0.01805880932885806
242 -0.01760234527473736
243 -0.0169457831076496
244 -0.01572159530114781
245 -0.01431230250384274
246 -0.01248972649440927
247 -0.01072112294498218
248 -0.008727039329601283
249 -0.006900301238725648
250 -0.004898667384785504
251 -0.003100273819843347
252 -0.001168460309350916
253 0.0005041519411286277
254 0.002245090249121118
255 0.003661983623445275
256 0.005086366981493784
257 0.00614697379972684
258 0.007184818263489934
259 0.007848756653198397
260 0.008478238772814173
261 0.008742932408547288
262 0.008982424559979885
263 0.008881208195691936
264 0.008767417686856405
265 0.008316212683426194
266 0.007833140924384585
267 0.007005034196049253
268 0.006180994048065491
269 0.005097696915814076
270 0.004120042226555043
271 0.002965194894819057
272 0.001972920441104975
273 0.0008353074475568878
274 -0.0001169066825907894
275 -0.001196034145964031
276 -0.002065513336834801
277 -0.003031134190392137
278 -0.003756284570514579
279 -0.004549608616421841
280 -0.005085224780706721
281 -0.005675316530307617
282 -0.006000165027203241
283 -0.00637494500928204
284 -0.006489670353430288
285 -0.006661897044227816
286 -0.006584819069338943
287 -0.006572234876777383
288 -0.006318856268870077
289 -0.006133472513964344
290 -0.005707599051855139
291 -0.005360289384775951
292 -0.004803079021094891
293 -0.004371373063468909
294 -0.003771710199386824
295 -0.003331104385972283
296 -0.00274601298218502
297 -0.00233748770787412
298 -0.00179476836166037
299 -0.001436515856871878
300 -0.0009544943197297151
301 -0.0006708698240791566
302 -0.0002771289898864104
303 -8.90630845511442e-05
304 0.0002019030904678587
305 0.0002844591755484238
306 0.0004644989476667583
307 0.000437463439346919
308 0.0005122634975123219
309 0.0003873763609592018
310 0.0003696856158599271
311 0.0001547372384063106
312 4.926097005508723e-05
313 -0.0002459720393725995
314 -0.0004212178947275991
315 -0.000770958486055795
316 -0.0009857259416554687
317 -0.001357872029536189
318 -0.001576742913467655
319 -0.001938722409892346
320 -0.002137279641164724
321 -0.002474630629730079
322 -0.002643748660605461
323 -0.002944197419848971
324 -0.003069506093509755
325 -0.003320489414477601
326 -0.003394897996911839
327 -0.003592847848974401
328 -0.003610184688030982
329 -0.003748506553266973
330 -0.003707363864061008
331 -0.003791130229694684
332 -0.003697804428149709
333 -0.003730466992945214
334 -0.003588852706633228
335 -0.003579847018967852
336 -0.00340240865456809
337 -0.00336069127122518
338 -0.003155213280458868
339 -0.003093392470288725
340 -0.002877992278333297
341 -0.002813561346769466
342 -0.002600208250555847
343 -0.002542924931306478
344 -0.002344150447670446
345 -0.002306535850074454
346 -0.002128530149039021
347 -0.0021126161289724
348 -0.001958124315716514
349 -0.001970443853521298
350 -0.001847144202004936
351 -0.001889346625902455
352 -0.001794647293209328
353 -0.001864509665060687
354 -0.00179960309846261
355 -0.001899298562781482
356 -0.001860427197789782
357 -0.001982184614002236
358 -0.001962245536591301
359 -0.002102906599248167
360 -0.002100273300806199
361 -0.002252735825898133
362 -0.002256743791347438
363 -0.002411694587822755
364 -0.002417725501940637
365 -0.00257285057861556
366 -0.002574038366069509
367 -0.00272001706542202
368 -0.002709282546727643
369 -0.002844406331626192
370 -0.002822661937271098
371 -0.002943500762608853
372 -0.002904797062433628
373 -0.003007486998805708
374 -0.002953180819790457
375 -0.003041717044545367
376 -0.002971401134305829
377 -0.003042764163970313
378 -0.002955468716982379
379 -0.00301381110077914
380 -0.002916206716861103
381 -0.002963611428782986
382 -0.002854952442692626
383 -0.002892406499047206
384 -0.002778509377115101
385 -0.002813978884387502
386 -0.002697809465224132
387 -0.002731008504497812
388 -0.002613648438998029
389 -0.002650141601746814
390 -0.00253892802158262
391 -0.002580731033189121
392 -0.002474185824940633
393 -0.002520995389329261
394 -0.002423109703493243
395 -0.002480571613486582
396 -0.002391640392074956
397 -0.002456518410259401
398 -0.002374436807065061
399 -0.002448950941236205
400 -0.002377678452506915
401 -0.00246048955227951
402 -0.002395229721994241
403 -0.002482793842559561
404 -0.002424457226872345
405 -0.002519542639366712
406 -0.002465787669643449
407 -0.002562767086988105
408 -0.002509407020179211
409 -0.002608754151477211
410 -0.002558331020002358
411 -0.00265767237561354
412 -0.002604721225661688
413 -0.002700219435977536
414 -0.002645685431395872
415 -0.002740481835652231
416 -0.002682657392242049
417 -0.002772041296057903
418 -0.002707899652569568
419 -0.00279368722554163
420 -0.002727253826270148
421 -0.002808661686892755
422 -0.002736159995039733
423 -0.002811067827342306
424 -0.002735188092450214
425 -0.002808478959340999
426 -0.002729240091138729
427 -0.002797830458200368
428 -0.002713724178959653
429 -0.002780809854484811
430 -0.002697112596741658
431 -0.002762993190172702
432 -0.002676830899354776
433 -0.002740105418729266
434 -0.002654699699388141
435 -0.002720594273732502
436 -0.002636123827462367
437 -0.002701566962441504
438 -0.002616374793315446
439 -0.002684288987019112
440 -0.00260324722034011
441 -0.002673409536448235
442 -0.002593011381671007
443 -0.002663314751129464
444 -0.002586006066680691
445 -0.002660838281149269
446 -0.002585923987807215
447 -0.002661320457340466
448 -0.002586246863492736
449 -0.002664238419119114
450 -0.002593026205556681
451 -0.00267259077760551
452 -0.002600994263500578
453 -0.002679354434374837
454 -0.002609237153917698
455 -0.002690291766077824
456 -0.002620565099861638
457 -0.002700057247235987
458 -0.002627977720223162
459 -0.002707844468714082
460 -0.002637426467815507
461 -0.002716734065482784
462 -0.00264390731745423
463 -0.002720127848676812
464 -0.00264706682629634
465 -0.002724468117886181
466 -0.002650496867565799
467 -0.002725271399051543
468 -0.002648128224008506
469 -0.002722714023638995
470 -0.002646919264269521
471 -0.00272088146477989
472 -0.002642850483131065
473 -0.002714120877367776
474 -0.002636455183276709
475 -0.002709690408063015
476 -0.002632059749871907
477 -0.002703746660252859
478 -0.002624128623281985
479 -0.002696894540380468
480 -0.002619940588707736
481 -0.002693418622618404
482 -0.002615561230108199
483 -0.002687646181865455
484 -0.002611397863130804
485 -0.002686613419931261
486 -0.002611472954620053
487 -0.002686089169567474
488 -0.002609776898703675
489 -0.002686135422221403
490 -0.002613003836489769
491 -0.002690433290211569
492 -0.002616599159765087
493 -0.002692681145405995
494 -0.002620349973314395
495 -0.002699314075302661
496 -0.002627704356473748
497 -0.002705561305707871
498 -0.002632158993092437
499 -0.002711042583251722
500 -0.002640018021318635
501 -0.002719104114219828
502 -0.002646455205842058
503 -0.002723240627736434
504 -0.002651126702190032
505 -0.002729827913272365
506 -0.002657486167885637
507 -0.002734166269065197
508 -0.002659171393217363
509 -0.002736082642085691
510 -0.002662746407397609
511 -0.002739226905549064
512 -0.002663723926723316
513 -0.002737463699400866
514 -0.00266215763150357
515 -0.00273758138544955
516 -0.002661921671220036
517 -0.002735306409239247
518 -0.002657075996546743
519 -0.00273086797609623
520 -0.002654563515672281
521 -0.002728273271723536
522 -0.002650224208926799
523 -0.002721673579604733
524 -0.002644352300041453
525 -0.00271805390508395
526 -0.002640976719133992
527 -0.002713255081610244
528 -0.00263422792343615
529 -0.002707532057721895
530 -0.002631036600831305
531 -0.002704844553779173
532 -0.002627161801657341
533 -0.002699232281342612
534 -0.002622758983410245
535 -0.002697517670786409
536 -0.002621676987214716
537 -0.002695350428290721
538 -0.002617847525820061
539 -0.002692780166191788
540 -0.002617989748394889
541 -0.002693551445853481
542 -0.002617651757081063
543 -0.002691508207230964
544 -0.002616813932736051
545 -0.002693315629388016
546 -0.002619177894310765
547 -0.002694484955664267
548 -0.002618550087897464
549 -0.002694963414777263
550 -0.00262156691697446
551 -0.002698422577517512
552 -0.002623717277074
553 -0.002698660910255057
554 -0.002624946171777998
555 -0.002702323071809953
556 -0.002628953735331896
557 -0.002704927700716953
558 -0.002629555458901978
559 -0.002706431638389573
560 -0.002633400848290446
561 -0.002710531472250421
562 -0.00263601535884872
563 -0.002711065711855642
564 -0.002637379568876774
565 -0.002714712369236594
566 -0.00264122910728215
567 -0.002717026812593559
568 -0.002641418084981417
569 -0.002718006029046593
570 -0.002644634862619455
571 -0.002721380033287257
572 -0.002646431975848573
573 -0.002721010151487846
574 -0.002646811077409827
575 -0.002723592057620072
576 -0.002649518332727752
577 -0.002724686935868359
578 -0.002648414471996263
579 -0.00272430268422541
580 -0.002650202731731888
581 -0.002726185575754547
582 -0.00265045075268211
583 -0.002724216092057974
584 -0.00264918684362403
585 -0.002725120134877246
586 -0.002650188783450247
587 -0.002724496833608425
588 -0.002647362377099283
589 -0.002722399433244371
590 -0.002647459659082196
591 -0.002722627894251817
592 -0.002646099997049012
593 -0.002719107687650268
594 -0.002643352768584073
595 -0.002718603730045066
596 -0.002643032814956259
597 -0.002716751786931537
598 -0.002639079027467295
599 -0.002713632552961087
600 -0.002638266387031685
601 -0.002713068412505848
602 -0.002636235449545499
603 -0.002709003059448101
604 -0.002633072212181453
605 -0.002708214942796827
606 -0.002632601744347651
607 -0.002706347315220681
608 -0.002628768091866629
609 -0.002703483456780509
610 -0.002628345247359443
611 -0.002703440798635492
612 -0.002626967294905969
613 -0.002700156770749196
614 -0.002624711343796715
615 -0.002700395312545956
616 -0.00262538234661891
617 -0.002699776316430702
618 -0.002622901650707332
619 -0.002698365484830711
620 -0.002624024765568223
621 -0.002699953742949956
622 -0.002624351976260542
623 -0.002698438790866842
624 -0.002623915093408868
625 -0.002700537954966276
626 -0.002626473363511073
627 -0.002701819629717717
628 -0.002625889359018529
629 -0.002702284594097826
630 -0.002628848858096777
631 -0.002705653732195445
632 -0.00263088788496213
633 -0.002705764075260131
634 -0.002631974522336211
635 -0.002709270469399172
636 -0.002635811810122402
637 -0.002711689387342453
638 -0.002636211005479616
639 -0.002712973195701407
640 -0.002639815839334148
641 -0.002716807202353122
642 -0.002642133409279435
643 -0.002717007145122796
644 -0.002643121083443445
645 -0.002720226751331545
646 -0.002646485673263532
647 -0.002721990269807018
648 -0.002646053740192
649 -0.002722274715397432
650 -0.002648500386002839
651 -0.002724800278640416
652 -0.002649370705169796
653 -0.00272342718490326
654 -0.002648675135763945
655 -0.002724867882824666
656 -0.002650180530275881
657 -0.002724713053602335
658 -0.002647788434960052
659 -0.002723017009492512
660 -0.002648254059212318
661 -0.002723582690970838
662 -0.00264720135271368
663 -0.002720343472732978
664 -0.002644711593437599
665 -0.002720076210435129
666 -0.002644609678440268
667 -0.002718425827491933
668 -0.00264084377715168
669 -0.002715483152405662
670 -0.002640198367666713
671 -0.002715078618693578
672 -0.002638321146398503
673 -0.002711161968435016
674 -0.002635302296316366
675 -0.002710513822424598
676 -0.002634966522382598
677 -0.002708773969827272
678 -0.002631252454448063
679 -0.002706020528919773
680 -0.002630929022815476
681 -0.002706063464677166
682 -0.002629618940444001
683 -0.002702826700500705
684 -0.002627387329757758
685 -0.002703064772215713
686 -0.002628029820809008
687 -0.002702386634866549
688 -0.002625455306635383
689 -0.002700843274343612
690 -0.002626404675246885
691 -0.002702212440134799
692 -0.002626466985797826
693 -0.002700386577771718
694 -0.002625676017038003
695 -0.002702090007295599
696 -0.00262779869749119
697 -0.002702898902060991
698 -0.002626708044816795
699 -0.002702828954268544
700 -0.002629107938921793
701 -0.002705618929941922
702 -0.002630552462954405
703 -0.002705126248667922
704 -0.002631034733443727
705 -0.002708033729116321
706 -0.002634284729738923
707 -0.002709883193950935
708 -0.002634139226929344
709 -0.002710653229120119
710 -0.002637267020446643
711 -0.002714051845343013
712 -0.00263919533674617
713 -0.002713912293409448
714 -0.002639896255731689
715 -0.002716900413325618
716 -0.002643086938392214
717 -0.002718549732052322
718 -0.002642602329401722
719 -0.0027188444733377
720 -0.002645122914689768
721 -0.002721508128559869
722 -0.002646194486205511
723 -0.002720397429377686
724 -0.002645819838343666
725 -0.002722213853185274
726 -0.002647752559330474
727 -0.002722531154257579
728 -0.002645872748574529
729 -0.002721381372511544
730 -0.002646912299166804
731 -0.002722542061678324
732 -0.002646469559282494
733 -0.002719921635661926
734 -0.002644601085386222
735 -0.002720272672232626
736 -0.002645107827295989
737 -0.002719216427476079
738 -0.002641916238471653
739 -0.002716824600041079
740 -0.002641793696321004
741 -0.002716910629015912
742 -0.002640371233983752
743 -0.00271341008816961
744 -0.002637727742795581
745 -0.002713094468443256
746 -0.002637680267340237
747 -0.002711597757661055
748 -0.002634163695104386
749 -0.00270899619191356
750 -0.002633946645102192
751 -0.002709100700945211
752 -0.002632653950955355
753 -0.002705838313150188
754 -0.002630354745283947
755 -0.002705968354452359
756 -0.00263085009772146
757 -0.002705105950350006
758 -0.002628055312177802
759 -0.002703308395665571
760 -0.002628718818046272
761 -0.002704362613656031
762 -0.002628439478703504
763 -0.002702170162113715
764 -0.002627259978279062
765 -0.002703463444821752
766 -0.002628953889124208
767 -0.002703827327484198
768 -0.002627405071349509
769 -0.002703289322935065
770 -0.002629330493541637
771 -0.002705601681563641
772 -0.00263029720168384
773 -0.00270463487936734
774 -0.002630312271227675
775 -0.002707085138428766
776 -0.002633117301382937
777 -0.002708505381536996
778 -0.002632562052754528
779 -0.002708889210256027
780 -0.002635330503376832
781 -0.002711958420350546
782 -0.002636962075698079
783 -0.00271155734625772
784 -0.002637438794650615
785 -0.002714360256897308
786 -0.00264048448403198
787 -0.002715905934045137
788 -0.002639938283632182
789 -0.00271618163671361
790 -0.002642482397596346
791 -0.00271891130511781
792 -0.00264366181391229
793 -0.002717949436184863
794 -0.002643475098064618
795 -0.002719991245001108
796 -0.002645668662784706
797 -0.002720601605214812
798 -0.002644112435027601
799 -0.002719802131105453
800 -0.002645526105631291
801 -0.002721356508755823
802 -0.002645493487864581
803 -0.0027191592020821
804 -0.002644057892573048
805 -0.002719949404882627
806 -0.002645006347271384
807 -0.002719333678871116
808 -0.002642250694117942
809 -0.002717370710002553
810 -0.002642546322031869
811 -0.00271786125853879
812 -0.002641511681966691
813 -0.002714729844318642
814 -0.002639216406133293
815 -0.002714739336417082
816 -0.002639468786240995
817 -0.002713515595974547
818 -0.002636196830907878
819 -0.002711129283636815
820 -0.002636164521977458
821 -0.002711387336412407
822 -0.002634993466312352
823 -0.00270821442393121
824 -0.002632751174038495
825 -0.002708368913959314
826 -0.00263323850377728
827 -0.002707466443826911
828 -0.002630371729376524
829 -0.002705565618500438
830 -0.002630901123856999
831 -0.002706456279920832
832 -0.002630429530005696
833 -0.002704044210163792
834 -0.002629004715053229
835 -0.002705067116721027
836 -0.002630405371995659
837 -0.002705116267772034
838 -0.002628522753366891
839 -0.002704226961562917
840 -0.002630082433507042
841 -0.002706161180759281
842 -0.00263066070775686
843 -0.002704798676272491
844 -0.002630275986872599
845 -0.002706847688329406
846 -0.002632681049473451
847 -0.002707872607235373
848 -0.002631738245093107
849 -0.002707880203725477
850 -0.002634144740297995
851 -0.002710604758168422
852 -0.002635451619826146
853 -0.002709902098529948
854 -0.002635652560424084
855 -0.002712457456186312
856 -0.002638480899613604
857 -0.002713818063881934
858 -0.002637783464146892
859 -0.00271397779163185
860 -0.002640247750292257
861 -0.002716664494415433
862 -0.002641421301367464
863 -0.002715733912254104
864 -0.002641302260540934
865 -0.002717879198089079
866 -0.002643633865813344
867 -0.002718660500854897
868 -0.002642280026095234
869 -0.002718092604655054
870 -0.002643952312139763
871 -0.002719929669138255
872 -0.002644224808494799
873 -0.002718056034377581
874 -0.00264312878714601
875 -0.002719198702584746
876 -0.002644439415251387
877 -0.002718951796832014
878 -0.002642056616853461
879 -0.002717362953141622
880 -0.002642724318763445
881 -0.002718220465604437
882 -0.002642048702988342
883 -0.002715437734677195
884 -0.002640089289088321
885 -0.002715768175624911
886 -0.002640645297676603
887 -0.002714828940132641
888 -0.002637636972009139
889 -0.00271268419739501
890 -0.002637822578866578
891 -0.002713135440541636
892 -0.002636818917549189
893 -0.002710103519025786
894 -0.002634690465455058
895 -0.002710344475158166
896 -0.002635236512980699
897 -0.002709473058503553
898 -0.002632373013005784
899 -0.002707548026649853
900 -0.00263285090458254
901 -0.002708360727692094
902 -0.002632275270118223
903 -0.00270581953767457
904 -0.0026306970332306
905 -0.002706665693461119
906 -0.002631898924950082
907 -0.002706495319812374
908 -0.002629777483293294
909 -0.002705348819562081
910 -0.002631064229517754
911 -0.002706995451694727
912 -0.002631342303939688
913 -0.002705322169939572
914 -0.002630638858458489
915 -0.00270704640976116
916 -0.002632714897117694
917 -0.002707740489049426
918 -0.002631441882016583
919 -0.002707421207934102
920 -0.002633527421609605
921 -0.002709833202352074
922 -0.002634532357621122
923 -0.002708842055747729
924 -0.002634460677744865
925 -0.002711142837451774
926 -0.002637054349343249
927 -0.002712290839726128
928 -0.002636168052726484
929 -0.002712287203490371
930 -0.002638495773658489
931 -0.002714865353523388
932 -0.002639589590275992
933 -0.002713884605790806
934 -0.002639450172020164
935 -0.002716039508366741
936 -0.002641821090903829
937 -0.002716889410976364
938 -0.002640564325649741
939 -0.002716446048985688
940 -0.002642387270895163
941 -0.002718458267964685
942 -0.002642858351178612
943 -0.002716804160605824
944 -0.002642001100869207
945 -0.002718202501405198
946 -0.002643582407805267
947 -0.002718238157729758
948 -0.002641491854248335
949 -0.002716949224457643
950 -0.002642464522536248
951 -0.002718114180072062
952 -0.002642096535247163
953 -0.002715636868475757
954 -0.002640437992082356
955 -0.002716261527199615
956 -0.002641279216469838
957 -0.002715596441181356
958 -0.002638532138615091
959 -0.002713698648553198
960 -0.002638948523351781
961 -0.002714363180035706
962 -0.002638139323076549
963 -0.002711505930892866
964 -0.002636164653140316
965 -0.002711879173640686
966 -0.002636820677208718
967 -0.002711095057945867
968 -0.002634021308204115
969 -0.00270921089216114
970 -0.0026345166035453
971 -0.002710017787510122
972 -0.002633912000416405
973 -0.002707424950372239
974 -0.00263225965747238
975 -0.002708175357621023
976 -0.002633344820414774
977 -0.002707868270337199
978 -0.002631067468662929
979 -0.002706547520882063
980 -0.002632163280418487
981 -0.00270798739459388
982 -0.002632220153626852
983 -0.00270607985496607
984 -0.002631271619831788
985 -0.002707549129355336
986 -0.00263308491094838
987 -0.002707974511295452
988 -0.002631539182531561
989 -0.002707380598808484
990 -0.002633350053773187
991 -0.002709519763338664
992 -0.002634085772960315
993 -0.002708265429476775
994 -0.002633759181708717
995 -0.002710321522595649
996 -0.002636120129242414
997 -0.002711250841010315
998 -0.002635030886982026
999 -0.002711061817966653
1000 -0.002637192215811934
1001 -0.00271349396505749
1002 -0.002638161463466293
1003 -0.002712411232798972
1004 -0.002637943401920362
1005 -0.00271451150892621
1006 -0.00264028400450167
1007 -0.002715355696703226
1008 -0.002639045967992804
1009 -0.002714955313928735
1010 -0.002640935527192578
1011 -0.002717057099677067
1012 -0.002641518469062465
1013 -0.002715535762989107
1014 -0.002640813765602434
1015 -0.002717105012844057
1016 -0.002642583071001514
1017 -0.002717343460892918
1018 -0.002640708883301812
1019 -0.002716282304624951
1020 -0.002641918769763496
1021 -0.002717691708566727
1022 -0.002641800533918159
1023 -0.002715467686086992
1024 -0.002640396909230791
1025 -0.0027163470122471
1026 -0.002641490395246304
1027 -0.002715929788262628
1028 -0.002638985061768739
1029 -0.002714266049445024
1030 -0.002639625856656114
1031 -0.002715143853912805
1032 -0.002639017376213637
1033 -0.002712473591234055
1034 -0.002637214689395373
1035 -0.002713002987912327
1036 -0.002638009973802369
1037 -0.002712340558064685
1038 -0.002635313970992481
1039 -0.002710541043901449
1040 -0.002635874655294579
1041 -0.002711393909506921
1042 -0.00263529634833759
1043 -0.002708807778729172
1044 -0.002633631038716722
1045 -0.002709525956582803
1046 -0.002634664933575781
1047 -0.002709149222248186
1048 -0.002632299902984414
1049 -0.002707723415364072
1050 -0.002633274207362923
1051 -0.002709026071926024
1052 -0.002633178987409446
1053 -0.002706952648486194
1054 -0.00263205227695873
1055 -0.002708232091285012
1056 -0.002633665740737978
1057 -0.002708449007623459
1058 -0.002631904444901023
1059 -0.002707633662167197
1060 -0.002633490078504552
1061 -0.002709545195807905
1062 -0.002633997172988733
1063 -0.002708063112067283
1064 -0.002633445604266038
1065 -0.002709898626250151
1066 -0.002635591707153884
1067 -0.002710620603418423
1068 -0.002634304287483014
1069 -0.002710244360842884
1070 -0.002636290764988169
1071 -0.00271251542988149
1072 -0.002637113833151572
1073 -0.002711302761952306
1074 -0.002636783130353315
1075 -0.00271330862276864
1076 -0.002639048117027532
1077 -0.002714096674420352
1078 -0.002637773735893134
1079 -0.002713680071010582
1080 -0.002639667136194568
1081 -0.002715805725425513
1082 -0.002640293721332121
1083 -0.002714347240470927
1084 -0.002639670458606025
1085 -0.002716015804559158
1086 -0.002641556132894296
1087 -0.002716386251634173
1088 -0.002639828791537457
1089 -0.002715485293225406
1090 -0.002641210814775086
1091 -0.002717077078101537
1092 -0.002641284092638196
1093 -0.002715051731539297
1094 -0.002640084779944374
1095 -0.002716139422632935
1096 -0.002641388936614364
1097 -0.002715933487844158
1098 -0.002639093941052106
1099 -0.002714477907701296
1100 -0.002639938977618161
1101 -0.002715554437684009
1102 -0.002639522244636261
1103 -0.002713067667884372
1104 -0.002637893455671225
1105 -0.002713760350558703
1106 -0.002638840200496873
1107 -0.002713236652820861
1108 -0.002636269317361384
1109 -0.002711548069029179
1110 -0.002636925957501646
1111 -0.002712481470213302
1112 -0.00263641226029887
1113 -0.00270994381352474
1114 -0.00263477896291775
1115 -0.002710677577029807
1116 -0.002635811915772335
1117 -0.002710283663349022
1118 -0.002633413521754724
1119 -0.00270880868843193
1120 -0.002634323270110706
1121 -0.002710031964059167
1122 -0.002634134285277367
1123 -0.002707851180521414
1124 -0.002632887544817164
1125 -0.002708998459567402
1126 -0.002634357799958575
1127 -0.002709062162302711
1128 -0.002632434365464231
1129 -0.002708076611646959
1130 -0.002633843449539208
1131 -0.002709806229580058
1132 -0.002634164515270099
1133 -0.002708135424297042
1134 -0.002633423171335636
1135 -0.002709781215404439
1136 -0.002635380930934739
1137 -0.002710317704694543
1138 -0.002633912273097172
1139 -0.002709765998645475
1140 -0.002635730360710742
1141 -0.002711877019839992
1142 -0.00263640279091959
1143 -0.002710524493420907
1144 -0.00263594418727453
1145 -0.002712415440413452
1146 -0.002638107952049662
1147 -0.00271311686172937
1148 -0.002636762126083214
1149 -0.002712644651394092
1150 -0.002638616057947685
1151 -0.002714747325054168
1152 -0.002639236207984785
1153 -0.002713298958932908
1154 -0.002638639402065657
1155 -0.002715010113644167
1156 -0.002640583383153983
1157 -0.002715453847044635
1158 -0.002638943846205333
1159 -0.002714654331085198
1160 -0.002640439998100375
1161 -0.002716371807502727
1162 -0.002640649837530651
1163 -0.002714492326252094
1164 -0.002639604547342911
1165 -0.002715740946972911
1166 -0.002641075333096321
1167 -0.002715705692136972
1168 -0.002638953863147941
1169 -0.00271442531812216
1170 -0.002639974340383544
1171 -0.002715676075978335
1172 -0.002639729255600853
1173 -0.002713357308109732
1174 -0.002638263612972036
1175 -0.002714207164302485
1176 -0.002639360286317727
1177 -0.002713825125475688
1178 -0.002636921808475634
1179 -0.002712259025445585
1180 -0.002637690091117584
1181 -0.002713292544659351
1182 -0.002637264304940601
1183 -0.002710830201011927
1184 -0.002635693222910129
1185 -0.002711612848451672
1186 -0.002636761380776731
1187 -0.002711240444784657
1188 -0.002634370626601212
1189 -0.002709759361769537
1190 -0.002635260575795328
1191 -0.002710949483485381
1192 -0.002635025243654665
1193 -0.002708709650686814
1194 -0.002633707229159787
1195 -0.002709773841677254
1196 -0.002635083242053415
1197 -0.002709732911026608
1198 -0.002633045487541175
1199 -0.002708624029518214
1200 -0.002634323455804388
1201 -0.002710215490092871
1202 -0.002634500237833404
1203 -0.002708395366420868
1204 -0.002633605879541312
1205 -0.002709885172445414
1206 -0.002635405979024341
1207 -0.00271026357641313
1208 -0.002633779902971867
1209 -0.002709556213579267
1210 -0.002635445448823548
1211 -0.002711518877142272
1212 -0.002635974658660833
1213 -0.00271002953560262
1214 -0.002635386757967595
1215 -0.002711799634887546
1216 -0.002637438921227808
1217 -0.002712399690228295
1218 -0.002636002667309789
1219 -0.002711848779359816
1220 -0.002637790184121913
1221 -0.0027138978810064
1222 -0.002638369880082925
1223 -0.002712422554772553
1224 -0.00263775970064084
1225 -0.00271413403982268
1226 -0.002639717609412395
1227 -0.002714605084708888
1228 -0.00263811856757612
1229 -0.002713858846447481
1230 -0.002639680221697471
1231 -0.00271565339440949
1232 -0.00263997826855622
1233 -0.002713872228171876
1234 -0.002639040597187226
1235 -0.002715236903723328
1236 -0.002640635021116111
1237 -0.002715331535953602
1238 -0.002638648886939432
1239 -0.002714190793281057
1240 -0.002639812088919058
1241 -0.002715586190231489
1242 -0.002639712552102935
1243 -0.002713412768849066
1244 -0.002638390994975648
1245 -0.002714404429753126
1246 -0.002639626030266573
1247 -0.002714156290731573
1248 -0.002637316010766888
1249 -0.002712712544458151
1250 -0.002638199593650192
1251 -0.002713853477576134
1252 -0.002637872535444119
1253 -0.002711480672292543
1254 -0.002636381192093085
1255 -0.002712332839168496
1256 -0.002637508121334564
1257 -0.002712008215789208
1258 -0.002635153812982072
1259 -0.002710552177752401
1260 -0.002636057210038123
1261 -0.00271174424776488
1262 -0.002635812275985971
1263 -0.002709483495892284
1264 -0.00263446218226937
1265 -0.00271050471760903
1266 -0.002635784664114071
1267 -0.002710400204594343
1268 -0.002633673667436609
1269 -0.002709208918441952
1270 -0.002634860888332646
1271 -0.002710701843424479
1272 -0.002634931973019228
1273 -0.002708769700147329
1274 -0.002633920275826762
1275 -0.002710137388274303
1276 -0.002635594503377581
1277 -0.002710387168750827
1278 -0.002633837929474137
1279 -0.002709548252485927
1280 -0.002635372111896572
1281 -0.002711380614399461
1282 -0.002635772922562563
1283 -0.002709765870968495
1284 -0.002635063637172363
1285 -0.002711419356263178
1286 -0.002637004818258015
1287 -0.002711915037923118
1288 -0.002635471487467234
1289 -0.002711275116758838
1290 -0.002637178775508398
1291 -0.002713253406617211
1292 -0.002637697484491719
1293 -0.002711727488832416
1294 -0.002637047427106465
1295 -0.002713410104955738
1296 -0.0026389876108599
1297 -0.002713874699413976
1298 -0.00263739339615654
1299 -0.00271314450552218
1300 -0.002638982079117058
1301 -0.002714976787809853
1302 -0.002639328334619551
1303 -0.002713253721427833
1304 -0.002638458152531831
1305 -0.002714694734248457
1306 -0.002640137179928947
1307 -0.002714881298348404
1308 -0.00263824976027327
1309 -0.002713845162149786
1310 -0.002639522526184823
1311 -0.00271535415117885
1312 -0.00263953993376953
1313 -0.00271329991934155
1314 -0.002638338892256176
1315 -0.002714412583440184
1316 -0.00263969448183432
1317 -0.002714283540924178
1318 -0.002637501268622611
1319 -0.0027129536131556
1320 -0.002638494758454568
1321 -0.002714199723824251
1322 -0.002638267368274771
1323 -0.002711920493276621
1324 -0.002636862841171927
1325 -0.002712852203175187
1326 -0.002638061410416448
1327 -0.002712590912113289
1328 -0.002635761674890214
1329 -0.002711180484061382
1330 -0.002636701349402859
1331 -0.002712399389502407
1332 -0.002636473599630706
1333 -0.002710146198314334
1334 -0.00263512137212718
1335 -0.002711155717672886
1336 -0.0026364226684501
1337 -0.002711020825829635
1338 -0.002634272260248594
1339 -0.002709781417441937
1340 -0.002635403117121182
1341 -0.002711210132739783
1342 -0.002635402536977915
1343 -0.002709199483569735
1344 -0.002634306197058178
1345 -0.002710476807367357
1346 -0.002635885083727363
1347 -0.002710627036709656
1348 -0.0026340254261219
1349 -0.002709682149575565
1350 -0.002635451773721709
1351 -0.002711405506804709
1352 -0.002635743107643806
1353 -0.002709681724328394
1354 -0.002634926133350701
1355 -0.002711229476230592
1356 -0.00263676436871263
1357 -0.002711625889092684
1358 -0.002635136090113344
1359 -0.002710896030666543
1360 -0.002636759227801821
1361 -0.002712796586022082
1362 -0.00263720708261217
1363 -0.002711207336774546
1364 -0.00263650167375773
1365 -0.002712842956568373
1366 -0.002638403521467936
1367 -0.002713278210019654
1368 -0.002636789115465055
1369 -0.002712537124194281
1370 -0.002638376227513062
1371 -0.002714377138888224
1372 -0.002638739453672434
1373 -0.002712680048127414
1374 -0.002637903997123825
1375 -0.002714164255108953
1376 -0.00263963433372183
1377 -0.002714409651145777
1378 -0.002637812919842997
1379 -0.002713446098964845
1380 -0.002639164175105568
1381 -0.002715038802259873
1382 -0.002639270053823584
1383 -0.002713076883864352
1384 -0.002638164423599099
1385 -0.002714287392763914
1386 -0.002639619563858497
1387 -0.002714258686026483
1388 -0.002637526822811376
1389 -0.002713028647988169
1390 -0.002638618767399237
1391 -0.002714371056813603
1392 -0.002638484864987856
1393 -0.00271218183998756
1394 -0.002637166205783581
1395 -0.002713194754545789
1396 -0.002638440673678799
1397 -0.00271300354741788
1398 -0.002636204714724144
1399 -0.002711650281147282
1400 -0.002637194459870651
1401 -0.002712911916353589
1402 -0.002637001789434157
1403 -0.002710686018785102
1404 -0.002635668845841321
1405 -0.002711706802892566
1406 -0.002636973293192124
1407 -0.00271156705182185
1408 -0.002634810012199784
1409 -0.00271030692615315
1410 -0.002635912514002969
1411 -0.0027116998954686
1412 -0.002635868990360279
1413 -0.002709639522740614
1414 -0.002634716586099595
1415 -0.002710854745431091
1416 -0.002636227846204653
1417 -0.002710932394462962
1418 -0.002634291140300782
1419 -0.002709906488330471
1420 -0.002635633284675309
1421 -0.00271154299458698
1422 -0.002635835672653686
1423 -0.002709728909066067
1424 -0.002634927810488685
1425 -0.002711185674811434
1426 -0.002636675689838386
1427 -0.002711493129278209
1428 -0.002634960432570388
1429 -0.002710678872145822
1430 -0.00263650250991132
1431 -0.002712502284428764
1432 -0.002636877609624166
1433 -0.002710845305562648
1434 -0.002636110016785764
1435 -0.002712424679988779
1436 -0.002637961961543756
1437 -0.002712816810767515
1438 -0.002636311468890984
1439 -0.002712046941731661
1440 -0.002637877302762215
1441 -0.002713873327894856
1442 -0.002638234613722812
1443 -0.002712178043961844
1444 -0.002637408628403781
1445 -0.002713679300445859
1446 -0.002639163429877911
1447 -0.002713956272189177
1448 -0.002637380506707698
1449 -0.00271303776775933
1450 -0.00263878293599995
1451 -0.002714687315833242
1452 -0.002638951009966473
1453 -0.002712792285564314
1454 -0.002637916410713981
1455 -0.002714077462919517
1456 -0.0026394492975641
1457 -0.002714128821870387
1458 -0.002637438446324136
1459 -0.0027129818549394
1460 -0.002638613909202503
1461 -0.002714407607475211
1462 -0.002638562661553046
1463 -0.002712299668923057
1464 -0.002637323270981984
1465 -0.00271338936516452
1466 -0.00263867144067409
1467 -0.002713268222735987
1468 -0.002636501433112448
1469 -0.002711976415330497
1470 -0.002637547618284497
1471 -0.002713289144879116
1472 -0.002637400345908203
1473 -0.00271110269400654
1474 -0.002636100580587497
1475 -0.002712150272034197
1476 -0.00263742522189836
1477 -0.002712024063829643
1478 -0.002635268714648475
1479 -0.002710763980816822
1480 -0.002636364540998581
1481 -0.002712143676405709
1482 -0.002636301200859004
1483 -0.002710057186344761
1484 -0.002635116603573184
1485 -0.002711234343464097
1486 -0.002636584229334771
1487 -0.002711263194312252
1488 -0.002634593878722447
1489 -0.002710179165158477
1490 -0.002635873993994009
1491 -0.002711750142641245
1492 -0.00263600776020434
1493 -0.002709864916939253
1494 -0.002635026860076772
1495 -0.002711247133903472
1496 -0.002636699279100485
1497 -0.002711478850726978
1498 -0.002634908506446543
1499 -0.002710589811325548
1500 -0.002636377222464903
1501 -0.002712341790392037
1502 -0.002636683258414596
1503 -0.002710618709658608
1504 -0.002635853053754467
1505 -0.002712139335865782
1506 -0.002637650553914073
1507 -0.002712481797680688
1508 -0.00263595547661355
1509 -0.002711672751168681
1510 -0.00263748785550999
1511 -0.002713471641756282
1512 -0.002637823783078419
1513 -0.002711761248265887
1514 -0.00263698904939913
1515 -0.002713260160519315
1516 -0.002638747899166738
1517 -0.002713547484530121
1518 -0.002636981563304941
1519 -0.002712651635210506
1520 -0.002638412478910501
1521 -0.002714335232784304
1522 -0.002638619972582745
1523 -0.002712484560151163
1524 -0.00263763429742947
1525 -0.002713822876807326
1526 -0.002639224133869744
1527 -0.002713934421233688
1528 -0.002637276333717908
1529 -0.002712852854551251
1530 -0.002638518953492763
1531 -0.002714347008722084
1532 -0.002638536952185966
1533 -0.002712308529024154
1534 -0.002637366675516839
1535 -0.002713466569136846
1536 -0.002638781903382181
1537 -0.002713410645718062
1538 -0.002636674848937037
1539 -0.00271217911664845
1540 -0.002637778109940925
1541 -0.002713545363497216
1542 -0.002637680447500124
1543 -0.002711404277348395
1544 -0.002636421438321213
1545 -0.002712487820619502
1546 -0.002637776971285977
1547 -0.002712387263541283
1548 -0.002635640685035634
1549 -0.002711141904398806
1550 -0.002636745613441516
1551 -0.002712525091094875
1552 -0.002636680110163381
1553 -0.002710430880935366
1554 -0.002635482305712644
1555 -0.002711589457140784
1556 -0.002636926120680227
1557 -0.002711589521549262
1558 -0.002634902180209675
1559 -0.002710467354885671
1560 -0.002636139987884256
1561 -0.002711992149247111
1562 -0.002636223978344621
1563 -0.002710053991521466
1564 -0.002635187454200105
1565 -0.002711378187418623
1566 -0.002636799921789335
1567 -0.002711548529876096
1568 -0.002634946759781487
1569 -0.002710596506302787
1570 -0.002636352484023829
1571 -0.002712285913155865
1572 -0.002636596754956866
1573 -0.002710502401103376
1574 -0.002635707949832922
1575 -0.002711966594067139
1576 -0.002637451616235076
1577 -0.002712258282397295
1578 -0.002635709149278798
1579 -0.00271140556429228
1580 -0.002637201947002676
1581 -0.002713169243062197
1582 -0.002637507238473225
1583 -0.002711433039876754
1584 -0.00263665170608185
1585 -0.002712916284260736
1586 -0.002638400115765549
1587 -0.002713198453833554
1588 -0.002636633939247846
1589 -0.002712308050312418
1590 -0.002638075506548487
1591 -0.002714007389729156
1592 -0.002638303739834535
1593 -0.002712182208516767
1594 -0.002637348086732105
1595 -0.002713554853778
1596 -0.002638976291736705
1597 -0.002713708407070969
1598 -0.002637073883465124
1599 -0.002712675237506623
1600 -0.002638367458339008
1601 -0.002714222503074959
1602 -0.002638440416531607
1603 -0.002712240306523617
1604 -0.002637327287092095
1605 -0.00271345599663908
1606 -0.002638800234423755
1607 -0.002713457355146831
1608 -0.002636749659432169
1609 -0.002712281105264891
1610 -0.002637906509397103
1611 -0.002713698898010763
1612 -0.002637858028930129
1613 -0.002711604251990574
1614 -0.002636642343472939
1615 -0.002712727784315083
1616 -0.002638034222592456
1617 -0.002712659688207664
1618 -0.002635926286894907
1619 -0.002711438426677981
1620 -0.002637050849010336
1621 -0.00271283671015099
1622 -0.002636995796251984
1623 -0.002710748285666309
1624 -0.002635799066951217
1625 -0.002711903263725279
1626 -0.002637234638838137
1627 -0.002711890567144826
1628 -0.002635193487694254
1629 -0.002710746894393434
1630 -0.002636405704932621
1631 -0.002712242214745642
1632 -0.002636456508859242
1633 -0.002710267468656102
1634 -0.00263538031745747
1635 -0.002711549139443381
1636 -0.002636947745058738
1637 -0.00271167231595304
1638 -0.002635045602913166
1639 -0.002710669831160972
1640 -0.00263639986379971
1641 -0.002712307119155488
1642 -0.00263659168183028
1643 -0.002710471267050485
1644 -0.002635651088186419
1645 -0.002711884514780438
1646 -0.00263734504909352
1647 -0.00271212816033084
1648 -0.002635556512478043
1649 -0.002711231665283087
1650 -0.002637008211544778
1651 -0.002712957208825362
1652 -0.002637278559903811
1653 -0.002711189546763526
1654 -0.002636395293725613
1655 -0.002712648943559381
1656 -0.002638123909152412
1657 -0.002712915521879244
1658 -0.00263634644031896
1659 -0.002712018190250687
1660 -0.002637785478982302
1661 -0.002713719393308223
1662 -0.002638019956935578
1663 -0.002711904739225224
1664 -0.002637079011525101
1665 -0.002713296155917977
1666 -0.002638729899086201
1667 -0.002713476049604591
1668 -0.002636857330737818
1669 -0.002712475965586103
1670 -0.002638186924170061
1671 -0.002714061890722874
1672 -0.002638300960649875
1673 -0.002712122785042848
1674 -0.002637232575319004
1675 -0.002713384584480005
1676 -0.002638752648354004
1677 -0.002713433654022879
1678 -0.002636750069412663
1679 -0.002712305328606224
1680 -0.002637954342250115
1681 -0.002713769715277925
1682 -0.002637951347079559
1683 -0.002711719068003937
1684 -0.002636777816128921
1685 -0.002712882682669226
1686 -0.002638207399511927
1687 -0.002712849631404834
1688 -0.00263613161441878
1689 -0.002711657437711512
1690 -0.002637281905324862
1691 -0.002713077979195955
1692 -0.002637245492417728
1693 -0.002711004473823664
1694 -0.002636059840173122
1695 -0.002712166662396376
1696 -0.002637498700797769
1697 -0.002712153358532365
1698 -0.002635453037853619
1699 -0.002711001337587726
1700 -0.002636653157900293
1701 -0.002712480926759797
1702 -0.002636684680994206
1703 -0.002710483553014731
1704 -0.002635582710461826
1705 -0.002711736449976465
1706 -0.00263711860259086
1707 -0.002711825615380858
1708 -0.002635180195287079
1709 -0.002710784866104099
1710 -0.002636494559031366
1711 -0.002712380893517441
1712 -0.002636644007040445
1713 -0.002710501927926767
1714 -0.002635659923654776
1715 -0.002711871552026901
1716 -0.002637310468335263
1717 -0.002712072358103113
1718 -0.002635479949246733
1719 -0.002711135028279132
1720 -0.002636892328300666
1721 -0.002712823035739831
1722 -0.002637127152274044
1723 -0.002711022159398446
1724 -0.002636213245739816
1725 -0.002712453666665393
1726 -0.002637916927173078
1727 -0.002712698466931007
1728 -0.002636120973701361
1729 -0.002711786064820698
1730 -0.002637548471936757
1731 -0.002713479322723256
1732 -0.002637778646298772
1733 -0.002711664013691051
1734 -0.00263684068513248
1735 -0.002713062018398382
1736 -0.002638501704065543
1737 -0.002713255456745944
1738 -0.002636646012285748
1739 -0.002712275428251365
1740 -0.002637998646831008
1741 -0.002713887182668628
1742 -0.002638141151558138
1743 -0.002711978897834699
1744 -0.002637105681035479
1745 -0.002713275486333266
1746 -0.002638662150179494
1747 -0.002713362216854254
1748 -0.002636698259572023
1749 -0.002712273311257452
1750 -0.002637942325221854
1751 -0.002713777578415177
1752 -0.002637979062686702
1753 -0.00271176616671398
1754 -0.002636843949896273
1755 -0.002712967163666313
1756 -0.002638309597241983
1757 -0.002712968568311158
1758 -0.00263626643375181
1759 -0.002711806952360618
1760 -0.002637444987057425
1761 -0.002713253276606764
1762 -0.00263743171409625
1763 -0.002711200110186329
1764 -0.002636263434298458
1765 -0.002712376635542579
1766 -0.002637713486109972
1767 -0.002712371327548757
1768 -0.002635672561841718
1769 -0.002711220788679247
1770 -0.002636870903182764
1771 -0.002712695382564023
1772 -0.002636894234540277
1773 -0.002710686729856082
1774 -0.00263577799599668
1775 -0.002711922469204042
1776 -0.002637293976891275
1777 -0.002711989167094808
1778 -0.00263533068580557
1779 -0.002710921301709579
1780 -0.002636615966127298
1781 -0.002712486482053134
1782 -0.002636732991064594
1783 -0.002710573801356642
1784 -0.002635714191523642
1785 -0.002711907902855026
1786 -0.002637328687034479
1787 -0.002712072442415003
1788 -0.002635461921146165
1789 -0.002711099136838202
1790 -0.002636838924956697
1791 -0.00271275261043602
1792 -0.002637040267449597
1793 -0.00271091958846803
1794 -0.00263609581247537
1795 -0.002712322318343396
1796 -0.00263777270343879
1797 -0.002712542536079443
1798 -0.002635954533030338
1799 -0.002711610431773259
1800 -0.002637365008247849
1801 -0.002713289454059131
1802 -0.002637583819505851
1803 -0.002711465731767504
1804 -0.002636640451398442
1805 -0.0027128613562033
1806 -0.002638302125802072
1807 -0.002713058450096506
1808 -0.002636453068992406
1809 -0.002712087965135224
1810 -0.002637818055803764
1811 -0.002713714765695263
1812 -0.002637978216387449
1813 -0.002711826556920149
1814 -0.002636965071409758
1815 -0.002713147568164764
1816 -0.002638547871325114
1817 -0.002713262281183404
1818 -0.002636613438983026
1819 -0.002712204079108327
1820 -0.002637889168349172
1821 -0.002713740737684045
1822 -0.002637958834648346
1823 -0.002711762492154657
1824 -0.002636856851671698
1825 -0.002712996386483368
1826 -0.002638354915410757
1827 -0.002713029452849902
1828 -0.002636342455130558
1829 -0.002711897371932892
1830 -0.002637549110983128
1831 -0.002713370190060793
1832 -0.002637560559920038
1833 -0.002711339785600009
1834 -0.002636412896772411
1835 -0.002712534684985446
1836 -0.002637878940134009
1837 -0.00271254288446654
1838 -0.002635848944693597
1839 -0.00271140064639952
1840 -0.002637052890454905
1841 -0.002712878138500185
1842 -0.002637076388962267
1843 -0.002710866955893954
1844 -0.002635954948378094
1845 -0.002712094869913084
1846 -0.002637460541961456
1847 -0.002712148737217257
1848 -0.002635482052889326
1849 -0.002711063429464033
1850 -0.002636747816598506
1851 -0.002712607164592873
1852 -0.002636841595809791
1853 -0.002710669652182807
1854 -0.002635796594641526
1855 -0.00271197632968323
1856 -0.002637382661741405
1857 -0.00271211168391372
1858 -0.002635486144113797
1859 -0.002711108268163231
1860 -0.002636832958529789
1861 -0.002712731679092029
1862 -0.002637004548801558
1863 -0.002710869469986443
1864 -0.002636031713636466
1865 -0.002712244787336893
1866 -0.002637682368815231
1867 -0.002712440164615693
1868 -0.002635840913603582
1869 -0.002711486490152515
1870 -0.002637231719591515
1871 -0.002713147873228294
1872 -0.002637435028673307
1873 -0.002711310904977449
1874 -0.002636480770961791
1875 -0.002712698051914986
1876 -0.002638136436918126
1877 -0.002712891637118853
1878 -0.002636286394982923
1879 -0.00271192268098619
1880 -0.00263765539865779
1881 -0.002713555938008039
1882 -0.00263782441959215
1883 -0.00271167888616608
1884 -0.002636824632035628
1885 -0.002713015358440929
1886 -0.002638424875485601
1887 -0.002713149319387487
1888 -0.002636511375559536
1889 -0.002712113566903707
1890 -0.002637810861253254
1891 -0.002713675108697355
1892 -0.002637906389825195
1893 -0.002711723463179494
1894 -0.002636831522546013
1895 -0.002712984823544096
1896 -0.00263835719405825
1897 -0.002713045397104263
1898 -0.002636371964740203
1899 -0.002711940077221753
1900 -0.002637604670531868
1901 -0.002713438062585949
1902 -0.002637640252193707
1903 -0.002711430559873662
1904 -0.002636514072153595
1905 -0.002712645413069925
1906 -0.002637998388657303
1907 -0.002712670072579026
1908 -0.002635982929475755
1909 -0.002711540364955356
1910 -0.002637197291490256
1911 -0.00271302611106905
1912 -0.002637226826117445
1913 -0.002711018723765113
1914 -0.002636106912340619
1915 -0.002712245905289068
1916 -0.002637609520709017
1917 -0.002712294588087527
1918 -0.00263562367542014
1919 -0.002711199822434507
1920 -0.002636877972288953
1921 -0.002712730177692135
1922 -0.002636956534642909
1923 -0.00271077576126677
1924 -0.002635893088364316
1925 -0.002712062562052697
1926 -0.002637458006578441
1927 -0.0027121756842301
1928 -0.002635538319714748
1929 -0.002711148325333479
1930 -0.002636860642651673
1931 -0.002712746865378257
1932 -0.002637007133260871
1933 -0.00271085954535355
1934 -0.002636009386545402
1935 -0.002712210291738293
1936 -0.002637636000987431
1937 -0.002712382360678944
1938 -0.002635772121427182
1939 -0.002711407300596713
1940 -0.002637142769960299
1941 -0.002713049888149577
1942 -0.002637328759256041
1943 -0.002711197215588212
1944 -0.002636360536648175
1945 -0.002712572212678177
1946 -0.002638005955619693
1947 -0.00271275752707778
1948 -0.002636149672345267
1949 -0.002711784391195016
1950 -0.002637516585371147
1951 -0.00271341764728894
1952 -0.002637687697473412
1953 -0.002711544736759164
1954 -0.00263669406185274
1955 -0.00271288932172431
1956 -0.002638304313011597
1957 -0.002713035074076053
1958 -0.002636404317484686
1959 -0.00271201442595892
1960 -0.00263772036437282
1961 -0.002713593854409169
1962 -0.002637835000596889
1963 -0.002711662353817257
1964 -0.002636781144076172
1965 -0.002712945461175398
1966 -0.002638329130960848
1967 -0.002713028717513444
1968 -0.002636366807717172
1969 -0.002711946358656459
1970 -0.002637622320449395
1971 -0.002713466840323253
1972 -0.002637679953665151
1973 -0.002711480757207951
1974 -0.002636574384903723
1975 -0.002712715300991153
1976 -0.002638077322209664
1977 -0.002712757366019058
1978 -0.002636077938451331
1979 -0.002711642303317996
1980 -0.00263730538632112
1981 -0.002713139503582207
1982 -0.002637344670259667
1983 -0.002711140099022069
1984 -0.002636230909645265
1985 -0.002712371583987627
1986 -0.002637735939783115
1987 -0.002712420810207172
1988 -0.002635748751381284
1989 -0.002711322841134844
1990 -0.002636998019443393
1991 -0.002712846393795987
1992 -0.002637068041086543
1993 -0.002710881792242548
1994 -0.002635992852763502
1995 -0.00271215537040681
1996 -0.002637543172999912
1997 -0.002712252658099823
1998 -0.002635606515350553
1999 -0.002711207315931663
2000 -0.0026369100160748
2001 -0.002712786324697403
2002 -0.002637036385143343
2003 -0.002710878470069789
2004 -0.002636017864871665
2005 -0.002712208322668719
2006 -0.002637623627357533
2007 -0.002712359759706962
2008 -0.002635739470230103
2009 -0.00271136491745283
2010 -0.002637091010549986
2011 -0.002712989198631943
2012 -0.002637259606488529
2013 -0.002711120189844429
2014 -0.002636276236410717
2015 -0.002712481311630599
2016 -0.002637909155521534
2017 -0.002712655598416491
2018 -0.0026360433885535
2019 -0.002711674581655776
2020 -0.002637404086776707
2021 -0.00271330332149522
2022 -0.002637572409755373
2023 -0.002711429356284434
2024 -0.002636579456883004
2025 -0.002712776347425505
2026 -0.002638193815989842
2027 -0.002712927853110392
2028 -0.002636301186386802
2029 -0.002711916116402202
2030 -0.002637627603533366
2031 -0.002713507285934558
2032 -0.002637755283903642
2033 -0.002711590003076969
2034 -0.002636716698691366
2035 -0.002712889335967583
2036 -0.002638281739768544
2037 -0.002712990318201491
2038 -0.00263633769878524
2039 -0.002711926661865594
2040 -0.002637612162047942
2041 -0.002713466207669546
2042 -0.002637688860273935
2043 -0.002711499022808317
2044 -0.002636601866569555
2045 -0.002712751713203954
2046 -0.00263812238461103
2047 -0.002712810648900055
2048 -0.002636139051279685
2049 -0.002711710710064263
2050 -0.002637380561431035
2051 -0.002713220826185525
2052 -0.002637431535226664
2053 -0.002711231799899627
2054 -0.002636326757637253
2055 -0.002712470832625158
2056 -0.002637837843613822
2057 -0.002712524589642662
2058 -0.002635853628084828
2059 -0.002711428029638085
2060 -0.00263710273322304
2061 -0.002712949863672875
2062 -0.002637169486956692
2063 -0.002710980491762438
2064 -0.002636088067465403
2065 -0.002712246424019238
2066 -0.002637629387090668
2067 -0.002712333449371274
2068 -0.002635681267864731
2069 -0.002711275534940993
2070 -0.002636971207594208
2071 -0.002712840092226054
2072 -0.002637082321518269
2073 -0.002710916316639889
2074 -0.002636047352537529
2075 -0.002712229285740664
2076 -0.002637635928700588
2077 -0.002712363383251315
2078 -0.002635734391266853
2079 -0.002711351242635995
2080 -0.002637068873436066
2081 -0.002712958821355471
2082 -0.002637221223894759
2083 -0.00271107416129146
2084 -0.002636222925031628
2085 -0.002712421160069978
2086 -0.002637842633480991
2087 -0.002712583254435019
2088 -0.00263596577188574
2089 -0.002711592313892508
2090 -0.002637317801377659
2091 -0.002713213692273619
2092 -0.002637480115581292
2093 -0.002711335110480162
2094 -0.002636483971810488
2095 -0.002712680347588536
2096 -0.002638098024138946
2097 -0.002712832980715563
2098 -0.002636207951840053
2099 -0.002711825200968132
2100 -0.002637539683693957
2101 -0.00271342299260624
2102 -0.002637675257222361
2103 -0.00271151478914966
2104 -0.002636646860695535
2105 -0.002712825350765335
2106 -0.002638224083678642
2107 -0.002712939351160681
2108 -0.002636293813721435
2109 -0.002711890113151094
2110 -0.00263758320795815
2111 -0.002713444995537273
2112 -0.002637675555809293
2113 -0.002711493632248541
2114 -0.002636604423558619
2115 -0.002712762131022117
2116 -0.002638140577183146
2117 -0.002712836396565832
2118 -0.002636172168899886
2119 -0.002711750874944352
2120 -0.002637427458913599
2121 -0.002713274045278879
2122 -0.002637490681879795
2123 -0.002711296366658233
2124 -0.002636396257494455
2125 -0.002712544707275555
2126 -0.002637915536006785
2127 -0.00271260548519825
2128 -0.002635937122064114
2129 -0.002711513477984928
2130 -0.002637189493450931
2131 -0.002713037281795616
2132 -0.00263725690553529
2133 -0.002711067267553657
2134 -0.002636173550606191
2135 -0.002712329991957141
2136 -0.002637710415269501
2137 -0.002712411368371637
2138 -0.002635755486123159
2139 -0.002711345540313381
2140 -0.002637036484959721
2141 -0.002712900199663082
2142 -0.002637136801411755
2143 -0.002710964830355378
2144 -0.002636089542103148
2145 -0.002712264883463433
2146 -0.002637664679921548
2147 -0.002712385138885498
2148 -0.002635748986817843
2149 -0.002711358629032157
2150 -0.002637069019378879
2151 -0.002712951777561479
2152 -0.002637207046304768
2153 -0.002711053023924936
2154 -0.002636195000802921
2155 -0.002712386700540526
2156 -0.002637801913160542
2157 -0.002712536630117723
2158 -0.002635913597059059
2159 -0.002711535022550837
2160 -0.002637255840529651
2161 -0.002713147557869
2162 -0.00263741030912934
2163 -0.002711262186861907
2164 -0.002636408485082287
2165 -0.002712602880480919
2166 -0.002638019163125449
2167 -0.002712753325443407
2168 -0.002636128104243296
2169 -0.002711745758818385
2170 -0.002637461242049444
2171 -0.002713346129244343
2172 -0.002637600553984765
2173 -0.002711442776904383
2174 -0.00263657807987272
2175 -0.002712760288900107
2176 -0.002638163226170942
2177 -0.002712883104543318
2178 -0.002636242609337147
2179 -0.002711844280860687
2180 -0.002637543081791094
2181 -0.002713410822068774
2182 -0.002637647598999537
2183 -0.002711472026950101
2184 -0.002636589326538985
2185 -0.002712753600522921
2186 -0.002638138669817547
2187 -0.002712841055382498
2188 -0.002636183365455569
2189 -0.00271176845928256
2190 -0.002637451285296466
2191 -0.002713303879793294
2192 -0.002637526305413918
2193 -0.002711337447866224
2194 -0.002636442484573509
2195 -0.002712595692764053
2196 -0.002637970893114128
2197 -0.002712664757728245
2198 -0.002635999868211281
2199 -0.002711579197778757
2200 -0.002637257689343642
2201 -0.002713107426154604
2202 -0.002637328472174794
2203 -0.002711139712582078
2204 -0.002636246330496972
2205 -0.002712402564191363
2206 -0.002637782236001085
2207 -0.002712481916590903
2208 -0.002635824228435224
2209 -0.00271141198667979
2210 -0.002637100142085957
2211 -0.002712960622254679
2212 -0.002637193530193205
2213 -0.002711017489773981
2214 -0.002636137738577959
2215 -0.002712308295013788
2216 -0.002637702986286961
2217 -0.002712418109703574
2218 -0.002635776368455689
2219 -0.002711380269732055
2220 -0.002637084773896348
2221 -0.002712961573119177
2222 -0.002637210809524726
2223 -0.002711050787135516
2224 -0.002636186791650452
2225 -0.002712372619852577
2226 -0.002637782079659479
2227 -0.002712511242220605
2228 -0.002635882847015436
2229 -0.002711499184067101
2230 -0.002637215198962206
2231 -0.002713102451056715
2232 -0.002637361079043554
2233 -0.00271120923967394
2234 -0.002636352225553473
2235 -0.002712543751657082
2236 -0.002637957615257314
2237 -0.002712689838419102
2238 -0.002636063157775981
2239 -0.002711679849986215
2240 -0.002637394867984533
2241 -0.002713279789215761
2242 -0.002637534749718951
2243 -0.0027113779908845
2244 -0.002636514798776801
2245 -0.002712698973879268
2246 -0.002638104335859648
2247 -0.002712827050120437
2248 -0.00263618981864755
2249 -0.002711795114217264
2250 -0.00263749790158041
2251 -0.002713369927609843
2252 -0.002637611304451726
2253 -0.002711440547279453
2254 -0.00263656289599834
2255 -0.002712732372936122
2256 -0.002638122800708853
2257 -0.002712830604606031
2258 -0.00263617841711028
2259 -0.002711768994443364
2260 -0.002637457287564038
2261 -0.002713315255413074
2262 -0.002637542973168872
2263 -0.002711359222928422
2264 -0.002636469199408076
2265 -0.00271262710731901
2266 -0.002638006767025747
2267 -0.002712704777890762
2268 -0.002636043737641813
2269 -0.00271162655207946
2270 -0.002637308166691721
2271 -0.00271316062407756
2272 -0.002637383992636355
2273 -0.002711197118927089
2274 -0.002636305191099586
2275 -0.002712462430193074
2276 -0.002637842657481571
2277 -0.00271254244225938
2278 -0.002635884402157007
2279 -0.002711471367014662
2280 -0.002637158285668573
2281 -0.002713017110146154
2282 -0.00263724793470943
2283 -0.002711069433998681
2284 -0.002636186833356202
2285 -0.002712354199751354
2286 -0.002637745359201915
2287 -0.002712456676294828
2288 -0.00263581083186426
2289 -0.002711410414900639
2290 -0.002637110385475205
2291 -0.002712982498338512
2292 -0.002637226888319244
2293 -0.002711061952287652
2294 -0.002636192966595008
2295 -0.002712373792806089
2296 -0.00263777825176259
2297 -0.002712502487492552
2298 -0.002635869231303545
2299 -0.002711480850437376
2300 -0.002637192299577595
2301 -0.002713075190463154
2302 -0.002637329663730981
2303 -0.002711173944446754
2304 -0.002636313322283534
2305 -0.002712501555504954
2306 -0.002637912449851898
2307 -0.002712642066450499
2308 -0.002636013139821314
2309 -0.002711627978611908
2310 -0.002637341537499394
2311 -0.00271322540899166
2312 -0.002637479730520642
2313 -0.002711322747749323
2314 -0.00263645974754656
2315 -0.00271264452454667
2316 -0.002638050896754063
2317 -0.002712775007307267
2318 -0.002636139567467444
2319 -0.002711747011362453
2320 -0.002637452303544841
2321 -0.002713327150940081
2322 -0.002637571675771389
2323 -0.002711404323434641
2324 -0.002636530348815391
2325 -0.002712703712554942
2326 -0.002638098240221876
2327 -0.002712810281353395
2328 -0.002636162490400107
2329 -0.002711757537331883
2330 -0.002637450377151129
2331 -0.002713312901926779
2332 -0.002637545198205915
2333 -0.002711365956760137
2334 -0.00263648038734976
2335 -0.002712642629093986
2336 -0.002638026502185697
2337 -0.002712728535411379
2338 -0.002636071342521973
2339 -0.002711657760785746
2340 -0.002637342737637605
2341 -0.00271319827043448
2342 -0.002637424433592939
2343 -0.002711240023415495
2344 -0.002636350235363683
2345 -0.002712509261864504
2346 -0.002637890923877118
2347 -0.00271259177186689
2348 -0.002635934424319641
2349 -0.002711521704479969
2350 -0.002637208560780424
2351 -0.00271306695126472
2352 -0.002637296965601443
2353 -0.002711117302617749
2354 -0.002636233180418612
2355 -0.002712398694458606
2356 -0.002637787668920311
2357 -0.002712496512768059
2358 -0.002635847890533949
2359 -0.002711444449009726
2360 -0.002637141146036859
2361 -0.002713009786587062
2362 -0.002637250494391008
2363 -0.002711081743787869
2364 -0.002636208798172168
2365 -0.002712385576668419
2366 -0.002637785905591938
2367 -0.002712505994933112
2368 -0.002635868563540367
2369 -0.00271147604967803
2370 -0.002637183413648714
2371 -0.002713062316743953
2372 -0.002637312899663957
2373 -0.002711153454124204
2374 -0.002636289265622427
2375 -0.002712474136862042
2376 -0.002637881881798254
2377 -0.002712608604747091
2378 -0.002635977036577808
2379 -0.00271158952612538
2380 -0.00263730103068105
2381 -0.002713183166079602
2382 -0.002637436070318744
2383 -0.002711278009008833
2384 -0.002636414267902287
2385 -0.002712598649490694
2386 -0.002638004971708074
2387 -0.002712729373224088
2388 -0.002636094569961944
2389 -0.002711702979164787
2390 -0.002637409564803184
2391 -0.002713286012450133
2392 -0.002637532450131319
2393 -0.002711367278980692
2394 -0.002636495763739033
2395 -0.002712671823474677
2396 -0.002638069285264111
2397 -0.002712784442957084
2398 -0.002636139968075657
2399 -0.002711738464447944
2400 -0.002637434890890633
2401 -0.002713301084037445
2402 -0.002637537142214486
2403 -0.002711361677942836
2404 -0.002636479915350431
2405 -0.002712645935338376
2406 -0.002638033558635344
2407 -0.002712739249523199
2408 -0.002636085637350627
2409 -0.002711675494061261
2410 -0.00263736376906909
2411 -0.002713222414282956
2412 -0.002637451510787647
2413 -0.00271126979988745
2414 -0.002636382485555089
2415 -0.002712543725542416
2416 -0.002637927340391366
2417 -0.002712629851401971
2418 -0.002635973881646381
2419 -0.002711562233497888
2420 -0.002637249855676371
2421 -0.002713108699149425
2422 -0.00263733885209172
2423 -0.002711159017239506
2424 -0.002636274410003026
2425 -0.002712439137209754
2426 -0.002637827021878314
2427 -0.002712534497314678
2428 -0.002635884217959905
2429 -0.002711478867051254
2430 -0.002637173400099169
2431 -0.002713039657516125
2432 -0.002637277753894551
2433 -0.002711106220971482
2434 -0.002636230310362864
2435 -0.002712403987667589
2436 -0.002637801080773938
2437 -0.002712517856083618
2438 -0.002635877017086896
2439 -0.002711481065226229
2440 -0.002637184962562822
2441 -0.002713060414947455
2442 -0.0026373075603352
2443 -0.002711144753209771
2444 -0.002636277273325494
2445 -0.002712458966275699
2446 -0.002637863652469763
2447 -0.002712587480715012
2448 -0.00263595317626053
2449 -0.00271156313171117
2450 -0.002637272307156602
2451 -0.002713152345515724
2452 -0.002637403385167936
2453 -0.002711243721227108
2454 -0.002636378637491665
2455 -0.002712561952399106
2456 -0.002637967485297876
2457 -0.002712691383031318
2458 -0.002636056363227723
2459 -0.002711664842208972
2460 -0.002637371783439812
2461 -0.002713248864733231
2462 -0.002637496217456459
2463 -0.002711332219115015
2464 -0.002636462140346518
2465 -0.002712639875406042
2466 -0.002638039251094737
2467 -0.002712756524044568
2468 -0.002636114378870014
2469 -0.002711715371077839
2470 -0.002637414462763665
2471 -0.002713283447838499
2472 -0.002637522434644879
2473 -0.002711349973437249
2474 -0.002636471300790477
2475 -0.002712640448060633
2476 -0.002638031237993221
2477 -0.002712740078146592
2478 -0.002636089612538806
2479 -0.002711682554174866
2480 -0.002637373855097547
2481 -0.002713235424137928
