"report-def-0-rfile"
"Iteration" "report-def-0"
("Iteration" "report-def-0")
1 -1.030093356169683
2 -0.9071137385127866
3 -0.9102577208668761
4 -0.9005027202283814
5 -0.8863756568081208
6 -0.8761520924857622
7 -0.863644143481328
8 -0.8327472161978744
9 -0.7978215374526491
10 -0.7617938375628062
11 -0.7261927868228699
12 -0.6951054954803578
13 -0.6692247598038804
14 -0.6470088072022517
15 -0.628046303505125
16 -0.6119920625988883
17 -0.5983790219301015
18 -0.5868358089168658
19 -0.5771015774864139
20 -0.5689622539846543
21 -0.5621768928650683
22 -0.5564981573266661
23 -0.5518014076925831
24 -0.5480324695200209
25 -0.5450977419770551
26 -0.5428432557072571
27 -0.5411022925479054
28 -0.5396919681606278
29 -0.5384390763601506
30 -0.5372192955259444
31 -0.5359946872947173
32 -0.5347543280717603
33 -0.5334997806931394
34 -0.5322199539792098
35 -0.5309542706471776
36 -0.5297172735688126
37 -0.5285332896789293
38 -0.5274029927947147
39 -0.5263376696741641
40 -0.5253292230498754
41 -0.5243802738146029
42 -0.5234793577029362
43 -0.5226341377672075
44 -0.5218379686350754
45 -0.5211131596569005
46 -0.520457172968528
47 -0.5199776489870888
48 -0.5195584931029276
49 -0.5191048075879456
50 -0.5188072799583446
51 -0.5186007195014455
52 -0.5183504605495418
53 -0.5181998316434905
54 -0.5180008743927712
55 -0.5183045224306653
56 -0.5182620199976002
57 -0.5186863393025068
58 -0.5187441966016638
59 -0.5192519225817347
60 -0.5192981080422748
61 -0.5196647438242671
62 -0.5200682376846044
63 -0.5204383912306355
64 -0.5208417424624778
65 -0.5213116670983428
66 -0.5218021894594002
67 -0.5223305143741289
68 -0.5228641906770918
69 -0.5234186694313782
70 -0.5239746571819933
71 -0.5245580122671396
72 -0.5251385205840706
73 -0.5257424439705695
74 -0.5263365860426549
75 -0.526947326100372
76 -0.527542042096904
77 -0.5281426668485472
78 -0.5287163856810644
79 -0.529289434940599
80 -0.5298281044245216
81 -0.5303646780695661
82 -0.5308656114198134
83 -0.5313572629835382
84 -0.5318065702005308
85 -0.5322411688717442
86 -0.5326295287634134
87 -0.5330022544440237
88 -0.5333239945437793
89 -0.5336254271139338
90 -0.5338753790532428
91 -0.5341686293405812
92 -0.5342574979690305
93 -0.534439335989908
94 -0.534548568652777
95 -0.5346762643741727
96 -0.5347185226428856
97 -0.5347771980042179
98 -0.5347561405802969
99 -0.5347767225790089
100 -0.5347333350849359
101 -0.5347350824217831
102 -0.5346927804310435
103 -0.5346904539489594
104 -0.5346727601155754
105 -0.5346891777709046
106 -0.5346886633973713
107 -0.5347109107346492
108 -0.534729477473932
109 -0.5347808002172888
110 -0.5348316404066038
111 -0.534910938109158
112 -0.5349795944105614
113 -0.5350586287287538
114 -0.5351129775671384
115 -0.5351735888481938
116 -0.5352091384196672
117 -0.5352520904227601
118 -0.5352763722158468
119 -0.5352869152127828
120 -0.535290117578719
121 -0.535314071700165
122 -0.5353225682581784
123 -0.5353531566252222
124 -0.5353599805218541
125 -0.5353972928419992
126 -0.5354242170074147
127 -0.5354721649835948
128 -0.535501100007064
129 -0.5355452230102767
130 -0.5355791596496121
131 -0.5356352567801443
132 -0.5356816086291599
133 -0.5357469179671124
134 -0.5357988042274973
135 -0.5358658899542935
136 -0.5359171457488826
137 -0.5359815495750239
138 -0.5360278269203655
139 -0.5360776959652016
140 -0.5361107549690757
141 -0.5361657808957052
142 -0.5361947828659873
143 -0.5362409678955721
144 -0.5362611381350373
145 -0.5363003129160812
146 -0.536314014810078
147 -0.5363503829045442
148 -0.5363593286793711
149 -0.5363909964373985
150 -0.5364095416192248
151 -0.5364371218855053
152 -0.5364450518444625
153 -0.5364649132718455
154 -0.5364672968747421
155 -0.5364823538194469
156 -0.5364804895364573
157 -0.5364924517591461
158 -0.5364883596163597
159 -0.5364980504801546
160 -0.5364911977799262
161 -0.5364956450910882
162 -0.5364813853984126
163 -0.5364877007094712
164 -0.5364761711276785
165 -0.5364810999588618
166 -0.5364687395515289
167 -0.5364713201984583
168 -0.5364592392638972
169 -0.5364645273915104
170 -0.5364554414021249
171 -0.5364592281113605
172 -0.536446945558552
173 -0.5364503727769802
174 -0.5364393421259902
175 -0.5364441544341487
176 -0.5364340806365067
177 -0.5364392775013253
178 -0.5364295467428065
179 -0.5364354769249782
180 -0.536426776932582
181 -0.5364336056843633
182 -0.5364254131663968
183 -0.5364322559196834
184 -0.5364226518597428
185 -0.5364284117323794
186 -0.5364205588121854
187 -0.5364268161128413
188 -0.5364181142803029
189 -0.5364236264354654
190 -0.536414242972814
191 -0.5364193737825866
192 -0.5364093452395712
193 -0.5364157902613956
194 -0.5364062573396096
195 -0.5364118195453286
196 -0.5364020509007436
197 -0.5364077808191684
198 -0.5363981281945197
199 -0.5364034702085384
200 -0.5363932579987505
201 -0.5363982529604292
202 -0.5363881127762605
203 -0.536393565916804
204 -0.5363839590110234
205 -0.5363897322148313
206 -0.5363802131754282
207 -0.5363857416582609
208 -0.5363758312753248
209 -0.5363812638232485
210 -0.536372063051986
211 -0.5363782383154502
212 -0.5363694291485968
213 -0.5363761443397518
214 -0.5363678730778166
215 -0.5363749261597395
216 -0.536366596576091
217 -0.5363736861392909
218 -0.5363655671893496
219 -0.5363728322108846
220 -0.5363649051565659
221 -0.536372177407675
222 -0.5363641687619384
223 -0.5363713722664126
224 -0.5363634233086439
225 -0.5363707964657887
226 -0.5363630034262652
227 -0.5363705272167673
228 -0.5363627858723414
229 -0.5363702866598484
230 -0.5363624362236491
231 -0.5363698547747964
232 -0.536361921064486
233 -0.5363692614979761
234 -0.5363612418840226
235 -0.5363685132281518
236 -0.5363604655660498
237 -0.5363677196166262
238 -0.5363596743814083
239 -0.536366862930332
240 -0.5363588023325598
241 -0.5363659685886732
242 -0.536357957028831
243 -0.5363650778219098
244 -0.5363570242333711
245 -0.536364049531208
246 -0.5363559481226289
247 -0.5363629612598048
248 -0.5363548662571609
249 -0.5363619663907949
250 -0.5363539573669722
251 -0.5363611549116372
252 -0.5363531974117113
253 -0.5363604611932605
254 -0.5363525560684314
255 -0.5363598637597549
256 -0.5363519923111798
257 -0.5363593431951976
258 -0.5363515395001953
259 -0.5363589367043924
260 -0.5363511812358479
261 -0.5363585967482208
262 -0.5363509019308889
263 -0.5363583412603421
264 -0.5363506991141375
265 -0.5363581254480509
266 -0.5363505028587372
267 -0.536357916770144
268 -0.5363503027323249
269 -0.5363577030381069
270 -0.5363500551937896
271 -0.5363574464890418
272 -0.5363497977759629
273 -0.5363572120166619
274 -0.5363495508013749
275 -0.5363569413893554
276 -0.5363492528030632
277 -0.5363566352218999
278 -0.5363489375407648
279 -0.5363563053290584
280 -0.536348579646506
281 -0.5363559176315696
282 -0.5363481917682807
283 -0.5363555257230019
284 -0.5363478061949709
285 -0.5363551193489684
286 -0.5363474113945186
287 -0.5363547298969709
288 -0.5363470438931504
289 -0.5363543487841154
290 -0.5363466720700876
291 -0.5363539824779652
292 -0.536346318890887
293 -0.5363536337346591
294 -0.5363459858899468
295 -0.5363533390137225
296 -0.5363457161324211
297 -0.5363530896906368
298 -0.5363454849552621
299 -0.5363528919236831
300 -0.5363453134439083
301 -0.5363527263382891
302 -0.5363451503198533
303 -0.536352576806629
304 -0.536345025689822
305 -0.5363524677784147
306 -0.5363449152328281
307 -0.5363523479404051
308 -0.5363448083374255
309 -0.5363522555379031
310 -0.5363447364373487
311 -0.5363521717929213
312 -0.5363446459853958
313 -0.5363520795261433
314 -0.5363445689591787
315 -0.5363520096918322
316 -0.5363444852367314
317 -0.5363519102565146
318 -0.5363443833627056
319 -0.5363518206394799
320 -0.5363443010970501
321 -0.5363517264587255
322 -0.5363441914424343
323 -0.5363516177639275
324 -0.5363440933265228
325 -0.5363515280715695
326 -0.5363439905446025
327 -0.5363514102764565
328 -0.536343873645692
329 -0.5363513047348903
330 -0.5363437727572856
331 -0.5363511931339359
332 -0.5363436604799796
333 -0.5363510904012037
334 -0.536343574660437
335 -0.5363509979086951
336 -0.5363434767609928
337 -0.5363509050758556
338 -0.5363434035656356
339 -0.5363508402443454
340 -0.5363433344135743
341 -0.5363507728753472
342 -0.5363432813105414
343 -0.5363507380319428
344 -0.5363432433041394
345 -0.5363506949923518
346 -0.5363432065756359
347 -0.5363506756920253
348 -0.5363432018255673
349 -0.5363506626597685
350 -0.5363431778987081
351 -0.5363506409333466
352 -0.5363431712418821
353 -0.5363506467261837
354 -0.5363431672078611
355 -0.5363506289890723
356 -0.5363431503624192
357 -0.5363506242315791
358 -0.5363431573050772
359 -0.536350618240914
360 -0.5363431362931881
361 -0.5363505950004973
362 -0.5363431240334081
363 -0.5363505921155841
364 -0.5363431076022366
365 -0.5363505599067202
366 -0.5363430732272914
367 -0.5363505366622368
368 -0.536343059572213
369 -0.536350509957078
370 -0.5363430174432137
371 -0.5363504666291443
372 -0.536342985902482
373 -0.536350445649207
374 -0.5363429530652568
375 -0.5363503984002647
376 -0.5363429057869876
377 -0.5363503638227536
378 -0.5363428834123527
379 -0.5363503303522709
380 -0.536342837097692
381 -0.5363502847637667
382 -0.5363428062477006
383 -0.5363502674665542
384 -0.5363427803820912
385 -0.5363502303823692
386 -0.5363427460323469
387 -0.5363502116542511
388 -0.5363427415864208
389 -0.5363501985378067
390 -0.5363427167621471
391 -0.5363501757592258
392 -0.5363427087662798
393 -0.5363501812166719
394 -0.5363427044228714
395 -0.5363501644710609
396 -0.5363426887879607
397 -0.5363501628569544
398 -0.5363426998004526
399 -0.5363501634527603
400 -0.5363426872373652
401 -0.5363501514230171
402 -0.5363426890398727
403 -0.536350165453448
404 -0.5363426926572414
405 -0.5363501556117115
406 -0.5363426834717296
407 -0.5363501597377929
408 -0.5363426997870423
409 -0.5363501648787283
410 -0.5363426911317365
411 -0.5363501560556519
412 -0.5363426951110283
413 -0.5363501715242238
414 -0.5363426990881007
415 -0.5363501613453088
416 -0.536342688530553
417 -0.5363501635190233
418 -0.5363427021304249
419 -0.5363501655743117
420 -0.5363426900709345
421 -0.5363501532898622
422 -0.5363426905851675
423 -0.5363501654410412
424 -0.5363426914518709
425 -0.5363501524038126
426 -0.5363426783036528
427 -0.5363501523468832
428 -0.5363426900364331
429 -0.5363501529720424
430 -0.5363426768422928
431 -0.5363501398931277
432 -0.5363426768588312
433 -0.5363501519114368
434 -0.5363426778053596
435 -0.5363501391372499
436 -0.5363426650723487
437 -0.536350139394449
438 -0.53634267723534
439 -0.5363501402337834
440 -0.5363426641225501
441 -0.5363501267472777
442 -0.5363426635027382
443 -0.5363501375240778
444 -0.5363426627265521
445 -0.5363501225006811
446 -0.5363426473141826
447 -0.5363501196914514
448 -0.5363426560472664
449 -0.5363501169844581
450 -0.5363426392627691
451 -0.5363500999825588
452 -0.5363426352122709
453 -0.5363501076797452
454 -0.5363426316469343
455 -0.5363500903266684
456 -0.5363426142963538
457 -0.5363500860855183
458 -0.5363426219695991
459 -0.5363500827143338
460 -0.5363426048632082
461 -0.5363500657895882
462 -0.5363426012246154
463 -0.5363500742352865
464 -0.5363425987363493
465 -0.5363500582924161
466 -0.5363425831457249
467 -0.5363500561856671
468 -0.5363425933292987
469 -0.5363500557177627
470 -0.5363425795096306
471 -0.5363500424867172
472 -0.5363425799154696
473 -0.5363500553785706
474 -0.5363425822075755
475 -0.5363500445075049
476 -0.5363425720262208
477 -0.5363500480112069
478 -0.5363425881744517
479 -0.5363500535821243
480 -0.5363425807063008
481 -0.5363500466978662
482 -0.5363425874978212
483 -0.5363500658561949
484 -0.5363425960696142
485 -0.5363500610238623
486 -0.5363425915176293
487 -0.5363500697396664
488 -0.5363426122544743
489 -0.5363500794043098
490 -0.5363426081493629
491 -0.5363500752251495
492 -0.5363426168635018
493 -0.5363500956151611
494 -0.5363426258954626
495 -0.5363500905689994
496 -0.5363426204657278
497 -0.5363500978581404
498 -0.5363426392186145
499 -0.536350105047195
500 -0.5363426321657696
501 -0.5363500976185043
502 -0.5363426373300438
503 -0.5363501142613329
504 -0.5363426423158248
505 -0.536350105025544
506 -0.5363426325488067
507 -0.5363501079706084
508 -0.5363426468546878
509 -0.5363501106486703
510 -0.5363426352328603
511 -0.5363500985441697
512 -0.5363426358295462
513 -0.5363501104638664
514 -0.5363426361766823
515 -0.5363500965092984
516 -0.5363426218509529
517 -0.5363500947592011
518 -0.5363426316414668
519 -0.5363500930743111
520 -0.5363426159077825
521 -0.5363500771061175
522 -0.5363426129056443
523 -0.5363500858764128
524 -0.536342610529329
525 -0.5363500698052678
526 -0.5363425945648803
527 -0.5363500670299545
528 -0.536342603865142
529 -0.5363500654649785
530 -0.5363425887321733
531 -0.5363500506016389
532 -0.5363425872400306
533 -0.5363500612889879
534 -0.5363425870436587
535 -0.5363500476630245
536 -0.5363425736983346
537 -0.5363500477231232
538 -0.5363425859411949
539 -0.5363500491938492
540 -0.5363425738681837
541 -0.5363500375014683
542 -0.536342575608873
543 -0.5363500515163825
544 -0.5363425787407727
545 -0.5363500412445734
546 -0.5363425688206067
547 -0.5363500447768574
548 -0.5363425846633224
549 -0.5363500497454275
550 -0.5363425762903704
551 -0.5363500417092858
552 -0.5363425817773769
553 -0.5363500593768276
554 -0.5363425887261771
555 -0.5363500528204947
556 -0.5363425824715146
557 -0.5363500598648693
558 -0.5363426015912107
559 -0.5363500679456804
560 -0.5363425959814865
561 -0.5363500623854383
562 -0.5363426034413996
563 -0.5363500816572861
564 -0.536342611494911
565 -0.5363500757957176
566 -0.5363426054181325
567 -0.5363500826125868
568 -0.5363426238700445
569 -0.5363500896859983
570 -0.5363426168861359
571 -0.53635008249352
572 -0.5363426224579734
573 -0.5363500997134205
574 -0.5363426282273023
575 -0.5363500914225803
576 -0.5363426195680236
577 -0.5363500955848162
578 -0.5363426352520647
579 -0.5363500998010571
580 -0.5363426252731867
581 -0.5363500895172264
582 -0.5363426277225984
583 -0.5363501034613167
584 -0.5363426301570042
585 -0.536350091682588
586 -0.5363426180495635
587 -0.5363500921986145
588 -0.5363426301604204
589 -0.5363500927590856
590 -0.5363426165991521
591 -0.5363500788407061
592 -0.5363426155248683
593 -0.5363500893666411
594 -0.5363426147032107
595 -0.5363500746318155
596 -0.5363425998860384
597 -0.536350072809417
598 -0.5363426099530267
599 -0.5363500718082459
600 -0.5363425952181283
601 -0.5363500571958246
602 -0.5363425938488745
603 -0.536350067876547
604 -0.5363425935405357
605 -0.5363500540353148
606 -0.5363425799084706
607 -0.5363500537199403
608 -0.5363425917132078
609 -0.5363500546743533
610 -0.5363425790724416
611 -0.5363500423392115
612 -0.5363425801072811
613 -0.5363500555730237
614 -0.536342582423917
615 -0.5363500444464149
616 -0.5363425715700874
617 -0.5363500470226129
618 -0.5363425863522734
619 -0.536350050970324
620 -0.5363425768336267
621 -0.5363500417526961
622 -0.5363425810788364
623 -0.5363500581577165
624 -0.5363425867228616
625 -0.5363500502516676
626 -0.5363425791558059
627 -0.5363500560126697
628 -0.5363425970980401
629 -0.5363500629773059
630 -0.5363425904956709
631 -0.5363500565326002
632 -0.5363425972236734
633 -0.5363500751934204
634 -0.5363426047952383
635 -0.5363500689548627
636 -0.5363425984614406
637 -0.5363500756103992
638 -0.5363426168473365
639 -0.5363500826824036
640 -0.536342609933057
641 -0.5363500756116661
642 -0.5363426156865023
643 -0.5363500930546125
644 -0.5363426217345053
645 -0.5363500850854594
646 -0.5363426134589632
647 -0.5363500896806548
648 -0.536342629636302
649 -0.536350094429573
650 -0.5363426202593212
651 -0.5363500848244978
652 -0.5363426234193572
653 -0.5363500995981308
654 -0.5363426267083551
655 -0.536350088779635
656 -0.5363426156070656
657 -0.5363500904120458
658 -0.5363426288740066
659 -0.5363500921723519
660 -0.5363426165465599
661 -0.5363500795045524
662 -0.5363426167671181
663 -0.5363500912924656
664 -0.5363426171702036
665 -0.5363500776928137
666 -0.5363426034175188
667 -0.5363500768329178
668 -0.5363426143549196
669 -0.5363500765780755
670 -0.5363426002631507
671 -0.536350062495198
672 -0.5363425993295643
673 -0.5363500735133643
674 -0.5363425992740836
675 -0.5363500598402476
676 -0.5363425857427178
677 -0.536350059554347
678 -0.5363425975205355
679 -0.5363500604181446
680 -0.5363425847365275
681 -0.5363500478746674
682 -0.5363425855097457
683 -0.5363500607777405
684 -0.5363425874369849
685 -0.5363500491946092
686 -0.5363425760767869
687 -0.5363500511875098
688 -0.5363425901950299
689 -0.5363500544246032
690 -0.536342579842523
691 -0.5363500443537813
692 -0.5363425831505749
693 -0.5363500598004327
694 -0.5363425877398212
695 -0.5363500508043836
696 -0.5363425790413763
697 -0.5363500554228252
698 -0.5363425958367447
699 -0.5363500612202725
700 -0.5363425880900469
701 -0.5363500536454398
702 -0.5363425937700304
703 -0.5363500713203543
704 -0.5363426004443818
705 -0.536350064257557
706 -0.536342593408914
707 -0.5363500703231311
708 -0.5363426113298478
709 -0.5363500770242874
710 -0.5363426041543283
711 -0.5363500697787155
712 -0.5363426098282605
713 -0.5363500872134661
714 -0.5363426159499304
715 -0.5363500793791401
716 -0.5363426078805419
717 -0.5363500842369101
718 -0.5363426243859557
719 -0.5363500893659154
720 -0.5363426154554923
721 -0.5363500802477659
722 -0.5363426191535111
723 -0.5363500956278544
724 -0.5363426231014752
725 -0.5363500855429049
726 -0.5363426127410081
727 -0.5363500880164614
728 -0.536342626878154
729 -0.5363500907096227
730 -0.5363426155177523
731 -0.5363500790618747
732 -0.5363426167674692
733 -0.5363500919005187
734 -0.5363426182217542
735 -0.5363500793247157
736 -0.5363426054832786
737 -0.5363500794347229
738 -0.5363426173606263
739 -0.5363500800276979
740 -0.536342604037085
741 -0.5363500666171684
742 -0.536342603700622
743 -0.5363500781316137
744 -0.5363426040490391
745 -0.5363500647628279
746 -0.5363425907455763
747 -0.5363500646200239
748 -0.5363426026014277
749 -0.5363500654879166
750 -0.5363425897659511
751 -0.5363500528296012
752 -0.536342590376411
753 -0.5363500655127831
754 -0.5363425920375579
755 -0.5363500536131044
756 -0.5363425803223257
757 -0.5363500551963137
758 -0.5363425939936176
759 -0.5363500579431019
760 -0.5363425830894183
761 -0.5363500472776188
762 -0.5363425857393844
763 -0.536350062039861
764 -0.5363425895485061
765 -0.5363500522637294
766 -0.5363425800085073
767 -0.5363500560175201
768 -0.5363425959044643
769 -0.5363500609025479
770 -0.5363425872262273
771 -0.5363500524033845
772 -0.53634259201159
773 -0.5363500692047891
774 -0.5363425978467209
775 -0.5363500613323249
776 -0.5363425900754646
777 -0.5363500667234333
778 -0.53634260741174
779 -0.5363500728988139
780 -0.5363425997982845
781 -0.5363500652843768
782 -0.5363426051955383
783 -0.5363500825083453
784 -0.5363426111870452
785 -0.5363500746038118
786 -0.5363426031228518
787 -0.5363500795226083
788 -0.5363426197560541
789 -0.5363500848306537
790 -0.5363426110667052
791 -0.5363500759981978
792 -0.536342615101015
793 -0.5363500917514178
794 -0.5363426194765039
795 -0.5363500821426679
796 -0.5363426096273008
797 -0.5363500852028533
798 -0.5363426243632061
799 -0.5363500885525727
800 -0.5363426136773741
801 -0.5363500776471184
802 -0.5363426157055139
803 -0.5363500913143657
804 -0.5363426180053023
805 -0.5363500795989051
806 -0.536342606122026
807 -0.5363500805681108
808 -0.5363426188476427
809 -0.5363500819682548
810 -0.536342606300434
811 -0.5363500692822443
812 -0.5363426066523677
813 -0.5363500814162636
814 -0.5363426075562239
815 -0.5363500685175597
816 -0.5363425946594945
817 -0.5363500687004812
818 -0.5363426067775151
819 -0.5363500697486415
820 -0.5363425940617017
821 -0.5363500571384709
822 -0.5363425946669234
823 -0.5363500697531558
824 -0.5363425962114526
825 -0.5363500576830624
826 -0.5363425842829314
827 -0.5363500590022983
828 -0.5363425976525894
829 -0.5363500614073782
830 -0.5363425863783651
831 -0.5363500503304163
832 -0.5363425885782418
833 -0.536350064606064
834 -0.5363425918333254
835 -0.5363500542626324
836 -0.536342581671884
837 -0.5363500573793715
838 -0.5363425968825746
839 -0.5363500615781953
840 -0.5363425874718939
841 -0.5363500523282652
842 -0.5363425915024392
843 -0.5363500683774052
844 -0.5363425965818296
845 -0.5363500597676442
846 -0.5363425881066133
847 -0.5363500644847056
848 -0.5363426048222517
849 -0.5363500700775489
850 -0.5363425966844081
851 -0.5363500619853998
852 -0.5363426016791693
853 -0.5363500788582614
854 -0.5363426073881349
855 -0.5363500707238442
856 -0.5363425991665136
857 -0.5363500755370971
858 -0.5363426157620924
859 -0.5363500808574984
860 -0.5363426071473523
861 -0.5363500721461975
862 -0.5363426113565678
863 -0.5363500881110642
864 -0.5363426159970609
865 -0.5363500788045152
866 -0.5363426064924965
867 -0.536350082260589
868 -0.5363426216549014
869 -0.536350086080203
870 -0.5363426114675813
871 -0.5363500757288019
872 -0.5363426140440971
873 -0.5363500899962316
874 -0.5363426169665556
875 -0.5363500789360142
876 -0.5363426057627818
877 -0.536350080615644
878 -0.536342619202383
879 -0.5363500827224355
880 -0.5363426073498735
881 -0.5363500707138178
882 -0.5363426083547265
883 -0.5363500834660569
884 -0.536342609843112
885 -0.5363500710950758
886 -0.5363425974321854
887 -0.536350071705838
888 -0.5363426099309456
889 -0.5363500730645463
890 -0.5363425974752534
891 -0.5363500606492864
892 -0.5363425982259559
893 -0.536350073347607
894 -0.5363425998079738
895 -0.5363500612580449
896 -0.5363425878162713
897 -0.5363500624622336
898 -0.5363426010310488
899 -0.5363500646692374
900 -0.5363425895287365
901 -0.5363500533227498
902 -0.536342591428512
903 -0.5363500672603728
904 -0.5363425943054194
905 -0.5363500565134238
906 -0.5363425836994317
907 -0.5363500591579955
908 -0.5363425983974585
909 -0.5363500628451979
910 -0.5363425884254895
911 -0.5363500530309917
912 -0.5363425918713086
913 -0.5363500684918331
914 -0.5363425963336621
915 -0.5363500592530348
916 -0.5363425872329995
917 -0.5363500633556016
918 -0.5363426033565384
919 -0.5363500683776812
920 -0.5363425946781477
921 -0.5363500597754913
922 -0.5363425992166637
923 -0.5363500762286532
924 -0.5363426045559843
925 -0.5363500677666527
926 -0.53634259606776
927 -0.5363500723564861
928 -0.5363426125010144
929 -0.5363500775587986
930 -0.5363426038249736
931 -0.5363500688288267
932 -0.5363426080685744
933 -0.5363500848665393
934 -0.5363426128316839
935 -0.5363500757178965
936 -0.5363426035280577
937 -0.5363500794098468
938 -0.5363426189624586
939 -0.5363500835354527
940 -0.5363426091163348
941 -0.5363500735690544
942 -0.5363426120898958
943 -0.5363500882768735
944 -0.5363426154719433
945 -0.5363500777077649
946 -0.5363426047591028
947 -0.5363500799184537
948 -0.5363426187523673
949 -0.5363500825927325
950 -0.5363426074749
951 -0.5363500711681551
952 -0.5363426090588612
953 -0.5363500844917559
954 -0.5363426111030219
955 -0.5363500726457794
956 -0.5363425991889044
957 -0.5363500737193592
958 -0.5363426121174564
959 -0.536350075455686
960 -0.5363426000028568
961 -0.5363500633301586
962 -0.5363426010019456
963 -0.5363500762241253
964 -0.5363426027400252
965 -0.5363500642372351
966 -0.5363425908108803
967 -0.5363500654551594
968 -0.5363426040015777
969 -0.5363500675938567
970 -0.5363425923974732
971 -0.5363500561048754
972 -0.53634259412384
973 -0.5363500698318954
974 -0.5363425967641436
975 -0.536350058818657
976 -0.536342585861118
977 -0.5363500611347789
978 -0.5363426001990307
979 -0.5363500644466102
980 -0.5363425898083467
981 -0.5363500541992674
982 -0.5363425927988436
983 -0.5363500692002867
984 -0.5363425967662149
985 -0.5363500594761282
986 -0.5363425871672879
987 -0.5363500630792049
988 -0.5363426027892393
989 -0.5363500675961096
990 -0.5363425936095112
991 -0.5363500585037796
992 -0.536342597688204
993 -0.536350074520532
994 -0.5363426026196778
995 -0.5363500656787925
996 -0.5363425937972184
997 -0.5363500699688605
998 -0.5363426099809319
999 -0.5363500749579804
1000 -0.5363426011402073
1001 -0.5363500661006773
1002 -0.5363426053067749
1003 -0.5363500820983456
1004 -0.5363426100755337
1005 -0.5363500729889868
1006 -0.5363426008534667
1007 -0.5363500767925945
1008 -0.5363426164367067
1009 -0.5363500810960239
1010 -0.5363426068042072
1011 -0.5363500713771039
1012 -0.5363426100474766
1013 -0.5363500863899652
1014 -0.5363426137603254
1015 -0.5363500761784662
1016 -0.5363426034131542
1017 -0.5363500787909254
1018 -0.5363426178091829
1019 -0.5363500818878545
1020 -0.5363426069645201
1021 -0.5363500709187318
1022 -0.5363426090191253
1023 -0.536350084724372
1024 -0.5363426115454206
1025 -0.5363500733520919
1026 -0.5363426000964041
1027 -0.5363500748787569
1028 -0.5363426134586928
1029 -0.5363500770154342
1030 -0.5363426017196232
1031 -0.5363500652299599
1032 -0.5363426030264244
1033 -0.5363500783907964
1034 -0.5363426049991971
1035 -0.5363500665923078
1036 -0.5363425932232746
1037 -0.5363500679204305
1038 -0.5363426064899713
1039 -0.5363500700926369
1040 -0.5363425948869629
1041 -0.5363500585663397
1042 -0.5363425965461375
1043 -0.5363500721909353
1044 -0.5363425990599066
1045 -0.536350061021008
1046 -0.5363425879758267
1047 -0.5363500631254021
1048 -0.5363426020774413
1049 -0.5363500661798489
1050 -0.5363425913958505
1051 -0.5363500556209861
1052 -0.5363425940546823
1053 -0.5363500702756835
1054 -0.5363425976419862
1055 -0.5363500601732197
1056 -0.5363425876467822
1057 -0.5363500633733368
1058 -0.5363426028542621
1059 -0.5363500674871903
1060 -0.5363425932593407
1061 -0.5363500579801159
1062 -0.5363425969333268
1063 -0.5363500736013334
1064 -0.5363426014754464
1065 -0.5363500643775095
1066 -0.5363425922969159
1067 -0.5363500683361538
1068 -0.536342608183249
1069 -0.5363500730505849
1070 -0.536342599103667
1071 -0.5363500639843934
1072 -0.5363426031056221
1073 -0.536350079850869
1074 -0.536342607783287
1075 -0.5363500706803157
1076 -0.5363425985412015
1077 -0.5363500744933509
1078 -0.5363426141715405
1079 -0.5363500788711384
1080 -0.5363426046488184
1081 -0.5363500692898296
1082 -0.5363426080567348
1083 -0.5363500844969842
1084 -0.5363426119918056
1085 -0.536350074531125
1086 -0.5363426019066156
1087 -0.536350077436569
1088 -0.5363426166042259
1089 -0.5363500808537822
1090 -0.5363426060923285
1091 -0.5363500702400283
1092 -0.5363426084982381
1093 -0.5363500844149797
1094 -0.5363426114008095
1095 -0.5363500734245263
1096 -0.5363426003367848
1097 -0.5363500753422068
1098 -0.5363426140934535
1099 -0.5363500778584832
1100 -0.5363426027195564
1101 -0.5363500664205171
1102 -0.5363426043564967
1103 -0.5363500798854345
1104 -0.5363426066093374
1105 -0.5363500683313657
1106 -0.5363425950497114
1107 -0.5363500698413419
1108 -0.5363426084696321
1109 -0.5363500721279288
1110 -0.5363425969509534
1111 -0.5363500606503674
1112 -0.5363425986310724
1113 -0.5363500742622606
1114 -0.536342601107092
1115 -0.5363500630243113
1116 -0.5363425899323276
1117 -0.5363500650088413
1118 -0.5363426038924655
1119 -0.5363500678989741
1120 -0.536342593021796
1121 -0.5363500571289794
1122 -0.5363425954518608
1123 -0.5363500715364807
1124 -0.5363425987636822
1125 -0.5363500611505806
1126 -0.5363425884672423
1127 -0.5363500640372599
1128 -0.53634260334691
1129 -0.5363500678288819
1130 -0.5363425934120386
1131 -0.5363500579824922
1132 -0.5363425967470332
1133 -0.5363500732683462
1134 -0.5363426009473188
1135 -0.5363500637114593
1136 -0.5363425914455581
1137 -0.5363500673572327
1138 -0.5363426070360179
1139 -0.5363500717877737
1140 -0.5363425976918317
1141 -0.5363500624754614
1142 -0.5363426014798319
1143 -0.5363500781524104
1144 -0.5363426059970624
1145 -0.5363500688441806
1146 -0.5363425966528057
1147 -0.5363500725810733
1148 -0.536342612242162
1149 -0.5363500769430342
1150 -0.5363426027371647
1151 -0.5363500674041427
1152 -0.5363426062175105
1153 -0.5363500827094289
1154 -0.5363426102797825
1155 -0.5363500728929318
1156 -0.5363426003656833
1157 -0.5363500759968416
1158 -0.5363426152773129
1159 -0.536350079646182
1160 -0.5363426050141928
1161 -0.536350069302667
1162 -0.5363426076899653
1163 -0.5363500837657239
1164 -0.5363426108903123
1165 -0.536350073081853
1166 -0.5363426001304945
1167 -0.5363500753165378
1168 -0.5363426142067118
1169 -0.5363500781499038
1170 -0.5363426031458191
1171 -0.5363500670219249
1172 -0.5363426050914769
1173 -0.5363500807843978
1174 -0.5363426076266581
1175 -0.5363500694907363
1176 -0.5363425963104311
1177 -0.5363500712220555
1178 -0.5363426099330959
1179 -0.5363500736802965
1180 -0.536342598560318
1181 -0.5363500623189246
1182 -0.5363426003335667
1183 -0.536350075993611
1184 -0.5363426028478069
1185 -0.5363500647642008
1186 -0.5363425916595199
1187 -0.5363500667073309
1188 -0.5363426055574902
1189 -0.5363500695111812
1190 -0.5363425945802045
1191 -0.5363500586119101
1192 -0.5363425968642214
1193 -0.5363500728533618
1194 -0.5363425999869726
1195 -0.5363500622656027
1196 -0.5363425894721838
1197 -0.53635006491908
1198 -0.5363426041044332
1199 -0.5363500684602976
1200 -0.5363425939004547
1201 -0.5363500583396894
1202 -0.5363425969573715
1203 -0.5363500733465922
1204 -0.5363426008674392
1205 -0.5363500635096587
1206 -0.536342591087137
1207 -0.5363500668778288
1208 -0.5363426064066186
1209 -0.5363500710507543
1210 -0.5363425968115905
1211 -0.5363500614975405
1212 -0.5363426003785849
1213 -0.5363500769671107
1214 -0.5363426047050565
1215 -0.5363500674852677
1216 -0.5363425952127989
1217 -0.5363500710921321
1218 -0.5363426106998791
1219 -0.5363500753730082
1220 -0.5363426011411059
1221 -0.5363500658007969
1222 -0.5363426046167797
1223 -0.5363500811228298
1224 -0.5363426087229441
1225 -0.536350071370994
1226 -0.5363425988976197
1227 -0.5363500745872392
1228 -0.5363426139414138
1229 -0.5363500783868637
1230 -0.5363426038481665
1231 -0.5363500682337419
1232 -0.5363426067219156
1233 -0.5363500829130243
1234 -0.5363426101516451
1235 -0.5363500724691769
1236 -0.5363425996332191
1237 -0.536350074959827
1238 -0.5363426139638177
1239 -0.5363500780507512
1240 -0.5363426031634378
1241 -0.5363500671875631
1242 -0.5363426053701636
1243 -0.5363500812097852
1244 -0.5363426081594381
1245 -0.5363500701594945
1246 -0.5363425970779218
1247 -0.5363500721153649
1248 -0.536342610916605
1249 -0.5363500747686655
1250 -0.5363425997202903
1251 -0.5363500635629975
1252 -0.5363426016335849
1253 -0.5363500773539893
1254 -0.5363426042431479
1255 -0.5363500661936873
1256 -0.53634259310442
1257 -0.536350068161584
1258 -0.5363426070081836
1259 -0.5363500709470342
1260 -0.536342595993993
1261 -0.5363500599882618
1262 -0.5363425982017802
1263 -0.5363500741327408
1264 -0.53634260120842
1265 -0.5363500634130612
1266 -0.5363425905461101
1267 -0.53635006590257
1268 -0.5363426050007375
1269 -0.5363500692581468
1270 -0.5363425945934095
1271 -0.5363500589254547
1272 -0.5363425974321285
1273 -0.5363500737089394
1274 -0.5363426011054657
1275 -0.5363500636393195
1276 -0.5363425910898628
1277 -0.5363500667697154
1278 -0.5363426061726518
1279 -0.536350070716499
1280 -0.5363425963511461
1281 -0.5363500609422046
1282 -0.5363425997087615
1283 -0.5363500762100979
1284 -0.5363426038412183
1285 -0.5363500665488594
1286 -0.5363425941862284
1287 -0.5363500700032879
1288 -0.5363426095403543
1289 -0.5363500741686916
1290 -0.5363425998853669
1291 -0.5363500645156273
1292 -0.5363426033039086
1293 -0.5363500797972369
1294 -0.5363426073916346
1295 -0.5363500700452452
1296 -0.5363425975886552
1297 -0.5363500733026929
1298 -0.5363426126939911
1299 -0.5363500771809716
1300 -0.5363426026992896
1301 -0.5363500671448863
1302 -0.5363426057027341
1303 -0.5363500819712776
1304 -0.536342609294899
1305 -0.5363500717018651
1306 -0.5363425989576904
1307 -0.5363500743891573
1308 -0.5363426134875833
1309 -0.5363500776856045
1310 -0.5363426028992158
1311 -0.5363500670421081
1312 -0.5363426053199258
1313 -0.5363500812824334
1314 -0.5363426083287526
1315 -0.5363500704478704
1316 -0.5363425974567099
1317 -0.536350072610933
1318 -0.5363426114969447
1319 -0.5363500754535842
1320 -0.536342600480222
1321 -0.5363500644155367
1322 -0.5363426025507926
1323 -0.5363500783481052
1324 -0.5363426052873301
1325 -0.5363500672946065
1326 -0.5363425942401601
1327 -0.5363500693347708
1328 -0.5363426082007018
1329 -0.536350072155279
1330 -0.5363425972054419
1331 -0.5363500611948818
1332 -0.5363425993957786
1333 -0.5363500753019881
1334 -0.5363426023487985
1335 -0.5363500645114243
1336 -0.5363425916008341
1337 -0.5363500668981729
1338 -0.5363426059394525
1339 -0.5363500701263281
1340 -0.5363425953884461
1341 -0.5363500596387969
1342 -0.5363425980647113
1343 -0.5363500742515369
1344 -0.5363426015535834
1345 -0.5363500639961765
1346 -0.5363425913469176
1347 -0.5363500669304848
1348 -0.536342606231253
1349 -0.5363500706842201
1350 -0.5363425962124128
1351 -0.536350060714476
1352 -0.5363425993809827
1353 -0.5363500757975544
1354 -0.5363426033304112
1355 -0.5363500659646298
1356 -0.5363425935138662
1357 -0.536350069263102
1358 -0.5363426087248455
1359 -0.5363500732995192
1360 -0.5363425989531406
1361 -0.5363500635407674
1362 -0.5363426022841942
1363 -0.5363500787474629
1364 -0.536342606313057
1365 -0.5363500689520733
1366 -0.536342596485435
1367 -0.536350072199223
1368 -0.5363426115986284
1369 -0.5363500761006534
1370 -0.5363426016448791
1371 -0.5363500661211386
1372 -0.5363426047193733
1373 -0.5363500810341093
1374 -0.5363426084136468
1375 -0.5363500708790356
1376 -0.5363425982009637
1377 -0.5363500737057733
1378 -0.5363426128771771
1379 -0.53635007715678
1380 -0.5363426024522864
1381 -0.5363500666862948
1382 -0.5363426050440522
1383 -0.5363500811045561
1384 -0.5363426082357927
1385 -0.5363500704534082
1386 -0.5363425975436018
1387 -0.536350072798835
1388 -0.5363426117612947
1389 -0.5363500758128696
1390 -0.5363426009128395
1391 -0.5363500649375035
1392 -0.5363426031372448
1393 -0.5363500790150401
1394 -0.5363426060108337
1395 -0.5363500680846515
1396 -0.5363425950755284
1397 -0.5363500702235666
1398 -0.5363426091229875
1399 -0.5363500731135942
1400 -0.5363425981848435
1401 -0.5363500621936111
1402 -0.5363426004017809
1403 -0.5363500763101048
1404 -0.5363426033508066
1405 -0.5363500654988831
1406 -0.5363425925687465
1407 -0.5363500678352765
1408 -0.5363426068445138
1409 -0.5363500709874763
1410 -0.5363425962032329
1411 -0.5363500603972041
1412 -0.5363425987680358
1413 -0.5363500748881289
1414 -0.5363426021219367
1415 -0.5363500644927728
1416 -0.5363425917683153
1417 -0.5363500672729854
1418 -0.5363426064938139
1419 -0.5363500708686737
1420 -0.5363425963101659
1421 -0.5363500607330365
1422 -0.5363425993155351
1423 -0.5363500756542183
1424 -0.536342603101023
1425 -0.5363500656647451
1426 -0.5363425931333323
1427 -0.5363500688146537
1428 -0.5363426082035073
1429 -0.5363500727209605
1430 -0.5363425983085871
1431 -0.536350062846629
1432 -0.5363426015374513
1433 -0.5363500779603931
1434 -0.5363426054841897
1435 -0.5363500680956065
1436 -0.5363425956018001
1437 -0.5363500712985714
1438 -0.5363426106857391
1439 -0.5363500751839679
1440 -0.5363426007305332
1441 -0.5363500652156789
1442 -0.5363426038303164
1443 -0.536350080167087
1444 -0.5363426075771478
1445 -0.5363500700761937
1446 -0.5363425974400787
1447 -0.5363500729918858
1448 -0.5363426122143642
1449 -0.5363500765500094
1450 -0.5363426019067311
1451 -0.5363500662069408
1452 -0.5363426046281635
1453 -0.5363500807631486
1454 -0.5363426079647386
1455 -0.5363500702600251
1456 -0.5363425974202727
1457 -0.5363500727585292
1458 -0.5363426117886569
1459 -0.536350075921446
1460 -0.5363426010897522
1461 -0.5363500651944044
1462 -0.5363426034549366
1463 -0.5363500794087679
1464 -0.5363426064622749
1465 -0.5363500686032558
1466 -0.5363425956436118
1467 -0.5363500708510066
1468 -0.5363426097909118
1469 -0.536350073828091
1470 -0.5363425989314461
1471 -0.5363500629744921
1472 -0.5363426012032
1473 -0.5363500771322838
1474 -0.5363426041832622
1475 -0.5363500663375922
1476 -0.5363425934061182
1477 -0.5363500686648682
1478 -0.5363426076615413
1479 -0.5363500717836756
1480 -0.5363425969748327
1481 -0.5363500611355706
1482 -0.5363425994726759
1483 -0.5363500755484231
1484 -0.5363426027366223
1485 -0.5363500650556673
1486 -0.5363425922777905
1487 -0.5363500677221668
1488 -0.536342606883512
1489 -0.5363500711954392
1490 -0.5363425965693932
1491 -0.5363500609257303
1492 -0.5363425994404321
1493 -0.5363500757112057
1494 -0.5363426030857513
1495 -0.536350065585383
1496 -0.5363425929837172
1497 -0.5363500686012048
1498 -0.5363426079237545
1499 -0.536350072384613
1500 -0.5363425979087707
1501 -0.5363500623950193
1502 -0.5363426010317659
1503 -0.5363500774093832
1504 -0.536342604885641
1505 -0.5363500674618226
1506 -0.5363425949313281
1507 -0.5363500706004158
1508 -0.5363426099624974
1509 -0.5363500744441433
1510 -0.5363425999767715
1511 -0.5363500644553623
1512 -0.5363426030685575
1513 -0.5363500794095356
1514 -0.5363426068300169
1515 -0.5363500693438042
1516 -0.5363425967292451
1517 -0.5363500723070974
1518 -0.5363426115608367
1519 -0.5363500759315476
1520 -0.5363426013297213
1521 -0.5363500656747461
1522 -0.5363426041424441
1523 -0.5363500803308804
1524 -0.5363426075868497
1525 -0.5363500699404815
1526 -0.5363425971575826
1527 -0.5363500725609182
1528 -0.5363426116482892
1529 -0.5363500758471552
1530 -0.536342601075636
1531 -0.5363500652481432
1532 -0.5363426035638603
1533 -0.5363500795850509
1534 -0.5363426066936928
1535 -0.5363500688970234
1536 -0.5363425959868217
1537 -0.5363500712528072
1538 -0.5363426102354776
1539 -0.5363500743225098
1540 -0.5363425994636342
1541 -0.5363500635482695
1542 -0.5363426018052397
1543 -0.5363500777661427
1544 -0.5363426048381549
1545 -0.5363500670126072
1546 -0.536342594092561
1547 -0.5363500693602918
1548 -0.5363426083587703
1549 -0.5363500724781273
1550 -0.5363425976614034
1551 -0.5363500618081496
1552 -0.536342600128494
1553 -0.5363500761795678
1554 -0.536342603340856
1555 -0.5363500656267103
1556 -0.5363425928139791
1557 -0.5363500682161801
1558 -0.5363426073360053
1559 -0.5363500716008343
1560 -0.536342596924988
1561 -0.5363500612289541
1562 -0.5363425996915404
1563 -0.5363500759064106
1564 -0.5363426032229146
1565 -0.5363500656673846
1566 -0.536342593007188
1567 -0.5363500685679157
1568 -0.5363426078331439
1569 -0.5363500722414367
1570 -0.5363425977081755
1571 -0.5363500621442251
1572 -0.5363426007296433
1573 -0.5363500770610556
1574 -0.5363426044891481
1575 -0.5363500670266497
1576 -0.5363425944555686
1577 -0.536350070091048
1578 -0.5363426094210872
1579 -0.5363500738780963
1580 -0.5363425993866388
1581 -0.5363500638482851
1582 -0.5363426024478483
1583 -0.5363500787804425
1584 -0.5363426061966253
1585 -0.5363500687112495
1586 -0.5363425961023488
1587 -0.5363500716902324
1588 -0.536342610958853
1589 -0.5363500753480823
1590 -0.5363426007705181
1591 -0.536350065142859
1592 -0.5363426036412406
1593 -0.536350079865237
1594 -0.5363426071599269
1595 -0.536350069554839
1596 -0.5363425968150144
1597 -0.5363500722668355
1598 -0.5363426113998815
1599 -0.5363500756500246
1600 -0.5363426009284371
1601 -0.5363500651557429
1602 -0.5363426035191546
1603 -0.5363500795969859
1604 -0.5363426067552856
1605 -0.5363500690132064
1606 -0.5363425961493794
1607 -0.5363500714691508
1608 -0.5363426104937044
1609 -0.5363500746290493
1610 -0.5363425998095871
1611 -0.5363500639375853
1612 -0.5363426022264147
1613 -0.5363500782242112
1614 -0.5363426053234757
1615 -0.5363500675259733
1616 -0.5363425946255362
1617 -0.5363500699131144
1618 -0.5363426089232824
1619 -0.5363500730526332
1620 -0.5363425982401481
1621 -0.5363500623874953
1622 -0.5363426007039138
1623 -0.5363500767461629
1624 -0.5363426038952348
1625 -0.536350066163765
1626 -0.5363425933312939
1627 -0.5363500687075441
1628 -0.5363426078009582
1629 -0.5363500720337009
1630 -0.5363425973236213
1631 -0.5363500615893412
1632 -0.5363426000140847
1633 -0.5363500761858495
1634 -0.5363426034581054
1635 -0.5363500658578868
1636 -0.5363425931511751
1637 -0.5363500686640845
1638 -0.5363426078819955
1639 -0.5363500722441222
1640 -0.5363425976615217
1641 -0.5363500620518303
1642 -0.5363426005913851
1643 -0.5363500768789055
1644 -0.536342604261735
1645 -0.5363500667604534
1646 -0.5363425941489331
1647 -0.536350069748623
1648 -0.5363426090440998
1649 -0.5363500734722039
1650 -0.5363425989513636
1651 -0.5363500633897339
1652 -0.5363426019682412
1653 -0.5363500782841205
1654 -0.5363426056861128
1655 -0.5363500681918166
1656 -0.5363425955770902
1657 -0.5363500711632775
1658 -0.5363426104342029
1659 -0.5363500748293804
1660 -0.5363426002621925
1661 -0.5363500646480723
1662 -0.5363426031636266
1663 -0.5363500794086048
1664 -0.5363426067279899
1665 -0.5363500691498064
1666 -0.5363425964399759
1667 -0.5363500719256669
1668 -0.5363426110926802
1669 -0.536350075380566
1670 -0.536342600697968
1671 -0.5363500649674573
1672 -0.536342603369875
1673 -0.5363500794930559
1674 -0.5363426066935382
1675 -0.5363500689968798
1676 -0.5363425961741117
1677 -0.5363500715405946
1678 -0.5363426106038128
1679 -0.5363500747829714
1680 -0.5363426000015593
1681 -0.5363500641709784
1682 -0.5363426024922298
1683 -0.5363500785276557
1684 -0.5363426056568349
1685 -0.5363500678906895
1686 -0.5363425950143694
1687 -0.536350070327774
1688 -0.536342609355807
1689 -0.536350073503209
1690 -0.5363425987031568
1691 -0.5363500628611982
1692 -0.5363426011828729
1693 -0.5363500772280489
1694 -0.5363426043758911
1695 -0.5363500666395947
1696 -0.5363425937991306
1697 -0.5363500691628832
1698 -0.5363426082420469
1699 -0.5363500724558349
1700 -0.5363425977245714
1701 -0.536350061965012
1702 -0.5363426003642537
1703 -0.5363500765052615
1704 -0.5363426037457841
1705 -0.5363500661117158
1706 -0.5363425933699866
1707 -0.5363500688449634
1708 -0.5363426080257
1709 -0.5363500723494754
1710 -0.5363425977264323
1711 -0.5363500620772721
1712 -0.5363426005778631
1713 -0.5363500768260726
1714 -0.5363426041687973
1715 -0.5363500666312007
1716 -0.5363425939821813
1717 -0.536350069546811
1718 -0.5363426088084203
1719 -0.536350073206365
1720 -0.5363425986545327
1721 -0.5363500630665581
1722 -0.5363426016203763
1723 -0.5363500779146764
1724 -0.536342605296623
1725 -0.5363500677870688
1726 -0.5363425951589473
1727 -0.5363500707353269
1728 -0.5363426099996121
1729 -0.5363500743916075
1730 -0.5363425998243176
1731 -0.53635006421332
1732 -0.5363426027352746
1733 -0.5363500789898074
1734 -0.5363426063221814
1735 -0.5363500687592688
1736 -0.536342596067948
1737 -0.5363500715752204
1738 -0.5363426107653408
1739 -0.5363500750791581
1740 -0.536342600424891
1741 -0.536350064725073
1742 -0.5363426031575025
1743 -0.5363500793152526
1744 -0.5363426065495925
1745 -0.5363500688889383
1746 -0.5363425961005108
1747 -0.5363500715055515
1748 -0.5363426106024984
1749 -0.5363500748192997
1750 -0.5363426000724242
1751 -0.5363500642790203
1752 -0.5363426026310383
1753 -0.536350078701917
1754 -0.5363426058609609
1755 -0.5363500681261627
1756 -0.5363425952755956
1757 -0.5363500706170478
1758 -0.5363426096661551
1759 -0.5363500738358263
1760 -0.5363425990531628
1761 -0.5363500632280875
1762 -0.5363426015611026
1763 -0.5363500776171518
1764 -0.5363426047715071
1765 -0.5363500670394674
1766 -0.536342594199704
1767 -0.5363500695613356
1768 -0.5363426086356112
1769 -0.5363500728411357
1770 -0.5363425980991366
1771 -0.5363500623253693
1772 -0.5363426007093314
1773 -0.5363500768306405
1774 -0.5363426040502223
1775 -0.5363500663925328
1776 -0.5363425936260832
1777 -0.5363500690729331
1778 -0.5363426082260473
1779 -0.5363500725198663
1780 -0.5363425978653424
1781 -0.5363500621839763
1782 -0.5363426006530024
1783 -0.5363500768678261
1784 -0.5363426041767415
1785 -0.5363500666070423
1786 -0.5363425939251696
1787 -0.5363500694576042
1788 -0.5363426086882128
1789 -0.5363500730570743
1790 -0.5363425984753085
1791 -0.5363500628604935
1792 -0.5363426013888494
1793 -0.5363500776594863
1794 -0.5363426050187321
1795 -0.5363500674903817
1796 -0.5363425948445564
1797 -0.536350070406028
1798 -0.5363426096579197
1799 -0.536350074040512
1800 -0.5363425994658084
1801 -0.5363500638504463
1802 -0.5363426023707849
1803 -0.5363500786263002
1804 -0.5363426059624995
1805 -0.536350068405805
1806 -0.5363425957235519
1807 -0.536350071242487
1808 -0.5363426104463385
1809 -0.5363500747762358
1810 -0.5363426001406978
1811 -0.5363500644615961
1812 -0.5363426029154464
1813 -0.5363500790980064
1814 -0.5363426063578708
1815 -0.5363500687243437
1816 -0.5363425959630735
1817 -0.5363500713984295
1818 -0.5363426105232043
1819 -0.5363500747707545
1820 -0.5363426000534793
1821 -0.5363500642917166
1822 -0.536342602671273
1823 -0.5363500787736259
1824 -0.5363426059605232
1825 -0.5363500682548495
1826 -0.53634259542951
1827 -0.536350070798536
1828 -0.5363426098696219
1829 -0.5363500740628534
1830 -0.5363425992999412
1831 -0.5363500634947996
1832 -0.5363426018427
1833 -0.5363500779143381
1834 -0.5363426050802124
1835 -0.5363500673584302
1836 -0.536342594525397
1837 -0.5363500698923053
1838 -0.5363426089685366
1839 -0.5363500731738997
1840 -0.5363425984291438
1841 -0.5363500626500056
1842 -0.5363426010267894
1843 -0.5363500771376599
1844 -0.536342604345188
1845 -0.5363500666728692
1846 -0.5363425938904939
1847 -0.536350069318223
1848 -0.5363426084521687
1849 -0.536350072724175
1850 -0.5363425980465351
1851 -0.5363500623404687
1852 -0.5363426007852439
1853 -0.5363500769732676
1854 -0.5363426042550451
1855 -0.5363500666584384
1856 -0.5363425939491533
1857 -0.536350069453604
1858 -0.5363426086573513
1859 -0.5363500729998664
1860 -0.5363425983910027
1861 -0.5363500627507872
1862 -0.5363426012549453
1863 -0.536350077501986
1864 -0.5363426048382808
1865 -0.5363500672898286
1866 -0.5363425946245491
1867 -0.5363500701684653
1868 -0.5363426094048397
1869 -0.5363500737742349
1870 -0.5363425991875386
1871 -0.5363500635628249
1872 -0.5363426020760595
1873 -0.5363500783264853
1874 -0.5363426056598158
1875 -0.536350068102616
1876 -0.5363425954221449
1877 -0.5363500709450726
1878 -0.5363426101550574
1879 -0.536350074493146
1880 -0.5363425998682163
1881 -0.5363500642015513
1882 -0.5363426026691926
1883 -0.536350078868152
1884 -0.5363426061458025
1885 -0.5363500685314422
1886 -0.5363425957902992
1887 -0.5363500712482406
1888 -0.5363426103947122
1889 -0.5363500746661829
1890 -0.5363425999729248
1891 -0.5363500642367727
1892 -0.5363426026396318
1893 -0.5363500787684983
1894 -0.5363426059799065
1895 -0.5363500682997934
1896 -0.5363425954976279
1897 -0.5363500708919731
1898 -0.536342609984234
1899 -0.5363500742002473
1900 -0.5363425994574469
1901 -0.5363500636729222
1902 -0.5363426020372323
1903 -0.5363500781266004
1904 -0.5363426053067576
1905 -0.5363500675986524
1906 -0.5363425947761401
1907 -0.5363500701530913
1908 -0.5363426092359422
1909 -0.5363500734468093
1910 -0.5363425987050519
1911 -0.5363500629271223
1912 -0.5363426013028461
1913 -0.5363500774105425
1914 -0.536342604613009
1915 -0.5363500669334677
1916 -0.5363425941423422
1917 -0.5363500695586971
1918 -0.5363426086806263
1919 -0.5363500729381691
1920 -0.5363425982447815
1921 -0.5363500625211028
1922 -0.5363426009483365
1923 -0.5363500771161591
1924 -0.5363426043773197
1925 -0.5363500667594261
1926 -0.536342594028394
1927 -0.5363500695097738
1928 -0.5363426086913469
1929 -0.5363500730112426
1930 -0.5363425983791164
1931 -0.5363500627162536
1932 -0.5363426011987944
1933 -0.5363500774238816
1934 -0.5363426047386608
1935 -0.5363500671705154
1936 -0.5363425944859334
1937 -0.5363500700115721
1938 -0.5363426092313508
1939 -0.5363500735857206
1940 -0.5363425989846814
1941 -0.5363500633477013
1942 -0.5363426018505056
1943 -0.5363500780918962
1944 -0.5363426054178765
1945 -0.5363500678554814
1946 -0.5363425951715592
1947 -0.5363500706928505
1948 -0.536342609903194
1949 -0.5363500742434326
1950 -0.5363425996226456
1951 -0.536350063961832
1952 -0.5363426024368936
1953 -0.5363500786453196
1954 -0.5363426059340282
1955 -0.5363500683320394
1956 -0.5363425956046163
1957 -0.5363500710782563
1958 -0.5363426102405322
1959 -0.5363500745295872
1960 -0.5363425998547269
1961 -0.5363500641382924
1962 -0.5363426025598315
1963 -0.5363500787099459
1964 -0.536342605941764
1965 -0.5363500682829453
1966 -0.5363425955008884
1967 -0.536350070917227
1968 -0.5363426100286692
1969 -0.5363500742653414
1970 -0.5363425995415625
1971 -0.5363500637766777
1972 -0.5363426021573858
1973 -0.5363500782647123
1974 -0.5363426054601484
1975 -0.536350067767113
1976 -0.5363425949570899
1977 -0.5363500703466779
1978 -0.5363426094389877
1979 -0.5363500736589063
1980 -0.5363425989239818
1981 -0.5363500631517659
1982 -0.5363426015307784
1983 -0.5363500776406147
1984 -0.5363426048432383
1985 -0.5363500671621967
1986 -0.5363425943679111
1987 -0.5363500697791606
1988 -0.5363426088948564
1989 -0.5363500731441645
1990 -0.5363425984412187
1991 -0.536350062706202
1992 -0.5363426011217312
1993 -0.536350077275459
1994 -0.5363426045219319
1995 -0.5363500668882552
1996 -0.5363425941409172
1997 -0.5363500696043548
1998 -0.5363426087685476
1999 -0.5363500730700361
2000 -0.536342598418891
2001 -0.5363500627368629
2002 -0.5363426012010529
2003 -0.5363500774068455
2004 -0.5363426047026132
2005 -0.5363500671164078
2006 -0.5363425944139883
2007 -0.5363500699220694
2008 -0.5363426091256702
2009 -0.5363500734647172
2010 -0.5363425988487016
2011 -0.536350063198205
2012 -0.5363426016889963
2013 -0.5363500779191642
2014 -0.5363426052351805
2015 -0.5363500676646249
2016 -0.5363425949738339
2017 -0.536350070489641
2018 -0.5363426096962703
2019 -0.5363500740342845
2020 -0.5363425994128108
2021 -0.5363500637528591
2022 -0.5363426022303319
2023 -0.5363500784427598
2024 -0.5363426057370059
2025 -0.5363500681418366
2026 -0.5363425954226412
2027 -0.5363500709061376
2028 -0.5363426100789305
2029 -0.5363500743799814
2030 -0.5363425997182479
2031 -0.5363500640161027
2032 -0.5363426024517498
2033 -0.5363500786180309
2034 -0.5363426058659549
2035 -0.5363500682240171
2036 -0.5363425954584853
2037 -0.5363500708929654
2038 -0.5363426100208357
2039 -0.5363500742752498
2040 -0.5363425995684249
2041 -0.5363500638211421
2042 -0.5363426022171437
2043 -0.536350078341333
2044 -0.5363426055517251
2045 -0.5363500678736607
2046 -0.5363425950766779
2047 -0.53635007047981
2048 -0.5363426095829467
2049 -0.5363500738137388
2050 -0.5363425990878842
2051 -0.5363500633241126
2052 -0.5363426017092453
2053 -0.5363500778247771
2054 -0.5363426050312012
2055 -0.5363500673527681
2056 -0.5363425945594413
2057 -0.5363500699703471
2058 -0.5363426090842628
2059 -0.5363500733303032
2060 -0.5363425986227642
2061 -0.5363500628816367
2062 -0.5363426012903184
2063 -0.5363500774352619
2064 -0.5363426046721734
2065 -0.5363500670277219
2066 -0.536342594268966
2067 -0.5363500697193512
2068 -0.5363426088706903
2069 -0.5363500731580699
2070 -0.5363425984921881
2071 -0.5363500627948051
2072 -0.5363426012441695
2073 -0.5363500774338554
2074 -0.5363426047136444
2075 -0.5363500671117604
2076 -0.536342594393762
2077 -0.5363500698859981
2078 -0.5363426090748485
2079 -0.536350073399404
2080 -0.5363425987690201
2081 -0.5363500631050316
2082 -0.5363426015835508
2083 -0.5363500778016995
2084 -0.536342605106626
2085 -0.5363500675263588
2086 -0.5363425948267925
2087 -0.5363500703347704
2088 -0.536342609535099
2089 -0.5363500738679572
2090 -0.5363425992424583
2091 -0.5363500635798103
2092 -0.5363426020560087
2093 -0.5363500782683476
2094 -0.536342605563865
2095 -0.5363500679711841
2096 -0.5363425952557723
2097 -0.5363500707443893
2098 -0.5363426099232296
2099 -0.5363500742315809
2100 -0.5363425995783331
2101 -0.5363500638857327
2102 -0.5363426023312594
2103 -0.5363500785090712
2104 -0.5363426057689377
2105 -0.5363500681396806
2106 -0.5363425953870117
2107 -0.5363500708357266
2108 -0.5363426099769326
2109 -0.5363500742458219
2110 -0.5363425995532985
2111 -0.5363500638209683
2112 -0.536342602230433
2113 -0.5363500783695569
2114 -0.5363426055936684
2115 -0.5363500679294676
2116 -0.536342595145035
2117 -0.5363500705613924
2118 -0.5363426096755917
2119 -0.5363500739177556
2120 -0.5363425992019311
2121 -0.5363500634479083
2122 -0.5363426018407402
2123 -0.5363500779640428
2124 -0.5363426051765665
2125 -0.536350067503425
2126 -0.5363425947138762
2127 -0.5363500701277936
2128 -0.5363426092431643
2129 -0.5363500734896528
2130 -0.5363425987813013
2131 -0.536350063038169
2132 -0.536342601443855
2133 -0.5363500775843733
2134 -0.5363426048159503
2135 -0.5363500671650213
2136 -0.5363425943990293
2137 -0.5363500698407319
2138 -0.5363426089832363
2139 -0.5363500732605342
2140 -0.5363425985839079
2141 -0.5363500628749467
2142 -0.5363426013129734
2143 -0.536350077489942
2144 -0.5363426047569674
2145 -0.5363500671421607
2146 -0.5363425944112107
2147 -0.5363500698898845
2148 -0.536342609065997
2149 -0.5363500733776423
2150 -0.5363425987343212
2151 -0.5363500630577817
2152 -0.5363426015247101
2153 -0.536350077731091
2154 -0.5363426050249136
2155 -0.5363500674344915
2156 -0.5363425947254324
2157 -0.5363500702244539
2158 -0.5363426094171162
2159 -0.5363500737430986
2160 -0.536342599111521
2161 -0.5363500634438532
2162 -0.5363426019162851
2163 -0.5363500781256691
2164 -0.5363426054193757
2165 -0.5363500678259824
2166 -0.5363425951109678
2167 -0.5363500706010499
2168 -0.536342609782371
2169 -0.5363500740942534
2170 -0.5363425994456321
2171 -0.5363500637586242
2172 -0.5363426022103571
2173 -0.5363500783956886
2174 -0.5363426056637232
2175 -0.5363500680433547
2176 -0.5363425953000652
2177 -0.5363500707593269
2178 -0.5363426099107718
2179 -0.5363500741908873
2180 -0.536342599509808
2181 -0.5363500637895481
2182 -0.5363426022102352
2183 -0.5363500783619036
2184 -0.5363426055979092
2185 -0.5363500679458399
2186 -0.5363425951727615
2187 -0.5363500706012088
2188 -0.5363426097258918
2189 -0.5363500739789832
2190 -0.5363425992731853
2191 -0.5363500635291349
2192 -0.5363426019302586
2193 -0.5363500780622312
2194 -0.5363426052820579
2195 -0.536350067615705
2196 -0.5363425948316582
2197 -0.5363500702507171
2198 -0.5363426093697115
2199 -0.5363500736192136
2200 -0.5363425989127517
2201 -0.5363500631706331
2202 -0.5363426015762194
2203 -0.5363500777156858
2204 -0.5363426049452429
2205 -0.5363500672913153
2206 -0.5363425945215001
2207 -0.5363500699582061
2208 -0.5363426090952831
2209 -0.5363500733660476
2210 -0.536342598682193
2211 -0.5363500629651261
2212 -0.5363426013950132
2213 -0.5363500775625516
2214 -0.5363426048199401
2215 -0.5363500671950728
2216 -0.5363425944539021
2217 -0.5363500699215598
2218 -0.5363426090872008
2219 -0.5363500733879248
2220 -0.5363425987335486
2221 -0.5363500630459829
2222 -0.5363426015026069
2223 -0.536350077698207
2224 -0.5363426049816955
2225 -0.5363500673814977
2226 -0.5363425946631089
2227 -0.5363500701529843
2228 -0.5363426093375621
2229 -0.5363500736559198
2230 -0.5363425990172507
2231 -0.5363500633432661
2232 -0.5363426018104523
2233 -0.5363500780150638
2234 -0.5363426053049263
2235 -0.5363500677086184
2236 -0.5363425949915976
2237 -0.536350070480483
2238 -0.5363426096616063
2239 -0.5363500739741444
2240 -0.536342599327115
2241 -0.5363500636425591
2242 -0.5363426020974787
2243 -0.5363500782870212
2244 -0.5363426055599987
2245 -0.5363500679452734
2246 -0.5363425952082541
2247 -0.5363500706747697
2248 -0.53634260983355
2249 -0.5363500741218633
2250 -0.5363425994494266
2251 -0.5363500637384156
2252 -0.5363426021679771
2253 -0.5363500783296602
2254 -0.5363426055754418
2255 -0.5363500679334456
2256 -0.5363425951700853
2257 -0.5363500706089903
2258 -0.5363426097430343
2259 -0.536350074005989
2260 -0.5363425993095365
2261 -0.5363500635749225
2262 -0.5363426019841906
2263 -0.5363500781248541
2264 -0.5363426053523321
2265 -0.536350067693335
2266 -0.5363425949156281
2267 -0.5363500703409562
2268 -0.5363426094648525
2269 -0.5363500737189485
2270 -0.5363425990161427
2271 -0.536350063277077
2272 -0.5363426016845987
2273 -0.5363500778254491
2274 -0.5363426050554454
2275 -0.53635006740117
2276 -0.5363425946301792
2277 -0.5363500700648297
2278 -0.5363426091992282
2279 -0.5363500734664137
2280 -0.5363425987782812
2281 -0.536350063056121
2282 -0.536342601480656
2283 -0.5363500776417343
2284 -0.5363426048923263
2285 -0.5363500672601177
2286 -0.5363425945113374
2287 -0.5363500699705511
2288 -0.536342609128033
2289 -0.5363500734199974
2290 -0.5363425987566341
2291 -0.536350063059864
2292 -0.5363426015077807
2293 -0.5363500776940321
2294 -0.5363426049684413
2295 -0.53635006735941
2296 -0.53634259463246
2297 -0.5363500701136842
2298 -0.5363426092904516
2299 -0.5363500736011753
2300 -0.5363425989552006
2301 -0.5363500632744136
2302 -0.5363426017356842
2303 -0.5363500779345672
2304 -0.5363426052194307
2305 -0.5363500676188575
2306 -0.5363425948982858
2307 -0.536350070384185
2308 -0.5363426095632462
2309 -0.5363500738743782
2310 -0.5363425992267007
2311 -0.5363500635422315
2312 -0.5363426019979948
2313 -0.536350078189146
2314 -0.5363426054644559
2315 -0.5363500678527244
2316 -0.5363425951193505
2317 -0.5363500705903284
2318 -0.5363426097538879
2319 -0.5363500740477258
2320 -0.5363425993813563
2321 -0.5363500636769909
2322 -0.5363426021131569
2323 -0.5363500782824131
2324 -0.5363426055358121
2325 -0.5363500679017674
2326 -0.5363425951462947
2327 -0.5363500705937875
2328 -0.536342609735744
2329 -0.5363500740071317
2330 -0.5363425993189033
2331 -0.5363500635927012
2332 -0.5363426020094615
2333 -0.536350078158231
2334 -0.5363426053930868
2335 -0.5363500677413288
2336 -0.5363425949701189
2337 -0.5363500704020622
2338 -0.5363426095314234
2339 -0.5363500737908935
2340 -0.5363425990927322
2341 -0.5363500633579305
2342 -0.5363426017686833
2343 -0.5363500779125234
2344 -0.5363426051446518
2345 -0.5363500674919094
2346 -0.5363425947216768
2347 -0.5363500701564785
2348 -0.5363426092903055
2349 -0.5363500735562379
2350 -0.5363425988661842
2351 -0.5363500631414059
2352 -0.5363426015629028
2353 -0.5363500777200627
2354 -0.5363426049663087
2355 -0.5363500673291848
2356 -0.5363425945751373
2357 -0.5363500700283034
2358 -0.5363426091797974
2359 -0.5363500734651442
2360 -0.5363425987948663
2361 -0.5363500630908205
2362 -0.5363426015317421
2363 -0.5363500777102882
2364 -0.5363426049771099
2365 -0.5363500673605076
2366 -0.5363425946261234
2367 -0.5363500700996418
2368 -0.5363426092693366
2369 -0.5363500735729453
2370 -0.5363425989200254
2371 -0.5363500632325594
2372 -0.5363426016878602
2373 -0.5363500778807321
2374 -0.5363426051601347
2375 -0.5363500675546351
2376 -0.5363425948296799
2377 -0.5363500703115384
2378 -0.536342609487376
2379 -0.5363500737957491
2380 -0.5363425991458967
2381 -0.5363500634598477
2382 -0.5363426019147515
2383 -0.5363500781055796
2384 -0.5363426053812277
2385 -0.5363500677704307
2386 -0.5363425950386055
2387 -0.5363500705117888
2388 -0.5363426096779994
2389 -0.5363500739751166
2390 -0.5363425993125817
2391 -0.5363500636125899
2392 -0.5363426020533025
2393 -0.5363500782279063
2394 -0.5363426054868737
2395 -0.5363500678587588
2396 -0.5363425951093492
2397 -0.5363500705635414
2398 -0.5363426097118449
2399 -0.5363500739900785
2400 -0.5363425993087056
2401 -0.5363500635896118
2402 -0.5363426020128852
2403 -0.5363500781687927
2404 -0.5363426054103307
2405 -0.5363500677652321
2406 -0.5363425950001888
2407 -0.5363500704385319
2408 -0.5363426095733829
2409 -0.5363500738383996
2410 -0.5363425991452607
2411 -0.5363500634152707
2412 -0.5363426018299438
2413 -0.5363500779776877
2414 -0.5363426052129897
2415 -0.5363500675629879
2416 -0.5363425947948172
2417 -0.5363500702313023
2418 -0.5363426093660717
2419 -0.536350073632468
2420 -0.5363425989422743
2421 -0.5363500632167972
2422 -0.536342601637082
2423 -0.5363500777923829
2424 -0.5363426050362944
2425 -0.5363500673963058
2426 -0.5363425946389895
2427 -0.536350070088215
2428 -0.5363426092356481
2429 -0.5363500735163409
2430 -0.5363425988410701
2431 -0.5363500631316122
2432 -0.5363426015672231
2433 -0.5363500777397637
2434 -0.5363426050005656
2435 -0.5363500673778011
2436 -0.5363425946372732
2437 -0.5363500701042729
2438 -0.5363426092678967
2439 -0.5363500735652456
2440 -0.5363425989061176
2441 -0.5363500632125211
2442 -0.5363426016622321
2443 -0.5363500778493068
2444 -0.5363426051233054
2445 -0.5363500675127491
2446 -0.5363425947831318
2447 -0.5363500702604823
2448 -0.5363426094325067
2449 -0.5363500737373567
2450 -0.5363425990844122
2451 -0.5363500633957202
2452 -0.5363426018486307
2453 -0.5363500780378013
2454 -0.5363426053123652
2455 -0.536350067700997
2456 -0.5363425949691411
2457 -0.5363500704427985
2458 -0.5363426096099805
2459 -0.5363500739085838
2460 -0.5363425992480497
2461 -0.536350063550544
2462 -0.5363426019940405
2463 -0.53635007817207
2464 -0.5363426054347793
2465 -0.5363500678107743
2466 -0.536342595065722
2467 -0.5363500705248347
2468 -0.5363426096779493
2469 -0.5363500739614591
2470 -0.5363425992855116
2471 -0.5363500635721238
2472 -0.5363426020007637
2473 -0.5363500781626318
2474 -0.5363426054098978
2475 -0.5363500677705931
2476 -0.536342595011061
2477 -0.5363500704552134
2478 -0.5363426095951984
2479 -0.5363500738654968
2480 -0.5363425991773034
2481 -0.5363500634521733
